UNABLE TO OPEN FILE: <C:\BrAutomation\AS410\Help-en\Data\libraries/visapi/fbks/visapi_manual.html> for TOC doc <Help/Programming/Libraries/Visualization/VISAPI/Function blocks and functionsManual project control>, [Errno 2] No such file or directory: 'C:\\BrAutomation\\AS410\\Help-en\\Data\\libraries/visapi/fbks/visapi_manual.html'
UNABLE TO OPEN FILE: <C:\BrAutomation\AS410\Help-en\Data\librarysamples/libsamples/libsamples_datastorage_libdmlib.htm> for TOC doc <Help/Programming/Examples/Examples - Libraries/Data access and data storage/Data storage/User data in FlashPROM memory>, [Errno 2] No such file or directory: 'C:\\BrAutomation\\AS410\\Help-en\\Data\\librarysamples/libsamples/libsamples_datastorage_libdmlib.htm'
ERROR: Section or Page did not have required attributes
UNABLE TO OPEN FILE: <C:\BrAutomation\AS410\Help-en\Data\visualization/viscompvc4/languages/ref-language_inputmethod.html> for TOC doc <Help/Visualization/Visual Components VC4 Manual/Common visualization resources/Languages/Configuring languages/InputMethod>, [Errno 2] No such file or directory: 'C:\\BrAutomation\\AS410\\Help-en\\Data\\visualization/viscompvc4/languages/ref-language_inputmethod.html'
UNABLE TO OPEN FILE: <C:\BrAutomation\AS410\Help-en\Data\visualization/visuguide/styleguide32/style_areagrid32.html> for TOC doc <Help/Visualization/Style guide for visualizations/B&R default style - 32-bit/Screen areas/Layout>, [Errno 2] No such file or directory: 'C:\\BrAutomation\\AS410\\Help-en\\Data\\visualization/visuguide/styleguide32/style_areagrid32.html'
UNABLE TO OPEN FILE: <C:\BrAutomation\AS410\Help-en\Data\visualization/visuguide/styleguide32/style_navigation32.html> for TOC doc <Help/Visualization/Style guide for visualizations/B&R default style - 32-bit/Screen navigation>, [Errno 2] No such file or directory: 'C:\\BrAutomation\\AS410\\Help-en\\Data\\visualization/visuguide/styleguide32/style_navigation32.html'
UNABLE TO OPEN FILE: <C:\BrAutomation\AS410\Help-en\Data\libraries/asmc/gen/errasmc.html> for TOC doc <Help/Diagnostics and service/Error numbers/Library error numbers/AsMc>, [Errno 2] No such file or directory: 'C:\\BrAutomation\\AS410\\Help-en\\Data\\libraries/asmc/gen/errasmc.html'
UNABLE TO OPEN FILE: <C:\BrAutomation\AS410\Help-en\Data\libraries/dm_lib/gen/errdm_lib.html> for TOC doc <Help/Diagnostics and service/Error numbers/Library error numbers/DM_Lib>, [Errno 2] No such file or directory: 'C:\\BrAutomation\\AS410\\Help-en\\Data\\libraries/dm_lib/gen/errdm_lib.html'
UNABLE TO OPEN FILE: <C:\BrAutomation\AS410\Help-en\Data\libraries/fdd_lib/gen/errfdd_lib.html> for TOC doc <Help/Diagnostics and service/Error numbers/Library error numbers/FDD_Lib>, [Errno 2] No such file or directory: 'C:\\BrAutomation\\AS410\\Help-en\\Data\\libraries/fdd_lib/gen/errfdd_lib.html'
UNABLE TO OPEN FILE: <C:\BrAutomation\AS410\Help-en\Data\libraries/sram200x/gen/errsram200x.html> for TOC doc <Help/Diagnostics and service/Error numbers/Library error numbers/SRAM200x>, [Errno 2] No such file or directory: 'C:\\BrAutomation\\AS410\\Help-en\\Data\\libraries/sram200x/gen/errsram200x.html'
UNABLE TO OPEN FILE: <C:\BrAutomation\AS410\Help-en\Data\diagnostics_support/sys_error/files/6380-6399_index.html> for TOC doc <Help/Diagnostics and service/Error numbers/Automation Runtime system errors6380 - 6399 DMemory>, [Errno 2] No such file or directory: 'C:\\BrAutomation\\AS410\\Help-en\\Data\\diagnostics_support/sys_error/files/6380-6399_index.html'
UNABLE TO OPEN FILE: <C:\BrAutomation\AS410\Help-en\Data\diagnostics_support/sys_error/files/syserror_br2000_6380.htm> for TOC doc <Help/Diagnostics and service/Error numbers/Automation Runtime system errors/6380 - 6399 DMemory/6380>, [Errno 2] No such file or directory: 'C:\\BrAutomation\\AS410\\Help-en\\Data\\diagnostics_support/sys_error/files/syserror_br2000_6380.htm'
UNABLE TO OPEN FILE: <C:\BrAutomation\AS410\Help-en\Data\diagnostics_support/sys_error/files/syserror_br2000_6381.htm> for TOC doc <Help/Diagnostics and service/Error numbers/Automation Runtime system errors/6380 - 6399 DMemory/6381>, [Errno 2] No such file or directory: 'C:\\BrAutomation\\AS410\\Help-en\\Data\\diagnostics_support/sys_error/files/syserror_br2000_6381.htm'
UNABLE TO OPEN FILE: <C:\BrAutomation\AS410\Help-en\Data\diagnostics_support/sys_error/files/syserror_br2000_6382.htm> for TOC doc <Help/Diagnostics and service/Error numbers/Automation Runtime system errors/6380 - 6399 DMemory/6382>, [Errno 2] No such file or directory: 'C:\\BrAutomation\\AS410\\Help-en\\Data\\diagnostics_support/sys_error/files/syserror_br2000_6382.htm'
UNABLE TO OPEN FILE: <C:\BrAutomation\AS410\Help-en\Data\diagnostics_support/sys_error/files/syserror_br2000_6383.htm> for TOC doc <Help/Diagnostics and service/Error numbers/Automation Runtime system errors/6380 - 6399 DMemory/6383>, [Errno 2] No such file or directory: 'C:\\BrAutomation\\AS410\\Help-en\\Data\\diagnostics_support/sys_error/files/syserror_br2000_6383.htm'
UNABLE TO OPEN FILE: <C:\BrAutomation\AS410\Help-en\Data\diagnostics_support/sys_error/files/syserror_br2000_6384.htm> for TOC doc <Help/Diagnostics and service/Error numbers/Automation Runtime system errors/6380 - 6399 DMemory/6384>, [Errno 2] No such file or directory: 'C:\\BrAutomation\\AS410\\Help-en\\Data\\diagnostics_support/sys_error/files/syserror_br2000_6384.htm'
UNABLE TO OPEN FILE: <C:\BrAutomation\AS410\Help-en\Data\diagnostics_support/sys_error/files/syserror_br2000_6385.htm> for TOC doc <Help/Diagnostics and service/Error numbers/Automation Runtime system errors/6380 - 6399 DMemory/6385>, [Errno 2] No such file or directory: 'C:\\BrAutomation\\AS410\\Help-en\\Data\\diagnostics_support/sys_error/files/syserror_br2000_6385.htm'
UNABLE TO OPEN FILE: <C:\BrAutomation\AS410\Help-en\Data\diagnostics_support/sys_error/files/syserror_br2000_6386.htm> for TOC doc <Help/Diagnostics and service/Error numbers/Automation Runtime system errors/6380 - 6399 DMemory/6386>, [Errno 2] No such file or directory: 'C:\\BrAutomation\\AS410\\Help-en\\Data\\diagnostics_support/sys_error/files/syserror_br2000_6386.htm'
UNABLE TO OPEN FILE: <C:\BrAutomation\AS410\Help-en\Data\diagnostics_support/sys_error/files/syserror_br2000_6387.htm> for TOC doc <Help/Diagnostics and service/Error numbers/Automation Runtime system errors/6380 - 6399 DMemory/6387>, [Errno 2] No such file or directory: 'C:\\BrAutomation\\AS410\\Help-en\\Data\\diagnostics_support/sys_error/files/syserror_br2000_6387.htm'
UNABLE TO OPEN FILE: <C:\BrAutomation\AS410\Help-en\Data\diagnostics_support/sys_error/files/syserror_br2000_6388.htm> for TOC doc <Help/Diagnostics and service/Error numbers/Automation Runtime system errors/6380 - 6399 DMemory/6388>, [Errno 2] No such file or directory: 'C:\\BrAutomation\\AS410\\Help-en\\Data\\diagnostics_support/sys_error/files/syserror_br2000_6388.htm'
UNABLE TO OPEN FILE: <C:\BrAutomation\AS410\Help-en\Data\diagnostics_support/sys_error/files/syserror_br2000_6389.htm> for TOC doc <Help/Diagnostics and service/Error numbers/Automation Runtime system errors/6380 - 6399 DMemory/6389>, [Errno 2] No such file or directory: 'C:\\BrAutomation\\AS410\\Help-en\\Data\\diagnostics_support/sys_error/files/syserror_br2000_6389.htm'
UNABLE TO OPEN FILE: <C:\BrAutomation\AS410\Help-en\Data\diagnostics_support/sys_error/files/syserror_br2000_6390.htm> for TOC doc <Help/Diagnostics and service/Error numbers/Automation Runtime system errors/6380 - 6399 DMemory/6390>, [Errno 2] No such file or directory: 'C:\\BrAutomation\\AS410\\Help-en\\Data\\diagnostics_support/sys_error/files/syserror_br2000_6390.htm'
UNABLE TO OPEN FILE: <C:\BrAutomation\AS410\Help-en\Data\diagnostics_support/sys_error/files/syserror_br2000_6391.htm> for TOC doc <Help/Diagnostics and service/Error numbers/Automation Runtime system errors/6380 - 6399 DMemory/6391>, [Errno 2] No such file or directory: 'C:\\BrAutomation\\AS410\\Help-en\\Data\\diagnostics_support/sys_error/files/syserror_br2000_6391.htm'
UNABLE TO OPEN FILE: <C:\BrAutomation\AS410\Help-en\Data\diagnostics_support/sys_error/files/syserror_br2000_6392.htm> for TOC doc <Help/Diagnostics and service/Error numbers/Automation Runtime system errors/6380 - 6399 DMemory/6392>, [Errno 2] No such file or directory: 'C:\\BrAutomation\\AS410\\Help-en\\Data\\diagnostics_support/sys_error/files/syserror_br2000_6392.htm'
UNABLE TO OPEN FILE: <C:\BrAutomation\AS410\Help-en\Data\diagnostics_support/sys_error/files/syserror_br2000_6393.htm> for TOC doc <Help/Diagnostics and service/Error numbers/Automation Runtime system errors/6380 - 6399 DMemory/6393>, [Errno 2] No such file or directory: 'C:\\BrAutomation\\AS410\\Help-en\\Data\\diagnostics_support/sys_error/files/syserror_br2000_6393.htm'
UNABLE TO OPEN FILE: <C:\BrAutomation\AS410\Help-en\Data\diagnostics_support/sys_error/files/syserror_br2000_6394.htm> for TOC doc <Help/Diagnostics and service/Error numbers/Automation Runtime system errors/6380 - 6399 DMemory/6394>, [Errno 2] No such file or directory: 'C:\\BrAutomation\\AS410\\Help-en\\Data\\diagnostics_support/sys_error/files/syserror_br2000_6394.htm'
UNABLE TO OPEN FILE: <C:\BrAutomation\AS410\Help-en\Data\diagnostics_support/sys_error/files/syserror_br2000_6395.htm> for TOC doc <Help/Diagnostics and service/Error numbers/Automation Runtime system errors/6380 - 6399 DMemory/6395>, [Errno 2] No such file or directory: 'C:\\BrAutomation\\AS410\\Help-en\\Data\\diagnostics_support/sys_error/files/syserror_br2000_6395.htm'
UNABLE TO OPEN FILE: <C:\BrAutomation\AS410\Help-en\Data\diagnostics_support/sys_error/files/syserror_br2000_6396.htm> for TOC doc <Help/Diagnostics and service/Error numbers/Automation Runtime system errors/6380 - 6399 DMemory/6396>, [Errno 2] No such file or directory: 'C:\\BrAutomation\\AS410\\Help-en\\Data\\diagnostics_support/sys_error/files/syserror_br2000_6396.htm'
UNABLE TO OPEN FILE: <C:\BrAutomation\AS410\Help-en\Data\diagnostics_support/sys_error/files/syserror_br2000_6397.htm> for TOC doc <Help/Diagnostics and service/Error numbers/Automation Runtime system errors/6380 - 6399 DMemory/6397>, [Errno 2] No such file or directory: 'C:\\BrAutomation\\AS410\\Help-en\\Data\\diagnostics_support/sys_error/files/syserror_br2000_6397.htm'
UNABLE TO OPEN FILE: <C:\BrAutomation\AS410\Help-en\Data\diagnostics_support/sys_error/files/syserror_br2000_6398.htm> for TOC doc <Help/Diagnostics and service/Error numbers/Automation Runtime system errors/6380 - 6399 DMemory/6398>, [Errno 2] No such file or directory: 'C:\\BrAutomation\\AS410\\Help-en\\Data\\diagnostics_support/sys_error/files/syserror_br2000_6398.htm'
UNABLE TO OPEN FILE: <C:\BrAutomation\AS410\Help-en\Data\diagnostics_support/sys_error/files/8800-8879_index.html> for TOC doc <Help/Diagnostics and service/Error numbers/Automation Runtime system errors8800 - 8879 CAN / FBCAN>, [Errno 2] No such file or directory: 'C:\\BrAutomation\\AS410\\Help-en\\Data\\diagnostics_support/sys_error/files/8800-8879_index.html'
UNABLE TO OPEN FILE: <C:\BrAutomation\AS410\Help-en\Data\diagnostics_support/sys_error/files/8880-8899_index.html> for TOC doc <Help/Diagnostics and service/Error numbers/Automation Runtime system errors8880 - 8899 Firewall>, [Errno 2] No such file or directory: 'C:\\BrAutomation\\AS410\\Help-en\\Data\\diagnostics_support/sys_error/files/8880-8899_index.html'
UNABLE TO OPEN FILE: <C:\BrAutomation\AS410\Help-en\Data\diagnostics_support/sys_error/files/21020-21027_index.html> for TOC doc <Help/Diagnostics and service/Error numbers/Automation Runtime system errors21020 - 21027 Library SRAM>, [Errno 2] No such file or directory: 'C:\\BrAutomation\\AS410\\Help-en\\Data\\diagnostics_support/sys_error/files/21020-21027_index.html'
UNABLE TO OPEN FILE: <C:\BrAutomation\AS410\Help-en\Data\diagnostics_support/sys_error/files/syserror_br2000_21020.htm> for TOC doc <Help/Diagnostics and service/Error numbers/Automation Runtime system errors/21020 - 21027 Library SRAM/21020>, [Errno 2] No such file or directory: 'C:\\BrAutomation\\AS410\\Help-en\\Data\\diagnostics_support/sys_error/files/syserror_br2000_21020.htm'
UNABLE TO OPEN FILE: <C:\BrAutomation\AS410\Help-en\Data\diagnostics_support/sys_error/files/syserror_br2000_21021.htm> for TOC doc <Help/Diagnostics and service/Error numbers/Automation Runtime system errors/21020 - 21027 Library SRAM/21021>, [Errno 2] No such file or directory: 'C:\\BrAutomation\\AS410\\Help-en\\Data\\diagnostics_support/sys_error/files/syserror_br2000_21021.htm'
UNABLE TO OPEN FILE: <C:\BrAutomation\AS410\Help-en\Data\diagnostics_support/sys_error/files/syserror_br2000_21022.htm> for TOC doc <Help/Diagnostics and service/Error numbers/Automation Runtime system errors/21020 - 21027 Library SRAM/21022>, [Errno 2] No such file or directory: 'C:\\BrAutomation\\AS410\\Help-en\\Data\\diagnostics_support/sys_error/files/syserror_br2000_21022.htm'
UNABLE TO OPEN FILE: <C:\BrAutomation\AS410\Help-en\Data\diagnostics_support/sys_error/files/syserror_br2000_21023.htm> for TOC doc <Help/Diagnostics and service/Error numbers/Automation Runtime system errors/21020 - 21027 Library SRAM/21023>, [Errno 2] No such file or directory: 'C:\\BrAutomation\\AS410\\Help-en\\Data\\diagnostics_support/sys_error/files/syserror_br2000_21023.htm'
UNABLE TO OPEN FILE: <C:\BrAutomation\AS410\Help-en\Data\diagnostics_support/sys_error/files/syserror_br2000_21024.htm> for TOC doc <Help/Diagnostics and service/Error numbers/Automation Runtime system errors/21020 - 21027 Library SRAM/21024>, [Errno 2] No such file or directory: 'C:\\BrAutomation\\AS410\\Help-en\\Data\\diagnostics_support/sys_error/files/syserror_br2000_21024.htm'
UNABLE TO OPEN FILE: <C:\BrAutomation\AS410\Help-en\Data\diagnostics_support/sys_error/files/syserror_br2000_21026.htm> for TOC doc <Help/Diagnostics and service/Error numbers/Automation Runtime system errors/21020 - 21027 Library SRAM/21026>, [Errno 2] No such file or directory: 'C:\\BrAutomation\\AS410\\Help-en\\Data\\diagnostics_support/sys_error/files/syserror_br2000_21026.htm'
UNABLE TO OPEN FILE: <C:\BrAutomation\AS410\Help-en\Data\diagnostics_support/sys_error/files/syserror_br2000_21027.htm> for TOC doc <Help/Diagnostics and service/Error numbers/Automation Runtime system errors/21020 - 21027 Library SRAM/21027>, [Errno 2] No such file or directory: 'C:\\BrAutomation\\AS410\\Help-en\\Data\\diagnostics_support/sys_error/files/syserror_br2000_21027.htm'
UNABLE TO OPEN FILE: <C:\BrAutomation\AS410\Help-en\Data\diagnostics_support/sys_error/files/28800-28819_index.html> for TOC doc <Help/Diagnostics and service/Error numbers/Automation Runtime system errors28800 - 28819 MemCard image>, [Errno 2] No such file or directory: 'C:\\BrAutomation\\AS410\\Help-en\\Data\\diagnostics_support/sys_error/files/28800-28819_index.html'
UNABLE TO OPEN FILE: <C:\BrAutomation\AS410\Help-en\Data\diagnostics_support/sys_error/files/syserror_br2000_28800.htm> for TOC doc <Help/Diagnostics and service/Error numbers/Automation Runtime system errors/28800 - 28819 MemCard image/28800>, [Errno 2] No such file or directory: 'C:\\BrAutomation\\AS410\\Help-en\\Data\\diagnostics_support/sys_error/files/syserror_br2000_28800.htm'
UNABLE TO OPEN FILE: <C:\BrAutomation\AS410\Help-en\Data\diagnostics_support/sys_error/files/syserror_br2000_28801.htm> for TOC doc <Help/Diagnostics and service/Error numbers/Automation Runtime system errors/28800 - 28819 MemCard image/28801>, [Errno 2] No such file or directory: 'C:\\BrAutomation\\AS410\\Help-en\\Data\\diagnostics_support/sys_error/files/syserror_br2000_28801.htm'
UNABLE TO OPEN FILE: <C:\BrAutomation\AS410\Help-en\Data\diagnostics_support/sys_error/files/syserror_br2000_28802.htm> for TOC doc <Help/Diagnostics and service/Error numbers/Automation Runtime system errors/28800 - 28819 MemCard image/28802>, [Errno 2] No such file or directory: 'C:\\BrAutomation\\AS410\\Help-en\\Data\\diagnostics_support/sys_error/files/syserror_br2000_28802.htm'
UNABLE TO OPEN FILE: <C:\BrAutomation\AS410\Help-en\Data\diagnostics_support/sys_error/files/syserror_br2000_28803.htm> for TOC doc <Help/Diagnostics and service/Error numbers/Automation Runtime system errors/28800 - 28819 MemCard image/28803>, [Errno 2] No such file or directory: 'C:\\BrAutomation\\AS410\\Help-en\\Data\\diagnostics_support/sys_error/files/syserror_br2000_28803.htm'
UNABLE TO OPEN FILE: <C:\BrAutomation\AS410\Help-en\Data\diagnostics_support/sys_error/files/syserror_br2000_28804.htm> for TOC doc <Help/Diagnostics and service/Error numbers/Automation Runtime system errors/28800 - 28819 MemCard image/28804>, [Errno 2] No such file or directory: 'C:\\BrAutomation\\AS410\\Help-en\\Data\\diagnostics_support/sys_error/files/syserror_br2000_28804.htm'
UNABLE TO OPEN FILE: <C:\BrAutomation\AS410\Help-en\Data\diagnostics_support/sys_error/files/syserror_br2000_28805.htm> for TOC doc <Help/Diagnostics and service/Error numbers/Automation Runtime system errors/28800 - 28819 MemCard image/28805>, [Errno 2] No such file or directory: 'C:\\BrAutomation\\AS410\\Help-en\\Data\\diagnostics_support/sys_error/files/syserror_br2000_28805.htm'
UNABLE TO OPEN FILE: <C:\BrAutomation\AS410\Help-en\Data\diagnostics_support/sys_error/files/syserror_br2000_28806.htm> for TOC doc <Help/Diagnostics and service/Error numbers/Automation Runtime system errors/28800 - 28819 MemCard image/28806>, [Errno 2] No such file or directory: 'C:\\BrAutomation\\AS410\\Help-en\\Data\\diagnostics_support/sys_error/files/syserror_br2000_28806.htm'
UNABLE TO OPEN FILE: <C:\BrAutomation\AS410\Help-en\Data\diagnostics_support/sys_error/files/syserror_br2000_28807.htm> for TOC doc <Help/Diagnostics and service/Error numbers/Automation Runtime system errors/28800 - 28819 MemCard image/28807>, [Errno 2] No such file or directory: 'C:\\BrAutomation\\AS410\\Help-en\\Data\\diagnostics_support/sys_error/files/syserror_br2000_28807.htm'
UNABLE TO OPEN FILE: <C:\BrAutomation\AS410\Help-en\Data\diagnostics_support/sys_error/files/syserror_br2000_28808.htm> for TOC doc <Help/Diagnostics and service/Error numbers/Automation Runtime system errors/28800 - 28819 MemCard image/28808>, [Errno 2] No such file or directory: 'C:\\BrAutomation\\AS410\\Help-en\\Data\\diagnostics_support/sys_error/files/syserror_br2000_28808.htm'
UNABLE TO OPEN FILE: <C:\BrAutomation\AS410\Help-en\Data\diagnostics_support/sys_error/files/syserror_br2000_28809.htm> for TOC doc <Help/Diagnostics and service/Error numbers/Automation Runtime system errors/28800 - 28819 MemCard image/28809>, [Errno 2] No such file or directory: 'C:\\BrAutomation\\AS410\\Help-en\\Data\\diagnostics_support/sys_error/files/syserror_br2000_28809.htm'
UNABLE TO OPEN FILE: <C:\BrAutomation\AS410\Help-en\Data\diagnostics_support/sys_error/files/syserror_br2000_28819.htm> for TOC doc <Help/Diagnostics and service/Error numbers/Automation Runtime system errors/28800 - 28819 MemCard image/28819>, [Errno 2] No such file or directory: 'C:\\BrAutomation\\AS410\\Help-en\\Data\\diagnostics_support/sys_error/files/syserror_br2000_28819.htm'
UNABLE TO OPEN FILE: <C:\BrAutomation\AS410\Help-en\Data\diagnostics_support/sys_error/files/29070-29099_index.html> for TOC doc <Help/Diagnostics and service/Error numbers/Automation Runtime system errors29070 - 29099 Asmc>, [Errno 2] No such file or directory: 'C:\\BrAutomation\\AS410\\Help-en\\Data\\diagnostics_support/sys_error/files/29070-29099_index.html'
UNABLE TO OPEN FILE: <C:\BrAutomation\AS410\Help-en\Data\diagnostics_support/sys_error/files/syserror_br2000_29070.htm> for TOC doc <Help/Diagnostics and service/Error numbers/Automation Runtime system errors/29070 - 29099 Asmc/29070>, [Errno 2] No such file or directory: 'C:\\BrAutomation\\AS410\\Help-en\\Data\\diagnostics_support/sys_error/files/syserror_br2000_29070.htm'
UNABLE TO OPEN FILE: <C:\BrAutomation\AS410\Help-en\Data\diagnostics_support/sys_error/files/syserror_br2000_29071.htm> for TOC doc <Help/Diagnostics and service/Error numbers/Automation Runtime system errors/29070 - 29099 Asmc/29071>, [Errno 2] No such file or directory: 'C:\\BrAutomation\\AS410\\Help-en\\Data\\diagnostics_support/sys_error/files/syserror_br2000_29071.htm'
UNABLE TO OPEN FILE: <C:\BrAutomation\AS410\Help-en\Data\diagnostics_support/sys_error/files/35050-35099_index.html> for TOC doc <Help/Diagnostics and service/Error numbers/Automation Runtime system errors35050 - 35099 Library AsSound>, [Errno 2] No such file or directory: 'C:\\BrAutomation\\AS410\\Help-en\\Data\\diagnostics_support/sys_error/files/35050-35099_index.html'
UNABLE TO OPEN FILE: <C:\BrAutomation\AS410\Help-en\Data\diagnostics_support/sys_error/files/syserror_br2000_35050.htm> for TOC doc <Help/Diagnostics and service/Error numbers/Automation Runtime system errors/35050 - 35099 Library AsSound/35050>, [Errno 2] No such file or directory: 'C:\\BrAutomation\\AS410\\Help-en\\Data\\diagnostics_support/sys_error/files/syserror_br2000_35050.htm'
UNABLE TO OPEN FILE: <C:\BrAutomation\AS410\Help-en\Data\diagnostics_support/sys_error/files/syserror_br2000_35051.htm> for TOC doc <Help/Diagnostics and service/Error numbers/Automation Runtime system errors/35050 - 35099 Library AsSound/35051>, [Errno 2] No such file or directory: 'C:\\BrAutomation\\AS410\\Help-en\\Data\\diagnostics_support/sys_error/files/syserror_br2000_35051.htm'
UNABLE TO OPEN FILE: <C:\BrAutomation\AS410\Help-en\Data\diagnostics_support/sys_error/files/syserror_br2000_35052.htm> for TOC doc <Help/Diagnostics and service/Error numbers/Automation Runtime system errors/35050 - 35099 Library AsSound/35052>, [Errno 2] No such file or directory: 'C:\\BrAutomation\\AS410\\Help-en\\Data\\diagnostics_support/sys_error/files/syserror_br2000_35052.htm'
UNABLE TO OPEN FILE: <C:\BrAutomation\AS410\Help-en\Data\diagnostics_support/sys_error/files/syserror_br2000_35053.htm> for TOC doc <Help/Diagnostics and service/Error numbers/Automation Runtime system errors/35050 - 35099 Library AsSound/35053>, [Errno 2] No such file or directory: 'C:\\BrAutomation\\AS410\\Help-en\\Data\\diagnostics_support/sys_error/files/syserror_br2000_35053.htm'
UNABLE TO OPEN FILE: <C:\BrAutomation\AS410\Help-en\Data\diagnostics_support/sys_error/files/syserror_br2000_35054.htm> for TOC doc <Help/Diagnostics and service/Error numbers/Automation Runtime system errors/35050 - 35099 Library AsSound/35054>, [Errno 2] No such file or directory: 'C:\\BrAutomation\\AS410\\Help-en\\Data\\diagnostics_support/sys_error/files/syserror_br2000_35054.htm'
UNABLE TO OPEN FILE: <C:\BrAutomation\AS410\Help-en\Data\diagnostics_support/sys_error/files/syserror_br2000_35055.htm> for TOC doc <Help/Diagnostics and service/Error numbers/Automation Runtime system errors/35050 - 35099 Library AsSound/35055>, [Errno 2] No such file or directory: 'C:\\BrAutomation\\AS410\\Help-en\\Data\\diagnostics_support/sys_error/files/syserror_br2000_35055.htm'
UNABLE TO OPEN FILE: <C:\BrAutomation\AS410\Help-en\Data\diagnostics_support/sys_error/files/syserror_br2000_35056.htm> for TOC doc <Help/Diagnostics and service/Error numbers/Automation Runtime system errors/35050 - 35099 Library AsSound/35056>, [Errno 2] No such file or directory: 'C:\\BrAutomation\\AS410\\Help-en\\Data\\diagnostics_support/sys_error/files/syserror_br2000_35056.htm'
UNABLE TO OPEN FILE: <C:\BrAutomation\AS410\Help-en\Data\diagnostics_support/sys_error/files/syserror_br2000_35057.htm> for TOC doc <Help/Diagnostics and service/Error numbers/Automation Runtime system errors/35050 - 35099 Library AsSound/35057>, [Errno 2] No such file or directory: 'C:\\BrAutomation\\AS410\\Help-en\\Data\\diagnostics_support/sys_error/files/syserror_br2000_35057.htm'
UNABLE TO OPEN FILE: <C:\BrAutomation\AS410\Help-en\Data\diagnostics_support/sys_error/files/syserror_br2000_35058.htm> for TOC doc <Help/Diagnostics and service/Error numbers/Automation Runtime system errors/35050 - 35099 Library AsSound/35058>, [Errno 2] No such file or directory: 'C:\\BrAutomation\\AS410\\Help-en\\Data\\diagnostics_support/sys_error/files/syserror_br2000_35058.htm'
UNABLE TO OPEN FILE: <C:\BrAutomation\AS410\Help-en\Data\diagnostics_support/sys_error/files/syserror_br2000_36132.html> for TOC doc <Help/Diagnostics and service/Error numbers/Automation Runtime system errors/36100 - 36199 Library AsSafety/36132>, [Errno 2] No such file or directory: 'C:\\BrAutomation\\AS410\\Help-en\\Data\\diagnostics_support/sys_error/files/syserror_br2000_36132.html'
UNABLE TO OPEN FILE: <C:\BrAutomation\AS410\Help-en\Data\diagnostics_support/sys_error/files/1076900053-1076900053_index.html> for TOC doc <Help/Diagnostics and service/Error numbers/Automation Runtime system errors1076900053 - 1076900053 Firewall>, [Errno 2] No such file or directory: 'C:\\BrAutomation\\AS410\\Help-en\\Data\\diagnostics_support/sys_error/files/1076900053-1076900053_index.html'
UNABLE TO OPEN FILE: <C:\BrAutomation\AS410\Help-en\Data\diagnostics_support/sys_error/files/-2144325420--2144325417_index.html> for TOC doc <Help/Diagnostics and service/Error numbers/Automation Runtime system errors-2144325420 - -2144325417 Firewall>, [Errno 2] No such file or directory: 'C:\\BrAutomation\\AS410\\Help-en\\Data\\diagnostics_support/sys_error/files/-2144325420--2144325417_index.html'
UNABLE TO OPEN FILE: <C:\BrAutomation\AS410\Help-en\Data\diagnostics_support/sys_error/files/-1070585596--1070584597_index.html> for TOC doc <Help/Diagnostics and service/Error numbers/Automation Runtime system errors-1070585596 - -1070584647 AR system>, [Errno 2] No such file or directory: 'C:\\BrAutomation\\AS410\\Help-en\\Data\\diagnostics_support/sys_error/files/-1070585596--1070584597_index.html'
ERROR: Section or Page did not have required attributes
UNABLE TO OPEN FILE: <C:\BrAutomation\AS410\Help-en\Data\diagnostics_support/errors/analyseproject/build_error_9281.html> for TOC doc <Help/Diagnostics and service/Error numbers/AS build/AnalyseProject/9281>, [Errno 2] No such file or directory: 'C:\\BrAutomation\\AS410\\Help-en\\Data\\diagnostics_support/errors/analyseproject/build_error_9281.html'
UNABLE TO OPEN FILE: <C:\BrAutomation\AS410\Help-en\Data\diagnostics_support/errors/analyseproject/build_error_9282.html> for TOC doc <Help/Diagnostics and service/Error numbers/AS build/AnalyseProject/9282>, [Errno 2] No such file or directory: 'C:\\BrAutomation\\AS410\\Help-en\\Data\\diagnostics_support/errors/analyseproject/build_error_9282.html'
UNABLE TO OPEN FILE: <C:\BrAutomation\AS410\Help-en\Data\diagnostics_support/errors/configurationbuilder/build_error_9828.html> for TOC doc <Help/Diagnostics and service/Error numbers/AS build/ConfigurationBuilder/9828>, [Errno 2] No such file or directory: 'C:\\BrAutomation\\AS410\\Help-en\\Data\\diagnostics_support/errors/configurationbuilder/build_error_9828.html'
UNABLE TO OPEN FILE: <C:\BrAutomation\AS410\Help-en\Data\diagnostics_support/errors/configurationbuilder/build_error_9832.html> for TOC doc <Help/Diagnostics and service/Error numbers/AS build/ConfigurationBuilder/9832>, [Errno 2] No such file or directory: 'C:\\BrAutomation\\AS410\\Help-en\\Data\\diagnostics_support/errors/configurationbuilder/build_error_9832.html'
UNABLE TO OPEN FILE: <C:\BrAutomation\AS410\Help-en\Data\diagnostics_support/errors/opcuapubsubbuilder/build_error_5938.html> for TOC doc <Help/Diagnostics and service/Error numbers/AS build/OPC UA PubSub Builder/5938>, [Errno 2] No such file or directory: 'C:\\BrAutomation\\AS410\\Help-en\\Data\\diagnostics_support/errors/opcuapubsubbuilder/build_error_5938.html'
UNABLE TO OPEN FILE: <C:\BrAutomation\AS410\Help-en\Data\communication/opc/opc/gettingstarted_opc.htm> for TOC doc <Help/Communication/OPCCreating an OPC configuration in Automation Studio>, [Errno 2] No such file or directory: 'C:\\BrAutomation\\AS410\\Help-en\\Data\\communication/opc/opc/gettingstarted_opc.htm'
UNABLE TO OPEN FILE: <C:\BrAutomation\AS410\Help-en\Data\automationnet/pviservices/classreference/br.an.pviservices~br.an.brlicenseinfo.callbackfindbripc.html> for TOC doc <Help/Communication/PVI Services/BR.AN Namespace/BR.AN Namespace/BRLicenseInfo Class/BRLicenseInfoMethods/BRLicenseInfo.CallBackFindBRIpc Method>, [Errno 2] No such file or directory: 'C:\\BrAutomation\\AS410\\Help-en\\Data\\automationnet/pviservices/classreference/br.an.pviservices~br.an.brlicenseinfo.callbackfindbripc.html'
UNABLE TO OPEN FILE: <C:\BrAutomation\AS410\Help-en\Data\automationnet/pviservices/classreference/br.an.pviservices~br.an.brlicenseinfo.callbackfindkeys.html> for TOC doc <Help/Communication/PVI Services/BR.AN Namespace/BR.AN Namespace/BRLicenseInfo Class/BRLicenseInfoMethods/BRLicenseInfo.CallBackFindKeys Method>, [Errno 2] No such file or directory: 'C:\\BrAutomation\\AS410\\Help-en\\Data\\automationnet/pviservices/classreference/br.an.pviservices~br.an.brlicenseinfo.callbackfindkeys.html'
UNABLE TO OPEN FILE: <C:\BrAutomation\AS410\Help-en\Data\automationnet/pviservices/classreference/br.an.pviservices~br.an.brlicenseinfo.callbackfindlicmodules.html> for TOC doc <Help/Communication/PVI Services/BR.AN Namespace/BR.AN Namespace/BRLicenseInfo Class/BRLicenseInfoMethods/BRLicenseInfo.CallBackFindLicModules Method>, [Errno 2] No such file or directory: 'C:\\BrAutomation\\AS410\\Help-en\\Data\\automationnet/pviservices/classreference/br.an.pviservices~br.an.brlicenseinfo.callbackfindlicmodules.html'
UNABLE TO OPEN FILE: <C:\BrAutomation\AS410\Help-en\Data\automationnet/pviservices/classreference/br.an.pviservices~br.an.brlicenseinfo.oncbfindbripc.html> for TOC doc <Help/Communication/PVI Services/BR.AN Namespace/BR.AN Namespace/BRLicenseInfo Class/BRLicenseInfoMethods/BRLicenseInfo.OnCBFindBRIPc Method>, [Errno 2] No such file or directory: 'C:\\BrAutomation\\AS410\\Help-en\\Data\\automationnet/pviservices/classreference/br.an.pviservices~br.an.brlicenseinfo.oncbfindbripc.html'
UNABLE TO OPEN FILE: <C:\BrAutomation\AS410\Help-en\Data\automationnet/pviservices/classreference/br.an.pviservices~br.an.brlicenseinfo.oncbfindkeys.html> for TOC doc <Help/Communication/PVI Services/BR.AN Namespace/BR.AN Namespace/BRLicenseInfo Class/BRLicenseInfoMethods/BRLicenseInfo.OnCBFindKeys Method>, [Errno 2] No such file or directory: 'C:\\BrAutomation\\AS410\\Help-en\\Data\\automationnet/pviservices/classreference/br.an.pviservices~br.an.brlicenseinfo.oncbfindkeys.html'
UNABLE TO OPEN FILE: <C:\BrAutomation\AS410\Help-en\Data\automationnet/pviservices/classreference/br.an.pviservices~br.an.pviservices.ar000.updatedeviceparameters.html> for TOC doc <Help/Communication/PVI Services/BR.AN Namespace/BR.AN.PviServices Namespace/AR000 Class/AR000Methods/AR000.UpdateDeviceParameters Method>, [Errno 2] No such file or directory: 'C:\\BrAutomation\\AS410\\Help-en\\Data\\automationnet/pviservices/classreference/br.an.pviservices~br.an.pviservices.ar000.updatedeviceparameters.html'
UNABLE TO OPEN FILE: <C:\BrAutomation\AS410\Help-en\Data\automationnet/pviservices/classreference/br.an.pviservices~br.an.pviservices.arraydimension~fields.html> for TOC doc <Help/Communication/PVI Services/BR.AN Namespace/BR.AN.PviServices Namespace/ArrayDimension ClassArrayDimensionFields>, [Errno 2] No such file or directory: 'C:\\BrAutomation\\AS410\\Help-en\\Data\\automationnet/pviservices/classreference/br.an.pviservices~br.an.pviservices.arraydimension~fields.html'
UNABLE TO OPEN FILE: <C:\BrAutomation\AS410\Help-en\Data\automationnet/pviservices/classreference/br.an.pviservices~br.an.pviservices.arraydimension.propendidx.html> for TOC doc <Help/Communication/PVI Services/BR.AN Namespace/BR.AN.PviServices Namespace/ArrayDimension Class/ArrayDimensionFields/ArrayDimension.propEndIdx Field>, [Errno 2] No such file or directory: 'C:\\BrAutomation\\AS410\\Help-en\\Data\\automationnet/pviservices/classreference/br.an.pviservices~br.an.pviservices.arraydimension.propendidx.html'
UNABLE TO OPEN FILE: <C:\BrAutomation\AS410\Help-en\Data\automationnet/pviservices/classreference/br.an.pviservices~br.an.pviservices.arraydimension.propstartidx.html> for TOC doc <Help/Communication/PVI Services/BR.AN Namespace/BR.AN.PviServices Namespace/ArrayDimension Class/ArrayDimensionFields/ArrayDimension.propStartIdx Field>, [Errno 2] No such file or directory: 'C:\\BrAutomation\\AS410\\Help-en\\Data\\automationnet/pviservices/classreference/br.an.pviservices~br.an.pviservices.arraydimension.propstartidx.html'
UNABLE TO OPEN FILE: <C:\BrAutomation\AS410\Help-en\Data\automationnet/pviservices/classreference/br.an.pviservices~br.an.pviservices.base~fields.html> for TOC doc <Help/Communication/PVI Services/BR.AN Namespace/BR.AN.PviServices Namespace/Base ClassBaseFields>, [Errno 2] No such file or directory: 'C:\\BrAutomation\\AS410\\Help-en\\Data\\automationnet/pviservices/classreference/br.an.pviservices~br.an.pviservices.base~fields.html'
UNABLE TO OPEN FILE: <C:\BrAutomation\AS410\Help-en\Data\automationnet/pviservices/classreference/br.an.pviservices~br.an.pviservices.base.propconnectiontype.html> for TOC doc <Help/Communication/PVI Services/BR.AN Namespace/BR.AN.PviServices Namespace/Base Class/BaseFields/Base.propConnectionType Field>, [Errno 2] No such file or directory: 'C:\\BrAutomation\\AS410\\Help-en\\Data\\automationnet/pviservices/classreference/br.an.pviservices~br.an.pviservices.base.propconnectiontype.html'
UNABLE TO OPEN FILE: <C:\BrAutomation\AS410\Help-en\Data\automationnet/pviservices/classreference/br.an.pviservices~br.an.pviservices.base.prophaslinkobject.html> for TOC doc <Help/Communication/PVI Services/BR.AN Namespace/BR.AN.PviServices Namespace/Base Class/BaseFields/Base.propHasLinkObject Field>, [Errno 2] No such file or directory: 'C:\\BrAutomation\\AS410\\Help-en\\Data\\automationnet/pviservices/classreference/br.an.pviservices~br.an.pviservices.base.prophaslinkobject.html'
UNABLE TO OPEN FILE: <C:\BrAutomation\AS410\Help-en\Data\automationnet/pviservices/classreference/br.an.pviservices~br.an.pviservices.base.propnodisconnectedevent.html> for TOC doc <Help/Communication/PVI Services/BR.AN Namespace/BR.AN.PviServices Namespace/Base Class/BaseFields/Base.propNoDisconnectedEvent Field>, [Errno 2] No such file or directory: 'C:\\BrAutomation\\AS410\\Help-en\\Data\\automationnet/pviservices/classreference/br.an.pviservices~br.an.pviservices.base.propnodisconnectedevent.html'
UNABLE TO OPEN FILE: <C:\BrAutomation\AS410\Help-en\Data\automationnet/pviservices/classreference/br.an.pviservices~br.an.pviservices.base.propreturnvalue.html> for TOC doc <Help/Communication/PVI Services/BR.AN Namespace/BR.AN.PviServices Namespace/Base Class/BaseFields/Base.propReturnValue Field>, [Errno 2] No such file or directory: 'C:\\BrAutomation\\AS410\\Help-en\\Data\\automationnet/pviservices/classreference/br.an.pviservices~br.an.pviservices.base.propreturnvalue.html'
UNABLE TO OPEN FILE: <C:\BrAutomation\AS410\Help-en\Data\automationnet/pviservices/classreference/br.an.pviservices~br.an.pviservices.base.call_connected.html> for TOC doc <Help/Communication/PVI Services/BR.AN Namespace/BR.AN.PviServices Namespace/Base Class/BaseMethods/Base.Call_Connected Method>, [Errno 2] No such file or directory: 'C:\\BrAutomation\\AS410\\Help-en\\Data\\automationnet/pviservices/classreference/br.an.pviservices~br.an.pviservices.base.call_connected.html'
UNABLE TO OPEN FILE: <C:\BrAutomation\AS410\Help-en\Data\automationnet/pviservices/classreference/br.an.pviservices~br.an.pviservices.base.finalize.html> for TOC doc <Help/Communication/PVI Services/BR.AN Namespace/BR.AN.PviServices Namespace/Base Class/BaseMethods/Base.Finalize Method>, [Errno 2] No such file or directory: 'C:\\BrAutomation\\AS410\\Help-en\\Data\\automationnet/pviservices/classreference/br.an.pviservices~br.an.pviservices.base.finalize.html'
UNABLE TO OPEN FILE: <C:\BrAutomation\AS410\Help-en\Data\automationnet/pviservices/classreference/br.an.pviservices~br.an.pviservices.base.fire_connected~overloads.html> for TOC doc <Help/Communication/PVI Services/BR.AN Namespace/BR.AN.PviServices Namespace/Base Class/BaseMethodsBase.Fire_Connected Method>, [Errno 2] No such file or directory: 'C:\\BrAutomation\\AS410\\Help-en\\Data\\automationnet/pviservices/classreference/br.an.pviservices~br.an.pviservices.base.fire_connected~overloads.html'
UNABLE TO OPEN FILE: <C:\BrAutomation\AS410\Help-en\Data\automationnet/pviservices/classreference/br.an.pviservices~br.an.pviservices.base.fire_connected1.html> for TOC doc <Help/Communication/PVI Services/BR.AN Namespace/BR.AN.PviServices Namespace/Base Class/BaseMethods/Base.Fire_Connected Method/Base.Fire_Connected(PviEventArgs) Method>, [Errno 2] No such file or directory: 'C:\\BrAutomation\\AS410\\Help-en\\Data\\automationnet/pviservices/classreference/br.an.pviservices~br.an.pviservices.base.fire_connected1.html'
UNABLE TO OPEN FILE: <C:\BrAutomation\AS410\Help-en\Data\automationnet/pviservices/classreference/br.an.pviservices~br.an.pviservices.base.fire_connected2.html> for TOC doc <Help/Communication/PVI Services/BR.AN Namespace/BR.AN.PviServices Namespace/Base Class/BaseMethods/Base.Fire_Connected Method/Base.Fire_Connected(Object, PviEventArgs) Method>, [Errno 2] No such file or directory: 'C:\\BrAutomation\\AS410\\Help-en\\Data\\automationnet/pviservices/classreference/br.an.pviservices~br.an.pviservices.base.fire_connected2.html'
UNABLE TO OPEN FILE: <C:\BrAutomation\AS410\Help-en\Data\automationnet/pviservices/classreference/br.an.pviservices~br.an.pviservices.base.getconnectiondescription.html> for TOC doc <Help/Communication/PVI Services/BR.AN Namespace/BR.AN.PviServices Namespace/Base Class/BaseMethods/Base.GetConnectionDescription Method>, [Errno 2] No such file or directory: 'C:\\BrAutomation\\AS410\\Help-en\\Data\\automationnet/pviservices/classreference/br.an.pviservices~br.an.pviservices.base.getconnectiondescription.html'
UNABLE TO OPEN FILE: <C:\BrAutomation\AS410\Help-en\Data\automationnet/pviservices/classreference/br.an.pviservices~br.an.pviservices.base.getlinkdescription.html> for TOC doc <Help/Communication/PVI Services/BR.AN Namespace/BR.AN.PviServices Namespace/Base Class/BaseMethods/Base.getLinkDescription Method>, [Errno 2] No such file or directory: 'C:\\BrAutomation\\AS410\\Help-en\\Data\\automationnet/pviservices/classreference/br.an.pviservices~br.an.pviservices.base.getlinkdescription.html'
UNABLE TO OPEN FILE: <C:\BrAutomation\AS410\Help-en\Data\automationnet/pviservices/classreference/br.an.pviservices~br.an.pviservices.base.onconnected.html> for TOC doc <Help/Communication/PVI Services/BR.AN Namespace/BR.AN.PviServices Namespace/Base Class/BaseMethods/Base.OnConnected Method>, [Errno 2] No such file or directory: 'C:\\BrAutomation\\AS410\\Help-en\\Data\\automationnet/pviservices/classreference/br.an.pviservices~br.an.pviservices.base.onconnected.html'
UNABLE TO OPEN FILE: <C:\BrAutomation\AS410\Help-en\Data\automationnet/pviservices/classreference/br.an.pviservices~br.an.pviservices.base.onconnectionchanged.html> for TOC doc <Help/Communication/PVI Services/BR.AN Namespace/BR.AN.PviServices Namespace/Base Class/BaseMethods/Base.OnConnectionChanged Method>, [Errno 2] No such file or directory: 'C:\\BrAutomation\\AS410\\Help-en\\Data\\automationnet/pviservices/classreference/br.an.pviservices~br.an.pviservices.base.onconnectionchanged.html'
UNABLE TO OPEN FILE: <C:\BrAutomation\AS410\Help-en\Data\automationnet/pviservices/classreference/br.an.pviservices~br.an.pviservices.base.ondeleted.html> for TOC doc <Help/Communication/PVI Services/BR.AN Namespace/BR.AN.PviServices Namespace/Base Class/BaseMethods/Base.OnDeleted Method>, [Errno 2] No such file or directory: 'C:\\BrAutomation\\AS410\\Help-en\\Data\\automationnet/pviservices/classreference/br.an.pviservices~br.an.pviservices.base.ondeleted.html'
UNABLE TO OPEN FILE: <C:\BrAutomation\AS410\Help-en\Data\automationnet/pviservices/classreference/br.an.pviservices~br.an.pviservices.base.ondisconnected.html> for TOC doc <Help/Communication/PVI Services/BR.AN Namespace/BR.AN.PviServices Namespace/Base Class/BaseMethods/Base.OnDisconnected Method>, [Errno 2] No such file or directory: 'C:\\BrAutomation\\AS410\\Help-en\\Data\\automationnet/pviservices/classreference/br.an.pviservices~br.an.pviservices.base.ondisconnected.html'
UNABLE TO OPEN FILE: <C:\BrAutomation\AS410\Help-en\Data\automationnet/pviservices/classreference/br.an.pviservices~br.an.pviservices.base.onerror~overloads.html> for TOC doc <Help/Communication/PVI Services/BR.AN Namespace/BR.AN.PviServices Namespace/Base Class/BaseMethodsBase.OnError Method>, [Errno 2] No such file or directory: 'C:\\BrAutomation\\AS410\\Help-en\\Data\\automationnet/pviservices/classreference/br.an.pviservices~br.an.pviservices.base.onerror~overloads.html'
UNABLE TO OPEN FILE: <C:\BrAutomation\AS410\Help-en\Data\automationnet/pviservices/classreference/br.an.pviservices~br.an.pviservices.base.onerror1.html> for TOC doc <Help/Communication/PVI Services/BR.AN Namespace/BR.AN.PviServices Namespace/Base Class/BaseMethods/Base.OnError Method/Base.OnError(PviEventArgs) Method>, [Errno 2] No such file or directory: 'C:\\BrAutomation\\AS410\\Help-en\\Data\\automationnet/pviservices/classreference/br.an.pviservices~br.an.pviservices.base.onerror1.html'
UNABLE TO OPEN FILE: <C:\BrAutomation\AS410\Help-en\Data\automationnet/pviservices/classreference/br.an.pviservices~br.an.pviservices.base.onerror2.html> for TOC doc <Help/Communication/PVI Services/BR.AN Namespace/BR.AN.PviServices Namespace/Base Class/BaseMethods/Base.OnError Method/Base.OnError(Object, PviEventArgs) Method>, [Errno 2] No such file or directory: 'C:\\BrAutomation\\AS410\\Help-en\\Data\\automationnet/pviservices/classreference/br.an.pviservices~br.an.pviservices.base.onerror2.html'
UNABLE TO OPEN FILE: <C:\BrAutomation\AS410\Help-en\Data\automationnet/pviservices/classreference/br.an.pviservices~br.an.pviservices.base.onlinked.html> for TOC doc <Help/Communication/PVI Services/BR.AN Namespace/BR.AN.PviServices Namespace/Base Class/BaseMethods/Base.OnLinked Method>, [Errno 2] No such file or directory: 'C:\\BrAutomation\\AS410\\Help-en\\Data\\automationnet/pviservices/classreference/br.an.pviservices~br.an.pviservices.base.onlinked.html'
UNABLE TO OPEN FILE: <C:\BrAutomation\AS410\Help-en\Data\automationnet/pviservices/classreference/br.an.pviservices~br.an.pviservices.base.onpropertychanged.html> for TOC doc <Help/Communication/PVI Services/BR.AN Namespace/BR.AN.PviServices Namespace/Base Class/BaseMethods/Base.OnPropertyChanged Method>, [Errno 2] No such file or directory: 'C:\\BrAutomation\\AS410\\Help-en\\Data\\automationnet/pviservices/classreference/br.an.pviservices~br.an.pviservices.base.onpropertychanged.html'
UNABLE TO OPEN FILE: <C:\BrAutomation\AS410\Help-en\Data\automationnet/pviservices/classreference/br.an.pviservices~br.an.pviservices.base.onsingleerror.html> for TOC doc <Help/Communication/PVI Services/BR.AN Namespace/BR.AN.PviServices Namespace/Base Class/BaseMethods/Base.OnSingleError Method>, [Errno 2] No such file or directory: 'C:\\BrAutomation\\AS410\\Help-en\\Data\\automationnet/pviservices/classreference/br.an.pviservices~br.an.pviservices.base.onsingleerror.html'
UNABLE TO OPEN FILE: <C:\BrAutomation\AS410\Help-en\Data\automationnet/pviservices/classreference/br.an.pviservices~br.an.pviservices.basecollection.oncollectionconnected.html> for TOC doc <Help/Communication/PVI Services/BR.AN Namespace/BR.AN.PviServices Namespace/BaseCollection Class/BaseCollectionMethods/BaseCollection.OnCollectionConnected Method>, [Errno 2] No such file or directory: 'C:\\BrAutomation\\AS410\\Help-en\\Data\\automationnet/pviservices/classreference/br.an.pviservices~br.an.pviservices.basecollection.oncollectionconnected.html'
UNABLE TO OPEN FILE: <C:\BrAutomation\AS410\Help-en\Data\automationnet/pviservices/classreference/br.an.pviservices~br.an.pviservices.basecollection.oncollectiondisconnected.html> for TOC doc <Help/Communication/PVI Services/BR.AN Namespace/BR.AN.PviServices Namespace/BaseCollection Class/BaseCollectionMethods/BaseCollection.OnCollectionDisconnected Method>, [Errno 2] No such file or directory: 'C:\\BrAutomation\\AS410\\Help-en\\Data\\automationnet/pviservices/classreference/br.an.pviservices~br.an.pviservices.basecollection.oncollectiondisconnected.html'
UNABLE TO OPEN FILE: <C:\BrAutomation\AS410\Help-en\Data\automationnet/pviservices/classreference/br.an.pviservices~br.an.pviservices.basecollection.oncollectionerror.html> for TOC doc <Help/Communication/PVI Services/BR.AN Namespace/BR.AN.PviServices Namespace/BaseCollection Class/BaseCollectionMethods/BaseCollection.OnCollectionError Method>, [Errno 2] No such file or directory: 'C:\\BrAutomation\\AS410\\Help-en\\Data\\automationnet/pviservices/classreference/br.an.pviservices~br.an.pviservices.basecollection.oncollectionerror.html'
UNABLE TO OPEN FILE: <C:\BrAutomation\AS410\Help-en\Data\automationnet/pviservices/classreference/br.an.pviservices~br.an.pviservices.basecollection.onconnected.html> for TOC doc <Help/Communication/PVI Services/BR.AN Namespace/BR.AN.PviServices Namespace/BaseCollection Class/BaseCollectionMethods/BaseCollection.OnConnected Method>, [Errno 2] No such file or directory: 'C:\\BrAutomation\\AS410\\Help-en\\Data\\automationnet/pviservices/classreference/br.an.pviservices~br.an.pviservices.basecollection.onconnected.html'
UNABLE TO OPEN FILE: <C:\BrAutomation\AS410\Help-en\Data\automationnet/pviservices/classreference/br.an.pviservices~br.an.pviservices.basecollection.ondisconnected.html> for TOC doc <Help/Communication/PVI Services/BR.AN Namespace/BR.AN.PviServices Namespace/BaseCollection Class/BaseCollectionMethods/BaseCollection.OnDisconnected Method>, [Errno 2] No such file or directory: 'C:\\BrAutomation\\AS410\\Help-en\\Data\\automationnet/pviservices/classreference/br.an.pviservices~br.an.pviservices.basecollection.ondisconnected.html'
UNABLE TO OPEN FILE: <C:\BrAutomation\AS410\Help-en\Data\automationnet/pviservices/classreference/br.an.pviservices~br.an.pviservices.basecollection.onerror.html> for TOC doc <Help/Communication/PVI Services/BR.AN Namespace/BR.AN.PviServices Namespace/BaseCollection Class/BaseCollectionMethods/BaseCollection.OnError Method>, [Errno 2] No such file or directory: 'C:\\BrAutomation\\AS410\\Help-en\\Data\\automationnet/pviservices/classreference/br.an.pviservices~br.an.pviservices.basecollection.onerror.html'
UNABLE TO OPEN FILE: <C:\BrAutomation\AS410\Help-en\Data\automationnet/pviservices/classreference/br.an.pviservices~br.an.pviservices.basecollection.onuploaded.html> for TOC doc <Help/Communication/PVI Services/BR.AN Namespace/BR.AN.PviServices Namespace/BaseCollection Class/BaseCollectionMethods/BaseCollection.OnUploaded Method>, [Errno 2] No such file or directory: 'C:\\BrAutomation\\AS410\\Help-en\\Data\\automationnet/pviservices/classreference/br.an.pviservices~br.an.pviservices.basecollection.onuploaded.html'
UNABLE TO OPEN FILE: <C:\BrAutomation\AS410\Help-en\Data\automationnet/pviservices/classreference/br.an.pviservices~br.an.pviservices.can.updatecpuparameters.html> for TOC doc <Help/Communication/PVI Services/BR.AN Namespace/BR.AN.PviServices Namespace/Can Class/CanMethods/Can.UpdateCpuParameters Method>, [Errno 2] No such file or directory: 'C:\\BrAutomation\\AS410\\Help-en\\Data\\automationnet/pviservices/classreference/br.an.pviservices~br.an.pviservices.can.updatecpuparameters.html'
UNABLE TO OPEN FILE: <C:\BrAutomation\AS410\Help-en\Data\automationnet/pviservices/classreference/br.an.pviservices~br.an.pviservices.can.updatedeviceparameters.html> for TOC doc <Help/Communication/PVI Services/BR.AN Namespace/BR.AN.PviServices Namespace/Can Class/CanMethods/Can.UpdateDeviceParameters Method>, [Errno 2] No such file or directory: 'C:\\BrAutomation\\AS410\\Help-en\\Data\\automationnet/pviservices/classreference/br.an.pviservices~br.an.pviservices.can.updatedeviceparameters.html'
UNABLE TO OPEN FILE: <C:\BrAutomation\AS410\Help-en\Data\automationnet/pviservices/classreference/br.an.pviservices~br.an.pviservices.connection.connectionparameter.html> for TOC doc <Help/Communication/PVI Services/BR.AN Namespace/BR.AN.PviServices Namespace/Connection Class/ConnectionProperties/Connection.ConnectionParameter Property>, [Errno 2] No such file or directory: 'C:\\BrAutomation\\AS410\\Help-en\\Data\\automationnet/pviservices/classreference/br.an.pviservices~br.an.pviservices.connection.connectionparameter.html'
UNABLE TO OPEN FILE: <C:\BrAutomation\AS410\Help-en\Data\automationnet/pviservices/classreference/br.an.pviservices~br.an.pviservices.connection.devicename.html> for TOC doc <Help/Communication/PVI Services/BR.AN Namespace/BR.AN.PviServices Namespace/Connection Class/ConnectionProperties/Connection.DeviceName Property>, [Errno 2] No such file or directory: 'C:\\BrAutomation\\AS410\\Help-en\\Data\\automationnet/pviservices/classreference/br.an.pviservices~br.an.pviservices.connection.devicename.html'
UNABLE TO OPEN FILE: <C:\BrAutomation\AS410\Help-en\Data\automationnet/pviservices/classreference/br.an.pviservices~br.an.pviservices.connection.deviceparameter.html> for TOC doc <Help/Communication/PVI Services/BR.AN Namespace/BR.AN.PviServices Namespace/Connection Class/ConnectionProperties/Connection.DeviceParameter Property>, [Errno 2] No such file or directory: 'C:\\BrAutomation\\AS410\\Help-en\\Data\\automationnet/pviservices/classreference/br.an.pviservices~br.an.pviservices.connection.deviceparameter.html'
UNABLE TO OPEN FILE: <C:\BrAutomation\AS410\Help-en\Data\automationnet/pviservices/classreference/br.an.pviservices~br.an.pviservices.connection.linename.html> for TOC doc <Help/Communication/PVI Services/BR.AN Namespace/BR.AN.PviServices Namespace/Connection Class/ConnectionProperties/Connection.LineName Property>, [Errno 2] No such file or directory: 'C:\\BrAutomation\\AS410\\Help-en\\Data\\automationnet/pviservices/classreference/br.an.pviservices~br.an.pviservices.connection.linename.html'
UNABLE TO OPEN FILE: <C:\BrAutomation\AS410\Help-en\Data\automationnet/pviservices/classreference/br.an.pviservices~br.an.pviservices.connection.stationname.html> for TOC doc <Help/Communication/PVI Services/BR.AN Namespace/BR.AN.PviServices Namespace/Connection Class/ConnectionProperties/Connection.StationName Property>, [Errno 2] No such file or directory: 'C:\\BrAutomation\\AS410\\Help-en\\Data\\automationnet/pviservices/classreference/br.an.pviservices~br.an.pviservices.connection.stationname.html'
UNABLE TO OPEN FILE: <C:\BrAutomation\AS410\Help-en\Data\automationnet/pviservices/classreference/br.an.pviservices~br.an.pviservices.connection.connect~overloads.html> for TOC doc <Help/Communication/PVI Services/BR.AN Namespace/BR.AN.PviServices Namespace/Connection Class/ConnectionMethodsConnection.Connect Method>, [Errno 2] No such file or directory: 'C:\\BrAutomation\\AS410\\Help-en\\Data\\automationnet/pviservices/classreference/br.an.pviservices~br.an.pviservices.connection.connect~overloads.html'
UNABLE TO OPEN FILE: <C:\BrAutomation\AS410\Help-en\Data\automationnet/pviservices/classreference/br.an.pviservices~br.an.pviservices.connection.disconnect~overloads.html> for TOC doc <Help/Communication/PVI Services/BR.AN Namespace/BR.AN.PviServices Namespace/Connection Class/ConnectionMethodsConnection.Disconnect Method>, [Errno 2] No such file or directory: 'C:\\BrAutomation\\AS410\\Help-en\\Data\\automationnet/pviservices/classreference/br.an.pviservices~br.an.pviservices.connection.disconnect~overloads.html'
UNABLE TO OPEN FILE: <C:\BrAutomation\AS410\Help-en\Data\automationnet/pviservices/classreference/br.an.pviservices~br.an.pviservices.connection.setdevicename.html> for TOC doc <Help/Communication/PVI Services/BR.AN Namespace/BR.AN.PviServices Namespace/Connection Class/ConnectionMethods/Connection.SetDEVICEName Method>, [Errno 2] No such file or directory: 'C:\\BrAutomation\\AS410\\Help-en\\Data\\automationnet/pviservices/classreference/br.an.pviservices~br.an.pviservices.connection.setdevicename.html'
UNABLE TO OPEN FILE: <C:\BrAutomation\AS410\Help-en\Data\automationnet/pviservices/classreference/br.an.pviservices~br.an.pviservices.connection.setstationname.html> for TOC doc <Help/Communication/PVI Services/BR.AN Namespace/BR.AN.PviServices Namespace/Connection Class/ConnectionMethods/Connection.SetSTATIONName Method>, [Errno 2] No such file or directory: 'C:\\BrAutomation\\AS410\\Help-en\\Data\\automationnet/pviservices/classreference/br.an.pviservices~br.an.pviservices.connection.setstationname.html'
UNABLE TO OPEN FILE: <C:\BrAutomation\AS410\Help-en\Data\automationnet/pviservices/classreference/br.an.pviservices~br.an.pviservices.cpu.dispose.html> for TOC doc <Help/Communication/PVI Services/BR.AN Namespace/BR.AN.PviServices Namespace/Cpu Class/CpuMethods/Cpu.Dispose Method>, [Errno 2] No such file or directory: 'C:\\BrAutomation\\AS410\\Help-en\\Data\\automationnet/pviservices/classreference/br.an.pviservices~br.an.pviservices.cpu.dispose.html'
UNABLE TO OPEN FILE: <C:\BrAutomation\AS410\Help-en\Data\automationnet/pviservices/classreference/br.an.pviservices~br.an.pviservices.cpu.finalize.html> for TOC doc <Help/Communication/PVI Services/BR.AN Namespace/BR.AN.PviServices Namespace/Cpu Class/CpuMethods/Cpu.Finalize Method>, [Errno 2] No such file or directory: 'C:\\BrAutomation\\AS410\\Help-en\\Data\\automationnet/pviservices/classreference/br.an.pviservices~br.an.pviservices.cpu.finalize.html'
UNABLE TO OPEN FILE: <C:\BrAutomation\AS410\Help-en\Data\automationnet/pviservices/classreference/br.an.pviservices~br.an.pviservices.cpucollection.item1.html> for TOC doc <Help/Communication/PVI Services/BR.AN Namespace/BR.AN.PviServices Namespace/CpuCollection Class/CpuCollectionProperties/CpuCollection.Item Property>, [Errno 2] No such file or directory: 'C:\\BrAutomation\\AS410\\Help-en\\Data\\automationnet/pviservices/classreference/br.an.pviservices~br.an.pviservices.cpucollection.item1.html'
UNABLE TO OPEN FILE: <C:\BrAutomation\AS410\Help-en\Data\automationnet/pviservices/classreference/br.an.pviservices~br.an.pviservices.cpucollection.add~overloads.html> for TOC doc <Help/Communication/PVI Services/BR.AN Namespace/BR.AN.PviServices Namespace/CpuCollection Class/CpuCollectionMethodsCpuCollection.Add Method>, [Errno 2] No such file or directory: 'C:\\BrAutomation\\AS410\\Help-en\\Data\\automationnet/pviservices/classreference/br.an.pviservices~br.an.pviservices.cpucollection.add~overloads.html'
UNABLE TO OPEN FILE: <C:\BrAutomation\AS410\Help-en\Data\automationnet/pviservices/classreference/br.an.pviservices~br.an.pviservices.cpucollection.connect~overloads.html> for TOC doc <Help/Communication/PVI Services/BR.AN Namespace/BR.AN.PviServices Namespace/CpuCollection Class/CpuCollectionMethodsCpuCollection.Connect Method>, [Errno 2] No such file or directory: 'C:\\BrAutomation\\AS410\\Help-en\\Data\\automationnet/pviservices/classreference/br.an.pviservices~br.an.pviservices.cpucollection.connect~overloads.html'
UNABLE TO OPEN FILE: <C:\BrAutomation\AS410\Help-en\Data\automationnet/pviservices/classreference/br.an.pviservices~br.an.pviservices.derivationbase~fields.html> for TOC doc <Help/Communication/PVI Services/BR.AN Namespace/BR.AN.PviServices Namespace/DerivationBase ClassDerivationBaseFields>, [Errno 2] No such file or directory: 'C:\\BrAutomation\\AS410\\Help-en\\Data\\automationnet/pviservices/classreference/br.an.pviservices~br.an.pviservices.derivationbase~fields.html'
UNABLE TO OPEN FILE: <C:\BrAutomation\AS410\Help-en\Data\automationnet/pviservices/classreference/br.an.pviservices~br.an.pviservices.derivationbase.propderivedfrom.html> for TOC doc <Help/Communication/PVI Services/BR.AN Namespace/BR.AN.PviServices Namespace/DerivationBase Class/DerivationBaseFields/DerivationBase.propDerivedFrom Field>, [Errno 2] No such file or directory: 'C:\\BrAutomation\\AS410\\Help-en\\Data\\automationnet/pviservices/classreference/br.an.pviservices~br.an.pviservices.derivationbase.propderivedfrom.html'
UNABLE TO OPEN FILE: <C:\BrAutomation\AS410\Help-en\Data\automationnet/pviservices/classreference/br.an.pviservices~br.an.pviservices.devicebase~fields.html> for TOC doc <Help/Communication/PVI Services/BR.AN Namespace/BR.AN.PviServices Namespace/DeviceBase ClassDeviceBaseFields>, [Errno 2] No such file or directory: 'C:\\BrAutomation\\AS410\\Help-en\\Data\\automationnet/pviservices/classreference/br.an.pviservices~br.an.pviservices.devicebase~fields.html'
UNABLE TO OPEN FILE: <C:\BrAutomation\AS410\Help-en\Data\automationnet/pviservices/classreference/br.an.pviservices~br.an.pviservices.devicebase.propinterfacename.html> for TOC doc <Help/Communication/PVI Services/BR.AN Namespace/BR.AN.PviServices Namespace/DeviceBase Class/DeviceBaseFields/DeviceBase.propInterfaceName Field>, [Errno 2] No such file or directory: 'C:\\BrAutomation\\AS410\\Help-en\\Data\\automationnet/pviservices/classreference/br.an.pviservices~br.an.pviservices.devicebase.propinterfacename.html'
UNABLE TO OPEN FILE: <C:\BrAutomation\AS410\Help-en\Data\automationnet/pviservices/classreference/br.an.pviservices~br.an.pviservices.devicebase.propintervaltimeout.html> for TOC doc <Help/Communication/PVI Services/BR.AN Namespace/BR.AN.PviServices Namespace/DeviceBase Class/DeviceBaseFields/DeviceBase.propIntervalTimeout Field>, [Errno 2] No such file or directory: 'C:\\BrAutomation\\AS410\\Help-en\\Data\\automationnet/pviservices/classreference/br.an.pviservices~br.an.pviservices.devicebase.propintervaltimeout.html'
UNABLE TO OPEN FILE: <C:\BrAutomation\AS410\Help-en\Data\automationnet/pviservices/classreference/br.an.pviservices~br.an.pviservices.devicebase.propknowncpuparameters.html> for TOC doc <Help/Communication/PVI Services/BR.AN Namespace/BR.AN.PviServices Namespace/DeviceBase Class/DeviceBaseFields/DeviceBase.propKnownCpuParameters Field>, [Errno 2] No such file or directory: 'C:\\BrAutomation\\AS410\\Help-en\\Data\\automationnet/pviservices/classreference/br.an.pviservices~br.an.pviservices.devicebase.propknowncpuparameters.html'
UNABLE TO OPEN FILE: <C:\BrAutomation\AS410\Help-en\Data\automationnet/pviservices/classreference/br.an.pviservices~br.an.pviservices.devicebase.propknowndeviceparameters.html> for TOC doc <Help/Communication/PVI Services/BR.AN Namespace/BR.AN.PviServices Namespace/DeviceBase Class/DeviceBaseFields/DeviceBase.propKnownDeviceParameters Field>, [Errno 2] No such file or directory: 'C:\\BrAutomation\\AS410\\Help-en\\Data\\automationnet/pviservices/classreference/br.an.pviservices~br.an.pviservices.devicebase.propknowndeviceparameters.html'
UNABLE TO OPEN FILE: <C:\BrAutomation\AS410\Help-en\Data\automationnet/pviservices/classreference/br.an.pviservices~br.an.pviservices.devicebase.knowncpuparameters.html> for TOC doc <Help/Communication/PVI Services/BR.AN Namespace/BR.AN.PviServices Namespace/DeviceBase Class/DeviceBaseProperties/DeviceBase.KnownCpuParameters Property>, [Errno 2] No such file or directory: 'C:\\BrAutomation\\AS410\\Help-en\\Data\\automationnet/pviservices/classreference/br.an.pviservices~br.an.pviservices.devicebase.knowncpuparameters.html'
UNABLE TO OPEN FILE: <C:\BrAutomation\AS410\Help-en\Data\automationnet/pviservices/classreference/br.an.pviservices~br.an.pviservices.devicebase.knowndeviceparameters.html> for TOC doc <Help/Communication/PVI Services/BR.AN Namespace/BR.AN.PviServices Namespace/DeviceBase Class/DeviceBaseProperties/DeviceBase.KnownDeviceParameters Property>, [Errno 2] No such file or directory: 'C:\\BrAutomation\\AS410\\Help-en\\Data\\automationnet/pviservices/classreference/br.an.pviservices~br.an.pviservices.devicebase.knowndeviceparameters.html'
UNABLE TO OPEN FILE: <C:\BrAutomation\AS410\Help-en\Data\automationnet/pviservices/classreference/br.an.pviservices~br.an.pviservices.devicebase.unknowncpuparameters.html> for TOC doc <Help/Communication/PVI Services/BR.AN Namespace/BR.AN.PviServices Namespace/DeviceBase Class/DeviceBaseProperties/DeviceBase.UnknownCpuParameters Property>, [Errno 2] No such file or directory: 'C:\\BrAutomation\\AS410\\Help-en\\Data\\automationnet/pviservices/classreference/br.an.pviservices~br.an.pviservices.devicebase.unknowncpuparameters.html'
UNABLE TO OPEN FILE: <C:\BrAutomation\AS410\Help-en\Data\automationnet/pviservices/classreference/br.an.pviservices~br.an.pviservices.devicebase.unknowndeviceparameters.html> for TOC doc <Help/Communication/PVI Services/BR.AN Namespace/BR.AN.PviServices Namespace/DeviceBase Class/DeviceBaseProperties/DeviceBase.UnknownDeviceParameters Property>, [Errno 2] No such file or directory: 'C:\\BrAutomation\\AS410\\Help-en\\Data\\automationnet/pviservices/classreference/br.an.pviservices~br.an.pviservices.devicebase.unknowndeviceparameters.html'
UNABLE TO OPEN FILE: <C:\BrAutomation\AS410\Help-en\Data\automationnet/pviservices/classreference/br.an.pviservices~br.an.pviservices.devicebase.updatecpuparameters.html> for TOC doc <Help/Communication/PVI Services/BR.AN Namespace/BR.AN.PviServices Namespace/DeviceBase Class/DeviceBaseMethods/DeviceBase.UpdateCpuParameters Method>, [Errno 2] No such file or directory: 'C:\\BrAutomation\\AS410\\Help-en\\Data\\automationnet/pviservices/classreference/br.an.pviservices~br.an.pviservices.devicebase.updatecpuparameters.html'
UNABLE TO OPEN FILE: <C:\BrAutomation\AS410\Help-en\Data\automationnet/pviservices/classreference/br.an.pviservices~br.an.pviservices.devicebase.updatedeviceparameters.html> for TOC doc <Help/Communication/PVI Services/BR.AN Namespace/BR.AN.PviServices Namespace/DeviceBase Class/DeviceBaseMethods/DeviceBase.UpdateDeviceParameters Method>, [Errno 2] No such file or directory: 'C:\\BrAutomation\\AS410\\Help-en\\Data\\automationnet/pviservices/classreference/br.an.pviservices~br.an.pviservices.devicebase.updatedeviceparameters.html'
UNABLE TO OPEN FILE: <C:\BrAutomation\AS410\Help-en\Data\automationnet/pviservices/classreference/br.an.pviservices~br.an.pviservices.enumbase~fields.html> for TOC doc <Help/Communication/PVI Services/BR.AN Namespace/BR.AN.PviServices Namespace/EnumBase ClassEnumBaseFields>, [Errno 2] No such file or directory: 'C:\\BrAutomation\\AS410\\Help-en\\Data\\automationnet/pviservices/classreference/br.an.pviservices~br.an.pviservices.enumbase~fields.html'
UNABLE TO OPEN FILE: <C:\BrAutomation\AS410\Help-en\Data\automationnet/pviservices/classreference/br.an.pviservices~br.an.pviservices.enumbase.propname.html> for TOC doc <Help/Communication/PVI Services/BR.AN Namespace/BR.AN.PviServices Namespace/EnumBase Class/EnumBaseFields/EnumBase.propName Field>, [Errno 2] No such file or directory: 'C:\\BrAutomation\\AS410\\Help-en\\Data\\automationnet/pviservices/classreference/br.an.pviservices~br.an.pviservices.enumbase.propname.html'
UNABLE TO OPEN FILE: <C:\BrAutomation\AS410\Help-en\Data\automationnet/pviservices/classreference/br.an.pviservices~br.an.pviservices.enumbase.propvalue.html> for TOC doc <Help/Communication/PVI Services/BR.AN Namespace/BR.AN.PviServices Namespace/EnumBase Class/EnumBaseFields/EnumBase.propValue Field>, [Errno 2] No such file or directory: 'C:\\BrAutomation\\AS410\\Help-en\\Data\\automationnet/pviservices/classreference/br.an.pviservices~br.an.pviservices.enumbase.propvalue.html'
UNABLE TO OPEN FILE: <C:\BrAutomation\AS410\Help-en\Data\automationnet/pviservices/classreference/br.an.pviservices~br.an.pviservices.errorlogbook.delete~overloads.html> for TOC doc <Help/Communication/PVI Services/BR.AN Namespace/BR.AN.PviServices Namespace/ErrorLogBook Class/ErrorLogBookMethodsErrorLogBook.Delete Method>, [Errno 2] No such file or directory: 'C:\\BrAutomation\\AS410\\Help-en\\Data\\automationnet/pviservices/classreference/br.an.pviservices~br.an.pviservices.errorlogbook.delete~overloads.html'
UNABLE TO OPEN FILE: <C:\BrAutomation\AS410\Help-en\Data\automationnet/pviservices/classreference/br.an.pviservices~br.an.pviservices.errorlogbook.disconnect~overloads.html> for TOC doc <Help/Communication/PVI Services/BR.AN Namespace/BR.AN.PviServices Namespace/ErrorLogBook Class/ErrorLogBookMethodsErrorLogBook.Disconnect Method>, [Errno 2] No such file or directory: 'C:\\BrAutomation\\AS410\\Help-en\\Data\\automationnet/pviservices/classreference/br.an.pviservices~br.an.pviservices.errorlogbook.disconnect~overloads.html'
UNABLE TO OPEN FILE: <C:\BrAutomation\AS410\Help-en\Data\automationnet/pviservices/classreference/br.an.pviservices~br.an.pviservices.errorlogbook.start.html> for TOC doc <Help/Communication/PVI Services/BR.AN Namespace/BR.AN.PviServices Namespace/ErrorLogBook Class/ErrorLogBookMethods/Start Method>, [Errno 2] No such file or directory: 'C:\\BrAutomation\\AS410\\Help-en\\Data\\automationnet/pviservices/classreference/br.an.pviservices~br.an.pviservices.errorlogbook.start.html'
UNABLE TO OPEN FILE: <C:\BrAutomation\AS410\Help-en\Data\automationnet/pviservices/classreference/br.an.pviservices~br.an.pviservices.errorlogbook.stop.html> for TOC doc <Help/Communication/PVI Services/BR.AN Namespace/BR.AN.PviServices Namespace/ErrorLogBook Class/ErrorLogBookMethods/ErrorLogBook.Stop Method>, [Errno 2] No such file or directory: 'C:\\BrAutomation\\AS410\\Help-en\\Data\\automationnet/pviservices/classreference/br.an.pviservices~br.an.pviservices.errorlogbook.stop.html'
UNABLE TO OPEN FILE: <C:\BrAutomation\AS410\Help-en\Data\automationnet/pviservices/classreference/br.an.pviservices~br.an.pviservices.errorlogbook.upload~overloads.html> for TOC doc <Help/Communication/PVI Services/BR.AN Namespace/BR.AN.PviServices Namespace/ErrorLogBook Class/ErrorLogBookMethodsErrorLogBook.Upload Method>, [Errno 2] No such file or directory: 'C:\\BrAutomation\\AS410\\Help-en\\Data\\automationnet/pviservices/classreference/br.an.pviservices~br.an.pviservices.errorlogbook.upload~overloads.html'
UNABLE TO OPEN FILE: <C:\BrAutomation\AS410\Help-en\Data\automationnet/pviservices/classreference/br.an.pviservices~br.an.pviservices.hardwareinfo.onerror.html> for TOC doc <Help/Communication/PVI Services/BR.AN Namespace/BR.AN.PviServices Namespace/HardwareInfo Class/HardwareInfoMethods/HardwareInfo.OnError Method>, [Errno 2] No such file or directory: 'C:\\BrAutomation\\AS410\\Help-en\\Data\\automationnet/pviservices/classreference/br.an.pviservices~br.an.pviservices.hardwareinfo.onerror.html'
UNABLE TO OPEN FILE: <C:\BrAutomation\AS410\Help-en\Data\automationnet/pviservices/classreference/br.an.pviservices~br.an.pviservices.hardwareinfo.onuploaded.html> for TOC doc <Help/Communication/PVI Services/BR.AN Namespace/BR.AN.PviServices Namespace/HardwareInfo Class/HardwareInfoMethods/HardwareInfo.OnUploaded Method>, [Errno 2] No such file or directory: 'C:\\BrAutomation\\AS410\\Help-en\\Data\\automationnet/pviservices/classreference/br.an.pviservices~br.an.pviservices.hardwareinfo.onuploaded.html'
UNABLE TO OPEN FILE: <C:\BrAutomation\AS410\Help-en\Data\automationnet/pviservices/classreference/br.an.pviservices~br.an.pviservices.iodatapoint.connect~overloads.html> for TOC doc <Help/Communication/PVI Services/BR.AN Namespace/BR.AN.PviServices Namespace/IODataPoint Class/IODataPointMethodsIODataPoint.Connect Method>, [Errno 2] No such file or directory: 'C:\\BrAutomation\\AS410\\Help-en\\Data\\automationnet/pviservices/classreference/br.an.pviservices~br.an.pviservices.iodatapoint.connect~overloads.html'
UNABLE TO OPEN FILE: <C:\BrAutomation\AS410\Help-en\Data\automationnet/pviservices/classreference/br.an.pviservices~br.an.pviservices.iodatapoint.disconnect3.html> for TOC doc <Help/Communication/PVI Services/BR.AN Namespace/BR.AN.PviServices Namespace/IODataPoint Class/IODataPointMethods/IODataPoint.Disconnect Method/IODataPoint.Disconnect(Int32) Method>, [Errno 2] No such file or directory: 'C:\\BrAutomation\\AS410\\Help-en\\Data\\automationnet/pviservices/classreference/br.an.pviservices~br.an.pviservices.iodatapoint.disconnect3.html'
UNABLE TO OPEN FILE: <C:\BrAutomation\AS410\Help-en\Data\automationnet/pviservices/classreference/br.an.pviservices~br.an.pviservices.iodatapoint.fromxmltextreader.html> for TOC doc <Help/Communication/PVI Services/BR.AN Namespace/BR.AN.PviServices Namespace/IODataPoint Class/IODataPointMethods/IODataPoint.FromXmlTextReader Method>, [Errno 2] No such file or directory: 'C:\\BrAutomation\\AS410\\Help-en\\Data\\automationnet/pviservices/classreference/br.an.pviservices~br.an.pviservices.iodatapoint.fromxmltextreader.html'
UNABLE TO OPEN FILE: <C:\BrAutomation\AS410\Help-en\Data\automationnet/pviservices/classreference/br.an.pviservices~br.an.pviservices.iodatapoint.onconnected.html> for TOC doc <Help/Communication/PVI Services/BR.AN Namespace/BR.AN.PviServices Namespace/IODataPoint Class/IODataPointMethods/IODataPoint.OnConnected Method>, [Errno 2] No such file or directory: 'C:\\BrAutomation\\AS410\\Help-en\\Data\\automationnet/pviservices/classreference/br.an.pviservices~br.an.pviservices.iodatapoint.onconnected.html'
UNABLE TO OPEN FILE: <C:\BrAutomation\AS410\Help-en\Data\automationnet/pviservices/classreference/br.an.pviservices~br.an.pviservices.iodatapoint.ondatavalidated.html> for TOC doc <Help/Communication/PVI Services/BR.AN Namespace/BR.AN.PviServices Namespace/IODataPoint Class/IODataPointMethods/IODataPoint.OnDataValidated Method>, [Errno 2] No such file or directory: 'C:\\BrAutomation\\AS410\\Help-en\\Data\\automationnet/pviservices/classreference/br.an.pviservices~br.an.pviservices.iodatapoint.ondatavalidated.html'
UNABLE TO OPEN FILE: <C:\BrAutomation\AS410\Help-en\Data\automationnet/pviservices/classreference/br.an.pviservices~br.an.pviservices.iodatapoint.ondisconnected.html> for TOC doc <Help/Communication/PVI Services/BR.AN Namespace/BR.AN.PviServices Namespace/IODataPoint Class/IODataPointMethods/IODataPoint.OnDisconnected Method>, [Errno 2] No such file or directory: 'C:\\BrAutomation\\AS410\\Help-en\\Data\\automationnet/pviservices/classreference/br.an.pviservices~br.an.pviservices.iodatapoint.ondisconnected.html'
UNABLE TO OPEN FILE: <C:\BrAutomation\AS410\Help-en\Data\automationnet/pviservices/classreference/br.an.pviservices~br.an.pviservices.iodatapoint.onforcedoff.html> for TOC doc <Help/Communication/PVI Services/BR.AN Namespace/BR.AN.PviServices Namespace/IODataPoint Class/IODataPointMethods/IODataPoint.OnForcedOff Method>, [Errno 2] No such file or directory: 'C:\\BrAutomation\\AS410\\Help-en\\Data\\automationnet/pviservices/classreference/br.an.pviservices~br.an.pviservices.iodatapoint.onforcedoff.html'
UNABLE TO OPEN FILE: <C:\BrAutomation\AS410\Help-en\Data\automationnet/pviservices/classreference/br.an.pviservices~br.an.pviservices.iodatapoint.onforcedon.html> for TOC doc <Help/Communication/PVI Services/BR.AN Namespace/BR.AN.PviServices Namespace/IODataPoint Class/IODataPointMethods/IODataPoint.OnForcedOn Method>, [Errno 2] No such file or directory: 'C:\\BrAutomation\\AS410\\Help-en\\Data\\automationnet/pviservices/classreference/br.an.pviservices~br.an.pviservices.iodatapoint.onforcedon.html'
UNABLE TO OPEN FILE: <C:\BrAutomation\AS410\Help-en\Data\automationnet/pviservices/classreference/br.an.pviservices~br.an.pviservices.iodatapoint.onforcevaluechanged.html> for TOC doc <Help/Communication/PVI Services/BR.AN Namespace/BR.AN.PviServices Namespace/IODataPoint Class/IODataPointMethods/IODataPoint.OnForceValueChanged Method>, [Errno 2] No such file or directory: 'C:\\BrAutomation\\AS410\\Help-en\\Data\\automationnet/pviservices/classreference/br.an.pviservices~br.an.pviservices.iodatapoint.onforcevaluechanged.html'
UNABLE TO OPEN FILE: <C:\BrAutomation\AS410\Help-en\Data\automationnet/pviservices/classreference/br.an.pviservices~br.an.pviservices.iodatapoint.onphysicalvaluechanged.html> for TOC doc <Help/Communication/PVI Services/BR.AN Namespace/BR.AN.PviServices Namespace/IODataPoint Class/IODataPointMethods/IODataPoint.OnPhysicalValueChanged Method>, [Errno 2] No such file or directory: 'C:\\BrAutomation\\AS410\\Help-en\\Data\\automationnet/pviservices/classreference/br.an.pviservices~br.an.pviservices.iodatapoint.onphysicalvaluechanged.html'
UNABLE TO OPEN FILE: <C:\BrAutomation\AS410\Help-en\Data\automationnet/pviservices/classreference/br.an.pviservices~br.an.pviservices.iodatapoint.onvaluechanged.html> for TOC doc <Help/Communication/PVI Services/BR.AN Namespace/BR.AN.PviServices Namespace/IODataPoint Class/IODataPointMethods/IODataPoint.OnValueChanged Method>, [Errno 2] No such file or directory: 'C:\\BrAutomation\\AS410\\Help-en\\Data\\automationnet/pviservices/classreference/br.an.pviservices~br.an.pviservices.iodatapoint.onvaluechanged.html'
UNABLE TO OPEN FILE: <C:\BrAutomation\AS410\Help-en\Data\automationnet/pviservices/classreference/br.an.pviservices~br.an.pviservices.iodatapoint.onvalueread.html> for TOC doc <Help/Communication/PVI Services/BR.AN Namespace/BR.AN.PviServices Namespace/IODataPoint Class/IODataPointMethods/IODataPoint.OnValueRead Method>, [Errno 2] No such file or directory: 'C:\\BrAutomation\\AS410\\Help-en\\Data\\automationnet/pviservices/classreference/br.an.pviservices~br.an.pviservices.iodatapoint.onvalueread.html'
UNABLE TO OPEN FILE: <C:\BrAutomation\AS410\Help-en\Data\automationnet/pviservices/classreference/br.an.pviservices~br.an.pviservices.iodatapoint.onvaluewritten.html> for TOC doc <Help/Communication/PVI Services/BR.AN Namespace/BR.AN.PviServices Namespace/IODataPoint Class/IODataPointMethods/IODataPoint.OnValueWritten Method>, [Errno 2] No such file or directory: 'C:\\BrAutomation\\AS410\\Help-en\\Data\\automationnet/pviservices/classreference/br.an.pviservices~br.an.pviservices.iodatapoint.onvaluewritten.html'
UNABLE TO OPEN FILE: <C:\BrAutomation\AS410\Help-en\Data\automationnet/pviservices/classreference/br.an.pviservices~br.an.pviservices.iodatapointcollection.html> for TOC doc <Help/Communication/PVI Services/BR.AN Namespace/BR.AN.PviServices NamespaceIODataPointCollection Class>, [Errno 2] No such file or directory: 'C:\\BrAutomation\\AS410\\Help-en\\Data\\automationnet/pviservices/classreference/br.an.pviservices~br.an.pviservices.iodatapointcollection.html'
UNABLE TO OPEN FILE: <C:\BrAutomation\AS410\Help-en\Data\automationnet/pviservices/classreference/br.an.pviservices~br.an.pviservices.iodatapointcollection~members.html> for TOC doc <Help/Communication/PVI Services/BR.AN Namespace/BR.AN.PviServices Namespace/IODataPointCollection Class/IODataPointCollection Members>, [Errno 2] No such file or directory: 'C:\\BrAutomation\\AS410\\Help-en\\Data\\automationnet/pviservices/classreference/br.an.pviservices~br.an.pviservices.iodatapointcollection~members.html'
UNABLE TO OPEN FILE: <C:\BrAutomation\AS410\Help-en\Data\automationnet/pviservices/classreference/br.an.pviservices~br.an.pviservices.iodatapointcollection~constructors.html> for TOC doc <Help/Communication/PVI Services/BR.AN Namespace/BR.AN.PviServices Namespace/IODataPointCollection ClassIODataPointCollection Constructor>, [Errno 2] No such file or directory: 'C:\\BrAutomation\\AS410\\Help-en\\Data\\automationnet/pviservices/classreference/br.an.pviservices~br.an.pviservices.iodatapointcollection~constructors.html'
UNABLE TO OPEN FILE: <C:\BrAutomation\AS410\Help-en\Data\automationnet/pviservices/classreference/br.an.pviservices~br.an.pviservices.iodatapointcollection.~ctor1.html> for TOC doc <Help/Communication/PVI Services/BR.AN Namespace/BR.AN.PviServices Namespace/IODataPointCollection Class/IODataPointCollection Constructor/IODataPointCollection Constructor>, [Errno 2] No such file or directory: 'C:\\BrAutomation\\AS410\\Help-en\\Data\\automationnet/pviservices/classreference/br.an.pviservices~br.an.pviservices.iodatapointcollection.~ctor1.html'
UNABLE TO OPEN FILE: <C:\BrAutomation\AS410\Help-en\Data\automationnet/pviservices/classreference/br.an.pviservices~br.an.pviservices.iodatapointcollection.~ctor2.html> for TOC doc <Help/Communication/PVI Services/BR.AN Namespace/BR.AN.PviServices Namespace/IODataPointCollection Class/IODataPointCollection Constructor/IODataPointCollection Constructor>, [Errno 2] No such file or directory: 'C:\\BrAutomation\\AS410\\Help-en\\Data\\automationnet/pviservices/classreference/br.an.pviservices~br.an.pviservices.iodatapointcollection.~ctor2.html'
UNABLE TO OPEN FILE: <C:\BrAutomation\AS410\Help-en\Data\automationnet/pviservices/classreference/br.an.pviservices~br.an.pviservices.iodatapointcollection~properties.html> for TOC doc <Help/Communication/PVI Services/BR.AN Namespace/BR.AN.PviServices Namespace/IODataPointCollection ClassIODataPointCollectionProperties>, [Errno 2] No such file or directory: 'C:\\BrAutomation\\AS410\\Help-en\\Data\\automationnet/pviservices/classreference/br.an.pviservices~br.an.pviservices.iodatapointcollection~properties.html'
UNABLE TO OPEN FILE: <C:\BrAutomation\AS410\Help-en\Data\automationnet/pviservices/classreference/br.an.pviservices~br.an.pviservices.iodatapointcollection.item1.html> for TOC doc <Help/Communication/PVI Services/BR.AN Namespace/BR.AN.PviServices Namespace/IODataPointCollection Class/IODataPointCollectionProperties/IODataPointCollection.Item Property>, [Errno 2] No such file or directory: 'C:\\BrAutomation\\AS410\\Help-en\\Data\\automationnet/pviservices/classreference/br.an.pviservices~br.an.pviservices.iodatapointcollection.item1.html'
UNABLE TO OPEN FILE: <C:\BrAutomation\AS410\Help-en\Data\automationnet/pviservices/classreference/br.an.pviservices~br.an.pviservices.iodatapointcollection.service.html> for TOC doc <Help/Communication/PVI Services/BR.AN Namespace/BR.AN.PviServices Namespace/IODataPointCollection Class/IODataPointCollectionProperties/IODataPointCollection.Service Property>, [Errno 2] No such file or directory: 'C:\\BrAutomation\\AS410\\Help-en\\Data\\automationnet/pviservices/classreference/br.an.pviservices~br.an.pviservices.iodatapointcollection.service.html'
UNABLE TO OPEN FILE: <C:\BrAutomation\AS410\Help-en\Data\automationnet/pviservices/classreference/br.an.pviservices~br.an.pviservices.iodatapointcollection~methods.html> for TOC doc <Help/Communication/PVI Services/BR.AN Namespace/BR.AN.PviServices Namespace/IODataPointCollection ClassIODataPointCollectionMethods>, [Errno 2] No such file or directory: 'C:\\BrAutomation\\AS410\\Help-en\\Data\\automationnet/pviservices/classreference/br.an.pviservices~br.an.pviservices.iodatapointcollection~methods.html'
UNABLE TO OPEN FILE: <C:\BrAutomation\AS410\Help-en\Data\automationnet/pviservices/classreference/br.an.pviservices~br.an.pviservices.iodatapointcollection.add~overloads.html> for TOC doc <Help/Communication/PVI Services/BR.AN Namespace/BR.AN.PviServices Namespace/IODataPointCollection Class/IODataPointCollectionMethodsIODataPointCollection.Add Method>, [Errno 2] No such file or directory: 'C:\\BrAutomation\\AS410\\Help-en\\Data\\automationnet/pviservices/classreference/br.an.pviservices~br.an.pviservices.iodatapointcollection.add~overloads.html'
UNABLE TO OPEN FILE: <C:\BrAutomation\AS410\Help-en\Data\automationnet/pviservices/classreference/br.an.pviservices~br.an.pviservices.iodatapointcollection.add1.html> for TOC doc <Help/Communication/PVI Services/BR.AN Namespace/BR.AN.PviServices Namespace/IODataPointCollection Class/IODataPointCollectionMethods/IODataPointCollection.Add Method/IODataPointCollection.Add(IODataPoint) Method>, [Errno 2] No such file or directory: 'C:\\BrAutomation\\AS410\\Help-en\\Data\\automationnet/pviservices/classreference/br.an.pviservices~br.an.pviservices.iodatapointcollection.add1.html'
UNABLE TO OPEN FILE: <C:\BrAutomation\AS410\Help-en\Data\automationnet/pviservices/classreference/br.an.pviservices~br.an.pviservices.iodatapointcollection.onerror~overloads.html> for TOC doc <Help/Communication/PVI Services/BR.AN Namespace/BR.AN.PviServices Namespace/IODataPointCollection Class/IODataPointCollectionMethodsIODataPointCollection.OnError Method>, [Errno 2] No such file or directory: 'C:\\BrAutomation\\AS410\\Help-en\\Data\\automationnet/pviservices/classreference/br.an.pviservices~br.an.pviservices.iodatapointcollection.onerror~overloads.html'
UNABLE TO OPEN FILE: <C:\BrAutomation\AS410\Help-en\Data\automationnet/pviservices/classreference/br.an.pviservices~br.an.pviservices.iodatapointcollection.onerror1.html> for TOC doc <Help/Communication/PVI Services/BR.AN Namespace/BR.AN.PviServices Namespace/IODataPointCollection Class/IODataPointCollectionMethods/IODataPointCollection.OnError Method/IODataPointCollection.OnError(PviEventArgs) Method>, [Errno 2] No such file or directory: 'C:\\BrAutomation\\AS410\\Help-en\\Data\\automationnet/pviservices/classreference/br.an.pviservices~br.an.pviservices.iodatapointcollection.onerror1.html'
UNABLE TO OPEN FILE: <C:\BrAutomation\AS410\Help-en\Data\automationnet/pviservices/classreference/br.an.pviservices~br.an.pviservices.iodatapointcollection.upload.html> for TOC doc <Help/Communication/PVI Services/BR.AN Namespace/BR.AN.PviServices Namespace/IODataPointCollection Class/IODataPointCollectionMethods/IODataPointCollection.Upload Method>, [Errno 2] No such file or directory: 'C:\\BrAutomation\\AS410\\Help-en\\Data\\automationnet/pviservices/classreference/br.an.pviservices~br.an.pviservices.iodatapointcollection.upload.html'
UNABLE TO OPEN FILE: <C:\BrAutomation\AS410\Help-en\Data\automationnet/pviservices/classreference/br.an.pviservices~br.an.pviservices.library.disconnect~overloads.html> for TOC doc <Help/Communication/PVI Services/BR.AN Namespace/BR.AN.PviServices Namespace/Library Class/LibraryMethodsLibrary.Disconnect Method>, [Errno 2] No such file or directory: 'C:\\BrAutomation\\AS410\\Help-en\\Data\\automationnet/pviservices/classreference/br.an.pviservices~br.an.pviservices.library.disconnect~overloads.html'
UNABLE TO OPEN FILE: <C:\BrAutomation\AS410\Help-en\Data\automationnet/pviservices/classreference/br.an.pviservices~br.an.pviservices.library.onfunctionsuploaded.html> for TOC doc <Help/Communication/PVI Services/BR.AN Namespace/BR.AN.PviServices Namespace/Library Class/LibraryMethods/Library.OnFunctionsUploaded Method>, [Errno 2] No such file or directory: 'C:\\BrAutomation\\AS410\\Help-en\\Data\\automationnet/pviservices/classreference/br.an.pviservices~br.an.pviservices.library.onfunctionsuploaded.html'
UNABLE TO OPEN FILE: <C:\BrAutomation\AS410\Help-en\Data\automationnet/pviservices/classreference/br.an.pviservices~br.an.pviservices.librarycollection.item1.html> for TOC doc <Help/Communication/PVI Services/BR.AN Namespace/BR.AN.PviServices Namespace/LibraryCollection Class/LibraryCollectionProperties/LibraryCollection.Item Property>, [Errno 2] No such file or directory: 'C:\\BrAutomation\\AS410\\Help-en\\Data\\automationnet/pviservices/classreference/br.an.pviservices~br.an.pviservices.librarycollection.item1.html'
UNABLE TO OPEN FILE: <C:\BrAutomation\AS410\Help-en\Data\automationnet/pviservices/classreference/br.an.pviservices~br.an.pviservices.librarycollection.add~overloads.html> for TOC doc <Help/Communication/PVI Services/BR.AN Namespace/BR.AN.PviServices Namespace/LibraryCollection Class/LibraryCollectionMethodsLibraryCollection.Add Method>, [Errno 2] No such file or directory: 'C:\\BrAutomation\\AS410\\Help-en\\Data\\automationnet/pviservices/classreference/br.an.pviservices~br.an.pviservices.librarycollection.add~overloads.html'
UNABLE TO OPEN FILE: <C:\BrAutomation\AS410\Help-en\Data\automationnet/pviservices/classreference/br.an.pviservices~br.an.pviservices.librarycollection.onerror~overloads.html> for TOC doc <Help/Communication/PVI Services/BR.AN Namespace/BR.AN.PviServices Namespace/LibraryCollection Class/LibraryCollectionMethodsLibraryCollection.OnError Method>, [Errno 2] No such file or directory: 'C:\\BrAutomation\\AS410\\Help-en\\Data\\automationnet/pviservices/classreference/br.an.pviservices~br.an.pviservices.librarycollection.onerror~overloads.html'
UNABLE TO OPEN FILE: <C:\BrAutomation\AS410\Help-en\Data\automationnet/pviservices/classreference/br.an.pviservices~br.an.pviservices.librarycollection.onerror1.html> for TOC doc <Help/Communication/PVI Services/BR.AN Namespace/BR.AN.PviServices Namespace/LibraryCollection Class/LibraryCollectionMethods/LibraryCollection.OnError Method/LibraryCollection.OnError(PviEventArgs) Method>, [Errno 2] No such file or directory: 'C:\\BrAutomation\\AS410\\Help-en\\Data\\automationnet/pviservices/classreference/br.an.pviservices~br.an.pviservices.librarycollection.onerror1.html'
UNABLE TO OPEN FILE: <C:\BrAutomation\AS410\Help-en\Data\automationnet/pviservices/classreference/br.an.pviservices~br.an.pviservices.logger.propreadrequestactive.html> for TOC doc <Help/Communication/PVI Services/BR.AN Namespace/BR.AN.PviServices Namespace/Logger Class/LoggerFields/Logger.propReadRequestActive Field>, [Errno 2] No such file or directory: 'C:\\BrAutomation\\AS410\\Help-en\\Data\\automationnet/pviservices/classreference/br.an.pviservices~br.an.pviservices.logger.propreadrequestactive.html'
UNABLE TO OPEN FILE: <C:\BrAutomation\AS410\Help-en\Data\automationnet/pviservices/classreference/br.an.pviservices~br.an.pviservices.logger.connect~overloads.html> for TOC doc <Help/Communication/PVI Services/BR.AN Namespace/BR.AN.PviServices Namespace/Logger Class/LoggerMethodsLogger.Connect Method>, [Errno 2] No such file or directory: 'C:\\BrAutomation\\AS410\\Help-en\\Data\\automationnet/pviservices/classreference/br.an.pviservices~br.an.pviservices.logger.connect~overloads.html'
UNABLE TO OPEN FILE: <C:\BrAutomation\AS410\Help-en\Data\automationnet/pviservices/classreference/br.an.pviservices~br.an.pviservices.logger.finalize.html> for TOC doc <Help/Communication/PVI Services/BR.AN Namespace/BR.AN.PviServices Namespace/Logger Class/LoggerMethods/Logger.Finalize Method>, [Errno 2] No such file or directory: 'C:\\BrAutomation\\AS410\\Help-en\\Data\\automationnet/pviservices/classreference/br.an.pviservices~br.an.pviservices.logger.finalize.html'
UNABLE TO OPEN FILE: <C:\BrAutomation\AS410\Help-en\Data\automationnet/pviservices/classreference/br.an.pviservices~br.an.pviservices.logger.getlinkdescription.html> for TOC doc <Help/Communication/PVI Services/BR.AN Namespace/BR.AN.PviServices Namespace/Logger Class/LoggerMethods/Logger.getLinkDescription Method>, [Errno 2] No such file or directory: 'C:\\BrAutomation\\AS410\\Help-en\\Data\\automationnet/pviservices/classreference/br.an.pviservices~br.an.pviservices.logger.getlinkdescription.html'
UNABLE TO OPEN FILE: <C:\BrAutomation\AS410\Help-en\Data\automationnet/pviservices/classreference/br.an.pviservices~br.an.pviservices.logger.oncleared.html> for TOC doc <Help/Communication/PVI Services/BR.AN Namespace/BR.AN.PviServices Namespace/Logger Class/LoggerMethods/Logger.OnCleared Method>, [Errno 2] No such file or directory: 'C:\\BrAutomation\\AS410\\Help-en\\Data\\automationnet/pviservices/classreference/br.an.pviservices~br.an.pviservices.logger.oncleared.html'
UNABLE TO OPEN FILE: <C:\BrAutomation\AS410\Help-en\Data\automationnet/pviservices/classreference/br.an.pviservices~br.an.pviservices.logger.onconnected.html> for TOC doc <Help/Communication/PVI Services/BR.AN Namespace/BR.AN.PviServices Namespace/Logger Class/LoggerMethods/Logger.OnConnected Method>, [Errno 2] No such file or directory: 'C:\\BrAutomation\\AS410\\Help-en\\Data\\automationnet/pviservices/classreference/br.an.pviservices~br.an.pviservices.logger.onconnected.html'
UNABLE TO OPEN FILE: <C:\BrAutomation\AS410\Help-en\Data\automationnet/pviservices/classreference/br.an.pviservices~br.an.pviservices.logger.oncontinuousactivated.html> for TOC doc <Help/Communication/PVI Services/BR.AN Namespace/BR.AN.PviServices Namespace/Logger Class/LoggerMethods/Logger.OnContinuousActivated Method>, [Errno 2] No such file or directory: 'C:\\BrAutomation\\AS410\\Help-en\\Data\\automationnet/pviservices/classreference/br.an.pviservices~br.an.pviservices.logger.oncontinuousactivated.html'
UNABLE TO OPEN FILE: <C:\BrAutomation\AS410\Help-en\Data\automationnet/pviservices/classreference/br.an.pviservices~br.an.pviservices.logger.oncontinuousdeactivated.html> for TOC doc <Help/Communication/PVI Services/BR.AN Namespace/BR.AN.PviServices Namespace/Logger Class/LoggerMethods/Logger.OnContinuousDeactivated Method>, [Errno 2] No such file or directory: 'C:\\BrAutomation\\AS410\\Help-en\\Data\\automationnet/pviservices/classreference/br.an.pviservices~br.an.pviservices.logger.oncontinuousdeactivated.html'
UNABLE TO OPEN FILE: <C:\BrAutomation\AS410\Help-en\Data\automationnet/pviservices/classreference/br.an.pviservices~br.an.pviservices.logger.ondeleted.html> for TOC doc <Help/Communication/PVI Services/BR.AN Namespace/BR.AN.PviServices Namespace/Logger Class/LoggerMethods/Logger.OnDeleted Method>, [Errno 2] No such file or directory: 'C:\\BrAutomation\\AS410\\Help-en\\Data\\automationnet/pviservices/classreference/br.an.pviservices~br.an.pviservices.logger.ondeleted.html'
UNABLE TO OPEN FILE: <C:\BrAutomation\AS410\Help-en\Data\automationnet/pviservices/classreference/br.an.pviservices~br.an.pviservices.logger.ondisconnected.html> for TOC doc <Help/Communication/PVI Services/BR.AN Namespace/BR.AN.PviServices Namespace/Logger Class/LoggerMethods/Logger.OnDisconnected Method>, [Errno 2] No such file or directory: 'C:\\BrAutomation\\AS410\\Help-en\\Data\\automationnet/pviservices/classreference/br.an.pviservices~br.an.pviservices.logger.ondisconnected.html'
UNABLE TO OPEN FILE: <C:\BrAutomation\AS410\Help-en\Data\automationnet/pviservices/classreference/br.an.pviservices~br.an.pviservices.logger.onentriesread.html> for TOC doc <Help/Communication/PVI Services/BR.AN Namespace/BR.AN.PviServices Namespace/Logger Class/LoggerMethods/Logger.OnEntriesRead Method>, [Errno 2] No such file or directory: 'C:\\BrAutomation\\AS410\\Help-en\\Data\\automationnet/pviservices/classreference/br.an.pviservices~br.an.pviservices.logger.onentriesread.html'
UNABLE TO OPEN FILE: <C:\BrAutomation\AS410\Help-en\Data\automationnet/pviservices/classreference/br.an.pviservices~br.an.pviservices.logger.onentriesremoved.html> for TOC doc <Help/Communication/PVI Services/BR.AN Namespace/BR.AN.PviServices Namespace/Logger Class/LoggerMethods/Logger.OnEntriesRemoved Method>, [Errno 2] No such file or directory: 'C:\\BrAutomation\\AS410\\Help-en\\Data\\automationnet/pviservices/classreference/br.an.pviservices~br.an.pviservices.logger.onentriesremoved.html'
UNABLE TO OPEN FILE: <C:\BrAutomation\AS410\Help-en\Data\automationnet/pviservices/classreference/br.an.pviservices~br.an.pviservices.logger.onentryadded.html> for TOC doc <Help/Communication/PVI Services/BR.AN Namespace/BR.AN.PviServices Namespace/Logger Class/LoggerMethods/Logger.OnEntryAdded Method>, [Errno 2] No such file or directory: 'C:\\BrAutomation\\AS410\\Help-en\\Data\\automationnet/pviservices/classreference/br.an.pviservices~br.an.pviservices.logger.onentryadded.html'
UNABLE TO OPEN FILE: <C:\BrAutomation\AS410\Help-en\Data\automationnet/pviservices/classreference/br.an.pviservices~br.an.pviservices.logger.onentryblockread.html> for TOC doc <Help/Communication/PVI Services/BR.AN Namespace/BR.AN.PviServices Namespace/Logger Class/LoggerMethods/Logger.OnEntryBlockRead Method>, [Errno 2] No such file or directory: 'C:\\BrAutomation\\AS410\\Help-en\\Data\\automationnet/pviservices/classreference/br.an.pviservices~br.an.pviservices.logger.onentryblockread.html'
UNABLE TO OPEN FILE: <C:\BrAutomation\AS410\Help-en\Data\automationnet/pviservices/classreference/br.an.pviservices~br.an.pviservices.logger.onerror~overloads.html> for TOC doc <Help/Communication/PVI Services/BR.AN Namespace/BR.AN.PviServices Namespace/Logger Class/LoggerMethodsLogger.OnError Method>, [Errno 2] No such file or directory: 'C:\\BrAutomation\\AS410\\Help-en\\Data\\automationnet/pviservices/classreference/br.an.pviservices~br.an.pviservices.logger.onerror~overloads.html'
UNABLE TO OPEN FILE: <C:\BrAutomation\AS410\Help-en\Data\automationnet/pviservices/classreference/br.an.pviservices~br.an.pviservices.logger.onerror1.html> for TOC doc <Help/Communication/PVI Services/BR.AN Namespace/BR.AN.PviServices Namespace/Logger Class/LoggerMethods/Logger.OnError Method/Logger.OnError(PviEventArgs) Method>, [Errno 2] No such file or directory: 'C:\\BrAutomation\\AS410\\Help-en\\Data\\automationnet/pviservices/classreference/br.an.pviservices~br.an.pviservices.logger.onerror1.html'
UNABLE TO OPEN FILE: <C:\BrAutomation\AS410\Help-en\Data\automationnet/pviservices/classreference/br.an.pviservices~br.an.pviservices.logger.onglobaladded.html> for TOC doc <Help/Communication/PVI Services/BR.AN Namespace/BR.AN.PviServices Namespace/Logger Class/LoggerMethods/Logger.OnGlobalAdded Method>, [Errno 2] No such file or directory: 'C:\\BrAutomation\\AS410\\Help-en\\Data\\automationnet/pviservices/classreference/br.an.pviservices~br.an.pviservices.logger.onglobaladded.html'
UNABLE TO OPEN FILE: <C:\BrAutomation\AS410\Help-en\Data\automationnet/pviservices/classreference/br.an.pviservices~br.an.pviservices.logger.onglobalremoved.html> for TOC doc <Help/Communication/PVI Services/BR.AN Namespace/BR.AN.PviServices Namespace/Logger Class/LoggerMethods/Logger.OnGlobalRemoved Method>, [Errno 2] No such file or directory: 'C:\\BrAutomation\\AS410\\Help-en\\Data\\automationnet/pviservices/classreference/br.an.pviservices~br.an.pviservices.logger.onglobalremoved.html'
UNABLE TO OPEN FILE: <C:\BrAutomation\AS410\Help-en\Data\automationnet/pviservices/classreference/br.an.pviservices~br.an.pviservices.loggercollection.~ctor.html> for TOC doc <Help/Communication/PVI Services/BR.AN Namespace/BR.AN.PviServices Namespace/LoggerCollection Class/LoggerCollection Constructor>, [Errno 2] No such file or directory: 'C:\\BrAutomation\\AS410\\Help-en\\Data\\automationnet/pviservices/classreference/br.an.pviservices~br.an.pviservices.loggercollection.~ctor.html'
UNABLE TO OPEN FILE: <C:\BrAutomation\AS410\Help-en\Data\automationnet/pviservices/classreference/br.an.pviservices~br.an.pviservices.loggercollection.item1.html> for TOC doc <Help/Communication/PVI Services/BR.AN Namespace/BR.AN.PviServices Namespace/LoggerCollection Class/LoggerCollectionProperties/LoggerCollection.Item Property>, [Errno 2] No such file or directory: 'C:\\BrAutomation\\AS410\\Help-en\\Data\\automationnet/pviservices/classreference/br.an.pviservices~br.an.pviservices.loggercollection.item1.html'
UNABLE TO OPEN FILE: <C:\BrAutomation\AS410\Help-en\Data\automationnet/pviservices/classreference/br.an.pviservices~br.an.pviservices.loggercollection.synchronize.html> for TOC doc <Help/Communication/PVI Services/BR.AN Namespace/BR.AN.PviServices Namespace/LoggerCollection Class/LoggerCollectionProperties/Synchronize Property>, [Errno 2] No such file or directory: 'C:\\BrAutomation\\AS410\\Help-en\\Data\\automationnet/pviservices/classreference/br.an.pviservices~br.an.pviservices.loggercollection.synchronize.html'
UNABLE TO OPEN FILE: <C:\BrAutomation\AS410\Help-en\Data\automationnet/pviservices/classreference/br.an.pviservices~br.an.pviservices.loggercollection.add~overloads.html> for TOC doc <Help/Communication/PVI Services/BR.AN Namespace/BR.AN.PviServices Namespace/LoggerCollection Class/LoggerCollectionMethodsLoggerCollection.Add Method>, [Errno 2] No such file or directory: 'C:\\BrAutomation\\AS410\\Help-en\\Data\\automationnet/pviservices/classreference/br.an.pviservices~br.an.pviservices.loggercollection.add~overloads.html'
UNABLE TO OPEN FILE: <C:\BrAutomation\AS410\Help-en\Data\automationnet/pviservices/classreference/br.an.pviservices~br.an.pviservices.loggercollection.onerror~overloads.html> for TOC doc <Help/Communication/PVI Services/BR.AN Namespace/BR.AN.PviServices Namespace/LoggerCollection Class/LoggerCollectionMethodsLoggerCollection.OnError Method>, [Errno 2] No such file or directory: 'C:\\BrAutomation\\AS410\\Help-en\\Data\\automationnet/pviservices/classreference/br.an.pviservices~br.an.pviservices.loggercollection.onerror~overloads.html'
UNABLE TO OPEN FILE: <C:\BrAutomation\AS410\Help-en\Data\automationnet/pviservices/classreference/br.an.pviservices~br.an.pviservices.loggercollection.onerror1.html> for TOC doc <Help/Communication/PVI Services/BR.AN Namespace/BR.AN.PviServices Namespace/LoggerCollection Class/LoggerCollectionMethods/LoggerCollection.OnError Method/LoggerCollection.OnError(CollectionEventArgs) Method>, [Errno 2] No such file or directory: 'C:\\BrAutomation\\AS410\\Help-en\\Data\\automationnet/pviservices/classreference/br.an.pviservices~br.an.pviservices.loggercollection.onerror1.html'
UNABLE TO OPEN FILE: <C:\BrAutomation\AS410\Help-en\Data\automationnet/pviservices/classreference/br.an.pviservices~br.an.pviservices.loggercollection.remove~overloads.html> for TOC doc <Help/Communication/PVI Services/BR.AN Namespace/BR.AN.PviServices Namespace/LoggerCollection Class/LoggerCollectionMethodsLoggerCollection.Remove Method>, [Errno 2] No such file or directory: 'C:\\BrAutomation\\AS410\\Help-en\\Data\\automationnet/pviservices/classreference/br.an.pviservices~br.an.pviservices.loggercollection.remove~overloads.html'
UNABLE TO OPEN FILE: <C:\BrAutomation\AS410\Help-en\Data\automationnet/pviservices/classreference/br.an.pviservices~br.an.pviservices.loggercollection.upload.html> for TOC doc <Help/Communication/PVI Services/BR.AN Namespace/BR.AN.PviServices Namespace/LoggerCollection Class/LoggerCollectionMethods/LoggerCollection.Upload Method>, [Errno 2] No such file or directory: 'C:\\BrAutomation\\AS410\\Help-en\\Data\\automationnet/pviservices/classreference/br.an.pviservices~br.an.pviservices.loggercollection.upload.html'
UNABLE TO OPEN FILE: <C:\BrAutomation\AS410\Help-en\Data\automationnet/pviservices/classreference/br.an.pviservices~br.an.pviservices.loggerentrybase~fields.html> for TOC doc <Help/Communication/PVI Services/BR.AN Namespace/BR.AN.PviServices Namespace/LoggerEntryBase ClassLoggerEntryBaseFields>, [Errno 2] No such file or directory: 'C:\\BrAutomation\\AS410\\Help-en\\Data\\automationnet/pviservices/classreference/br.an.pviservices~br.an.pviservices.loggerentrybase~fields.html'
UNABLE TO OPEN FILE: <C:\BrAutomation\AS410\Help-en\Data\automationnet/pviservices/classreference/br.an.pviservices~br.an.pviservices.loggerentrybase.proploggermodulename.html> for TOC doc <Help/Communication/PVI Services/BR.AN Namespace/BR.AN.PviServices Namespace/LoggerEntryBase Class/LoggerEntryBaseFields/LoggerEntryBase.propLoggerModuleName Field>, [Errno 2] No such file or directory: 'C:\\BrAutomation\\AS410\\Help-en\\Data\\automationnet/pviservices/classreference/br.an.pviservices~br.an.pviservices.loggerentrybase.proploggermodulename.html'
UNABLE TO OPEN FILE: <C:\BrAutomation\AS410\Help-en\Data\automationnet/pviservices/classreference/br.an.pviservices~br.an.pviservices.loggerentrybase.finalize.html> for TOC doc <Help/Communication/PVI Services/BR.AN Namespace/BR.AN.PviServices Namespace/LoggerEntryBase Class/LoggerEntryBaseMethods/LoggerEntryBase.Finalize Method>, [Errno 2] No such file or directory: 'C:\\BrAutomation\\AS410\\Help-en\\Data\\automationnet/pviservices/classreference/br.an.pviservices~br.an.pviservices.loggerentrybase.finalize.html'
UNABLE TO OPEN FILE: <C:\BrAutomation\AS410\Help-en\Data\automationnet/pviservices/classreference/br.an.pviservices~br.an.pviservices.loggerentrycollection~fields.html> for TOC doc <Help/Communication/PVI Services/BR.AN Namespace/BR.AN.PviServices Namespace/LoggerEntryCollection ClassLoggerEntryCollectionFields>, [Errno 2] No such file or directory: 'C:\\BrAutomation\\AS410\\Help-en\\Data\\automationnet/pviservices/classreference/br.an.pviservices~br.an.pviservices.loggerentrycollection~fields.html'
UNABLE TO OPEN FILE: <C:\BrAutomation\AS410\Help-en\Data\automationnet/pviservices/classreference/br.an.pviservices~br.an.pviservices.loggerentrycollection.arrayofloggerentries.html> for TOC doc <Help/Communication/PVI Services/BR.AN Namespace/BR.AN.PviServices Namespace/LoggerEntryCollection Class/LoggerEntryCollectionFields/LoggerEntryCollection.arrayOfLoggerEntries Field>, [Errno 2] No such file or directory: 'C:\\BrAutomation\\AS410\\Help-en\\Data\\automationnet/pviservices/classreference/br.an.pviservices~br.an.pviservices.loggerentrycollection.arrayofloggerentries.html'
UNABLE TO OPEN FILE: <C:\BrAutomation\AS410\Help-en\Data\automationnet/pviservices/classreference/br.an.pviservices~br.an.pviservices.loggerentrycollection.add3.html> for TOC doc <Help/Communication/PVI Services/BR.AN Namespace/BR.AN.PviServices Namespace/LoggerEntryCollection Class/LoggerEntryCollectionMethods/LoggerEntryCollection.Add Method/LoggerEntryCollection.Add(LoggerEntryBase) Method>, [Errno 2] No such file or directory: 'C:\\BrAutomation\\AS410\\Help-en\\Data\\automationnet/pviservices/classreference/br.an.pviservices~br.an.pviservices.loggerentrycollection.add3.html'
UNABLE TO OPEN FILE: <C:\BrAutomation\AS410\Help-en\Data\automationnet/pviservices/classreference/br.an.pviservices~br.an.pviservices.loggerentrycollection.finalize.html> for TOC doc <Help/Communication/PVI Services/BR.AN Namespace/BR.AN.PviServices Namespace/LoggerEntryCollection Class/LoggerEntryCollectionMethods/LoggerEntryCollection.Finalize Method>, [Errno 2] No such file or directory: 'C:\\BrAutomation\\AS410\\Help-en\\Data\\automationnet/pviservices/classreference/br.an.pviservices~br.an.pviservices.loggerentrycollection.finalize.html'
UNABLE TO OPEN FILE: <C:\BrAutomation\AS410\Help-en\Data\automationnet/pviservices/classreference/br.an.pviservices~br.an.pviservices.loggerentrycollection.getarrayindex.html> for TOC doc <Help/Communication/PVI Services/BR.AN Namespace/BR.AN.PviServices Namespace/LoggerEntryCollection Class/LoggerEntryCollectionMethods/LoggerEntryCollection.GetArrayIndex Method>, [Errno 2] No such file or directory: 'C:\\BrAutomation\\AS410\\Help-en\\Data\\automationnet/pviservices/classreference/br.an.pviservices~br.an.pviservices.loggerentrycollection.getarrayindex.html'
UNABLE TO OPEN FILE: <C:\BrAutomation\AS410\Help-en\Data\automationnet/pviservices/classreference/br.an.pviservices~br.an.pviservices.loggerentrycollection.setarrayindex.html> for TOC doc <Help/Communication/PVI Services/BR.AN Namespace/BR.AN.PviServices Namespace/LoggerEntryCollection Class/LoggerEntryCollectionMethods/LoggerEntryCollection.SetArrayIndex Method>, [Errno 2] No such file or directory: 'C:\\BrAutomation\\AS410\\Help-en\\Data\\automationnet/pviservices/classreference/br.an.pviservices~br.an.pviservices.loggerentrycollection.setarrayindex.html'
UNABLE TO OPEN FILE: <C:\BrAutomation\AS410\Help-en\Data\automationnet/pviservices/classreference/br.an.pviservices~br.an.pviservices.loggerentrycollection.updatearrayindices.html> for TOC doc <Help/Communication/PVI Services/BR.AN Namespace/BR.AN.PviServices Namespace/LoggerEntryCollection Class/LoggerEntryCollectionMethods/LoggerEntryCollection.UpdateArrayIndices Method>, [Errno 2] No such file or directory: 'C:\\BrAutomation\\AS410\\Help-en\\Data\\automationnet/pviservices/classreference/br.an.pviservices~br.an.pviservices.loggerentrycollection.updatearrayindices.html'
UNABLE TO OPEN FILE: <C:\BrAutomation\AS410\Help-en\Data\automationnet/pviservices/classreference/br.an.pviservices~br.an.pviservices.logicalcollection.item1.html> for TOC doc <Help/Communication/PVI Services/BR.AN Namespace/BR.AN.PviServices Namespace/LogicalCollection Class/LogicalCollectionProperties/LogicalCollection.Item Property>, [Errno 2] No such file or directory: 'C:\\BrAutomation\\AS410\\Help-en\\Data\\automationnet/pviservices/classreference/br.an.pviservices~br.an.pviservices.logicalcollection.item1.html'
UNABLE TO OPEN FILE: <C:\BrAutomation\AS410\Help-en\Data\automationnet/pviservices/classreference/br.an.pviservices~br.an.pviservices.logicalcollection.connect~overloads.html> for TOC doc <Help/Communication/PVI Services/BR.AN Namespace/BR.AN.PviServices Namespace/LogicalCollection Class/LogicalCollectionMethodsLogicalCollection.Connect Method>, [Errno 2] No such file or directory: 'C:\\BrAutomation\\AS410\\Help-en\\Data\\automationnet/pviservices/classreference/br.an.pviservices~br.an.pviservices.logicalcollection.connect~overloads.html'
UNABLE TO OPEN FILE: <C:\BrAutomation\AS410\Help-en\Data\automationnet/pviservices/classreference/br.an.pviservices~br.an.pviservices.membercollection.connect~overloads.html> for TOC doc <Help/Communication/PVI Services/BR.AN Namespace/BR.AN.PviServices Namespace/MemberCollection Class/MemberCollectionMethodsMemberCollection.Connect Method>, [Errno 2] No such file or directory: 'C:\\BrAutomation\\AS410\\Help-en\\Data\\automationnet/pviservices/classreference/br.an.pviservices~br.an.pviservices.membercollection.connect~overloads.html'
UNABLE TO OPEN FILE: <C:\BrAutomation\AS410\Help-en\Data\automationnet/pviservices/classreference/br.an.pviservices~br.an.pviservices.membercollection.remove~overloads.html> for TOC doc <Help/Communication/PVI Services/BR.AN Namespace/BR.AN.PviServices Namespace/MemberCollection Class/MemberCollectionMethodsMemberCollection.Remove Method>, [Errno 2] No such file or directory: 'C:\\BrAutomation\\AS410\\Help-en\\Data\\automationnet/pviservices/classreference/br.an.pviservices~br.an.pviservices.membercollection.remove~overloads.html'
UNABLE TO OPEN FILE: <C:\BrAutomation\AS410\Help-en\Data\automationnet/pviservices/classreference/br.an.pviservices~br.an.pviservices.memory.oncleaned.html> for TOC doc <Help/Communication/PVI Services/BR.AN Namespace/BR.AN.PviServices Namespace/Memory Class/MemoryMethods/Memory.OnCleaned Method>, [Errno 2] No such file or directory: 'C:\\BrAutomation\\AS410\\Help-en\\Data\\automationnet/pviservices/classreference/br.an.pviservices~br.an.pviservices.memory.oncleaned.html'
UNABLE TO OPEN FILE: <C:\BrAutomation\AS410\Help-en\Data\automationnet/pviservices/classreference/br.an.pviservices~br.an.pviservices.memory.onerror.html> for TOC doc <Help/Communication/PVI Services/BR.AN Namespace/BR.AN.PviServices Namespace/Memory Class/MemoryMethods/Memory.OnError Method>, [Errno 2] No such file or directory: 'C:\\BrAutomation\\AS410\\Help-en\\Data\\automationnet/pviservices/classreference/br.an.pviservices~br.an.pviservices.memory.onerror.html'
UNABLE TO OPEN FILE: <C:\BrAutomation\AS410\Help-en\Data\automationnet/pviservices/classreference/br.an.pviservices~br.an.pviservices.memorycollection.add~overloads.html> for TOC doc <Help/Communication/PVI Services/BR.AN Namespace/BR.AN.PviServices Namespace/MemoryCollection Class/MemoryCollectionMethodsMemoryCollection.Add Method>, [Errno 2] No such file or directory: 'C:\\BrAutomation\\AS410\\Help-en\\Data\\automationnet/pviservices/classreference/br.an.pviservices~br.an.pviservices.memorycollection.add~overloads.html'
UNABLE TO OPEN FILE: <C:\BrAutomation\AS410\Help-en\Data\automationnet/pviservices/classreference/br.an.pviservices~br.an.pviservices.memorycollection.onerror~overloads.html> for TOC doc <Help/Communication/PVI Services/BR.AN Namespace/BR.AN.PviServices Namespace/MemoryCollection Class/MemoryCollectionMethodsMemoryCollection.OnError Method>, [Errno 2] No such file or directory: 'C:\\BrAutomation\\AS410\\Help-en\\Data\\automationnet/pviservices/classreference/br.an.pviservices~br.an.pviservices.memorycollection.onerror~overloads.html'
UNABLE TO OPEN FILE: <C:\BrAutomation\AS410\Help-en\Data\automationnet/pviservices/classreference/br.an.pviservices~br.an.pviservices.memorycollection.onerror1.html> for TOC doc <Help/Communication/PVI Services/BR.AN Namespace/BR.AN.PviServices Namespace/MemoryCollection Class/MemoryCollectionMethods/MemoryCollection.OnError Method/MemoryCollection.OnError(CollectionEventArgs) Method>, [Errno 2] No such file or directory: 'C:\\BrAutomation\\AS410\\Help-en\\Data\\automationnet/pviservices/classreference/br.an.pviservices~br.an.pviservices.memorycollection.onerror1.html'
UNABLE TO OPEN FILE: <C:\BrAutomation\AS410\Help-en\Data\automationnet/pviservices/classreference/br.an.pviservices~br.an.pviservices.modembase.updatedeviceparameters.html> for TOC doc <Help/Communication/PVI Services/BR.AN Namespace/BR.AN.PviServices Namespace/ModemBase Class/ModemBaseMethods/ModemBase.UpdateDeviceParameters Method>, [Errno 2] No such file or directory: 'C:\\BrAutomation\\AS410\\Help-en\\Data\\automationnet/pviservices/classreference/br.an.pviservices~br.an.pviservices.modembase.updatedeviceparameters.html'
UNABLE TO OPEN FILE: <C:\BrAutomation\AS410\Help-en\Data\automationnet/pviservices/classreference/br.an.pviservices~br.an.pviservices.modemnet2000.updatedeviceparameters.html> for TOC doc <Help/Communication/PVI Services/BR.AN Namespace/BR.AN.PviServices Namespace/ModemNET2000 Class/ModemNET2000Methods/ModemNET2000.UpdateDeviceParameters Method>, [Errno 2] No such file or directory: 'C:\\BrAutomation\\AS410\\Help-en\\Data\\automationnet/pviservices/classreference/br.an.pviservices~br.an.pviservices.modemnet2000.updatedeviceparameters.html'
UNABLE TO OPEN FILE: <C:\BrAutomation\AS410\Help-en\Data\automationnet/pviservices/classreference/br.an.pviservices~br.an.pviservices.module~fields.html> for TOC doc <Help/Communication/PVI Services/BR.AN Namespace/BR.AN.PviServices Namespace/Module ClassModuleFields>, [Errno 2] No such file or directory: 'C:\\BrAutomation\\AS410\\Help-en\\Data\\automationnet/pviservices/classreference/br.an.pviservices~br.an.pviservices.module~fields.html'
UNABLE TO OPEN FILE: <C:\BrAutomation\AS410\Help-en\Data\automationnet/pviservices/classreference/br.an.pviservices~br.an.pviservices.module.proppistate.html> for TOC doc <Help/Communication/PVI Services/BR.AN Namespace/BR.AN.PviServices Namespace/Module Class/ModuleFields/Module.propPIState Field>, [Errno 2] No such file or directory: 'C:\\BrAutomation\\AS410\\Help-en\\Data\\automationnet/pviservices/classreference/br.an.pviservices~br.an.pviservices.module.proppistate.html'
UNABLE TO OPEN FILE: <C:\BrAutomation\AS410\Help-en\Data\automationnet/pviservices/classreference/br.an.pviservices~br.an.pviservices.module.getlinkdescription.html> for TOC doc <Help/Communication/PVI Services/BR.AN Namespace/BR.AN.PviServices Namespace/Module Class/ModuleMethods/Module.getLinkDescription Method>, [Errno 2] No such file or directory: 'C:\\BrAutomation\\AS410\\Help-en\\Data\\automationnet/pviservices/classreference/br.an.pviservices~br.an.pviservices.module.getlinkdescription.html'
UNABLE TO OPEN FILE: <C:\BrAutomation\AS410\Help-en\Data\automationnet/pviservices/classreference/br.an.pviservices~br.an.pviservices.module.oncancelled.html> for TOC doc <Help/Communication/PVI Services/BR.AN Namespace/BR.AN.PviServices Namespace/Module Class/ModuleMethods/Module.OnCancelled Method>, [Errno 2] No such file or directory: 'C:\\BrAutomation\\AS410\\Help-en\\Data\\automationnet/pviservices/classreference/br.an.pviservices~br.an.pviservices.module.oncancelled.html'
UNABLE TO OPEN FILE: <C:\BrAutomation\AS410\Help-en\Data\automationnet/pviservices/classreference/br.an.pviservices~br.an.pviservices.module.onconnected.html> for TOC doc <Help/Communication/PVI Services/BR.AN Namespace/BR.AN.PviServices Namespace/Module Class/ModuleMethods/Module.OnConnected Method>, [Errno 2] No such file or directory: 'C:\\BrAutomation\\AS410\\Help-en\\Data\\automationnet/pviservices/classreference/br.an.pviservices~br.an.pviservices.module.onconnected.html'
UNABLE TO OPEN FILE: <C:\BrAutomation\AS410\Help-en\Data\automationnet/pviservices/classreference/br.an.pviservices~br.an.pviservices.module.ondeleted.html> for TOC doc <Help/Communication/PVI Services/BR.AN Namespace/BR.AN.PviServices Namespace/Module Class/ModuleMethods/Module.OnDeleted Method>, [Errno 2] No such file or directory: 'C:\\BrAutomation\\AS410\\Help-en\\Data\\automationnet/pviservices/classreference/br.an.pviservices~br.an.pviservices.module.ondeleted.html'
UNABLE TO OPEN FILE: <C:\BrAutomation\AS410\Help-en\Data\automationnet/pviservices/classreference/br.an.pviservices~br.an.pviservices.module.ondisconnected.html> for TOC doc <Help/Communication/PVI Services/BR.AN Namespace/BR.AN.PviServices Namespace/Module Class/ModuleMethods/Module.OnDisconnected Method>, [Errno 2] No such file or directory: 'C:\\BrAutomation\\AS410\\Help-en\\Data\\automationnet/pviservices/classreference/br.an.pviservices~br.an.pviservices.module.ondisconnected.html'
UNABLE TO OPEN FILE: <C:\BrAutomation\AS410\Help-en\Data\automationnet/pviservices/classreference/br.an.pviservices~br.an.pviservices.module.ondownloaded.html> for TOC doc <Help/Communication/PVI Services/BR.AN Namespace/BR.AN.PviServices Namespace/Module Class/ModuleMethods/Module.OnDownloaded Method>, [Errno 2] No such file or directory: 'C:\\BrAutomation\\AS410\\Help-en\\Data\\automationnet/pviservices/classreference/br.an.pviservices~br.an.pviservices.module.ondownloaded.html'
UNABLE TO OPEN FILE: <C:\BrAutomation\AS410\Help-en\Data\automationnet/pviservices/classreference/br.an.pviservices~br.an.pviservices.module.ondownloadprogress.html> for TOC doc <Help/Communication/PVI Services/BR.AN Namespace/BR.AN.PviServices Namespace/Module Class/ModuleMethods/Module.OnDownloadProgress Method>, [Errno 2] No such file or directory: 'C:\\BrAutomation\\AS410\\Help-en\\Data\\automationnet/pviservices/classreference/br.an.pviservices~br.an.pviservices.module.ondownloadprogress.html'
UNABLE TO OPEN FILE: <C:\BrAutomation\AS410\Help-en\Data\automationnet/pviservices/classreference/br.an.pviservices~br.an.pviservices.module.onerror~overloads.html> for TOC doc <Help/Communication/PVI Services/BR.AN Namespace/BR.AN.PviServices Namespace/Module Class/ModuleMethodsModule.OnError Method>, [Errno 2] No such file or directory: 'C:\\BrAutomation\\AS410\\Help-en\\Data\\automationnet/pviservices/classreference/br.an.pviservices~br.an.pviservices.module.onerror~overloads.html'
UNABLE TO OPEN FILE: <C:\BrAutomation\AS410\Help-en\Data\automationnet/pviservices/classreference/br.an.pviservices~br.an.pviservices.module.onerror1.html> for TOC doc <Help/Communication/PVI Services/BR.AN Namespace/BR.AN.PviServices Namespace/Module Class/ModuleMethods/Module.OnError Method/Module.OnError(PviEventArgs) Method>, [Errno 2] No such file or directory: 'C:\\BrAutomation\\AS410\\Help-en\\Data\\automationnet/pviservices/classreference/br.an.pviservices~br.an.pviservices.module.onerror1.html'
UNABLE TO OPEN FILE: <C:\BrAutomation\AS410\Help-en\Data\automationnet/pviservices/classreference/br.an.pviservices~br.an.pviservices.module.onstarted.html> for TOC doc <Help/Communication/PVI Services/BR.AN Namespace/BR.AN.PviServices Namespace/Module Class/ModuleMethods/Module.OnStarted Method>, [Errno 2] No such file or directory: 'C:\\BrAutomation\\AS410\\Help-en\\Data\\automationnet/pviservices/classreference/br.an.pviservices~br.an.pviservices.module.onstarted.html'
UNABLE TO OPEN FILE: <C:\BrAutomation\AS410\Help-en\Data\automationnet/pviservices/classreference/br.an.pviservices~br.an.pviservices.module.onstopped.html> for TOC doc <Help/Communication/PVI Services/BR.AN Namespace/BR.AN.PviServices Namespace/Module Class/ModuleMethods/Module.OnStopped Method>, [Errno 2] No such file or directory: 'C:\\BrAutomation\\AS410\\Help-en\\Data\\automationnet/pviservices/classreference/br.an.pviservices~br.an.pviservices.module.onstopped.html'
UNABLE TO OPEN FILE: <C:\BrAutomation\AS410\Help-en\Data\automationnet/pviservices/classreference/br.an.pviservices~br.an.pviservices.module.onuploaded.html> for TOC doc <Help/Communication/PVI Services/BR.AN Namespace/BR.AN.PviServices Namespace/Module Class/ModuleMethods/Module.OnUploaded Method>, [Errno 2] No such file or directory: 'C:\\BrAutomation\\AS410\\Help-en\\Data\\automationnet/pviservices/classreference/br.an.pviservices~br.an.pviservices.module.onuploaded.html'
UNABLE TO OPEN FILE: <C:\BrAutomation\AS410\Help-en\Data\automationnet/pviservices/classreference/br.an.pviservices~br.an.pviservices.module.onuploadprogress.html> for TOC doc <Help/Communication/PVI Services/BR.AN Namespace/BR.AN.PviServices Namespace/Module Class/ModuleMethods/Module.OnUploadProgress Method>, [Errno 2] No such file or directory: 'C:\\BrAutomation\\AS410\\Help-en\\Data\\automationnet/pviservices/classreference/br.an.pviservices~br.an.pviservices.module.onuploadprogress.html'
UNABLE TO OPEN FILE: <C:\BrAutomation\AS410\Help-en\Data\automationnet/pviservices/classreference/br.an.pviservices~br.an.pviservices.module.start.html> for TOC doc <Help/Communication/PVI Services/BR.AN Namespace/BR.AN.PviServices Namespace/Module Class/ModuleMethods/Start Method>, [Errno 2] No such file or directory: 'C:\\BrAutomation\\AS410\\Help-en\\Data\\automationnet/pviservices/classreference/br.an.pviservices~br.an.pviservices.module.start.html'
UNABLE TO OPEN FILE: <C:\BrAutomation\AS410\Help-en\Data\automationnet/pviservices/classreference/br.an.pviservices~br.an.pviservices.module.stop.html> for TOC doc <Help/Communication/PVI Services/BR.AN Namespace/BR.AN.PviServices Namespace/Module Class/ModuleMethods/Module.Stop Method>, [Errno 2] No such file or directory: 'C:\\BrAutomation\\AS410\\Help-en\\Data\\automationnet/pviservices/classreference/br.an.pviservices~br.an.pviservices.module.stop.html'
UNABLE TO OPEN FILE: <C:\BrAutomation\AS410\Help-en\Data\automationnet/pviservices/classreference/br.an.pviservices~br.an.pviservices.modulecollection.item1.html> for TOC doc <Help/Communication/PVI Services/BR.AN Namespace/BR.AN.PviServices Namespace/ModuleCollection Class/ModuleCollectionProperties/ModuleCollection.Item Property>, [Errno 2] No such file or directory: 'C:\\BrAutomation\\AS410\\Help-en\\Data\\automationnet/pviservices/classreference/br.an.pviservices~br.an.pviservices.modulecollection.item1.html'
UNABLE TO OPEN FILE: <C:\BrAutomation\AS410\Help-en\Data\automationnet/pviservices/classreference/br.an.pviservices~br.an.pviservices.modulecollection.synchronize.html> for TOC doc <Help/Communication/PVI Services/BR.AN Namespace/BR.AN.PviServices Namespace/ModuleCollection Class/ModuleCollectionProperties/Synchronize Property>, [Errno 2] No such file or directory: 'C:\\BrAutomation\\AS410\\Help-en\\Data\\automationnet/pviservices/classreference/br.an.pviservices~br.an.pviservices.modulecollection.synchronize.html'
UNABLE TO OPEN FILE: <C:\BrAutomation\AS410\Help-en\Data\automationnet/pviservices/classreference/br.an.pviservices~br.an.pviservices.modulecollection.add~overloads.html> for TOC doc <Help/Communication/PVI Services/BR.AN Namespace/BR.AN.PviServices Namespace/ModuleCollection Class/ModuleCollectionMethodsModuleCollection.Add Method>, [Errno 2] No such file or directory: 'C:\\BrAutomation\\AS410\\Help-en\\Data\\automationnet/pviservices/classreference/br.an.pviservices~br.an.pviservices.modulecollection.add~overloads.html'
UNABLE TO OPEN FILE: <C:\BrAutomation\AS410\Help-en\Data\automationnet/pviservices/classreference/br.an.pviservices~br.an.pviservices.modulecollection.connect~overloads.html> for TOC doc <Help/Communication/PVI Services/BR.AN Namespace/BR.AN.PviServices Namespace/ModuleCollection Class/ModuleCollectionMethodsModuleCollection.Connect Method>, [Errno 2] No such file or directory: 'C:\\BrAutomation\\AS410\\Help-en\\Data\\automationnet/pviservices/classreference/br.an.pviservices~br.an.pviservices.modulecollection.connect~overloads.html'
UNABLE TO OPEN FILE: <C:\BrAutomation\AS410\Help-en\Data\automationnet/pviservices/classreference/br.an.pviservices~br.an.pviservices.modulecollection.oncollectiondownloaded.html> for TOC doc <Help/Communication/PVI Services/BR.AN Namespace/BR.AN.PviServices Namespace/ModuleCollection Class/ModuleCollectionMethods/ModuleCollection.OnCollectionDownloaded Method>, [Errno 2] No such file or directory: 'C:\\BrAutomation\\AS410\\Help-en\\Data\\automationnet/pviservices/classreference/br.an.pviservices~br.an.pviservices.modulecollection.oncollectiondownloaded.html'
UNABLE TO OPEN FILE: <C:\BrAutomation\AS410\Help-en\Data\automationnet/pviservices/classreference/br.an.pviservices~br.an.pviservices.modulecollection.oncollectiondownloadprogress.html> for TOC doc <Help/Communication/PVI Services/BR.AN Namespace/BR.AN.PviServices Namespace/ModuleCollection Class/ModuleCollectionMethods/ModuleCollection.OnCollectionDownloadProgress Method>, [Errno 2] No such file or directory: 'C:\\BrAutomation\\AS410\\Help-en\\Data\\automationnet/pviservices/classreference/br.an.pviservices~br.an.pviservices.modulecollection.oncollectiondownloadprogress.html'
UNABLE TO OPEN FILE: <C:\BrAutomation\AS410\Help-en\Data\automationnet/pviservices/classreference/br.an.pviservices~br.an.pviservices.modulecollection.oncollectionuploaded.html> for TOC doc <Help/Communication/PVI Services/BR.AN Namespace/BR.AN.PviServices Namespace/ModuleCollection Class/ModuleCollectionMethods/ModuleCollection.OnCollectionUploaded Method>, [Errno 2] No such file or directory: 'C:\\BrAutomation\\AS410\\Help-en\\Data\\automationnet/pviservices/classreference/br.an.pviservices~br.an.pviservices.modulecollection.oncollectionuploaded.html'
UNABLE TO OPEN FILE: <C:\BrAutomation\AS410\Help-en\Data\automationnet/pviservices/classreference/br.an.pviservices~br.an.pviservices.modulecollection.oncollectionuploadprogress.html> for TOC doc <Help/Communication/PVI Services/BR.AN Namespace/BR.AN.PviServices Namespace/ModuleCollection Class/ModuleCollectionMethods/ModuleCollection.OnCollectionUploadProgress Method>, [Errno 2] No such file or directory: 'C:\\BrAutomation\\AS410\\Help-en\\Data\\automationnet/pviservices/classreference/br.an.pviservices~br.an.pviservices.modulecollection.oncollectionuploadprogress.html'
UNABLE TO OPEN FILE: <C:\BrAutomation\AS410\Help-en\Data\automationnet/pviservices/classreference/br.an.pviservices~br.an.pviservices.modulecollection.onconnected.html> for TOC doc <Help/Communication/PVI Services/BR.AN Namespace/BR.AN.PviServices Namespace/ModuleCollection Class/ModuleCollectionMethods/ModuleCollection.OnConnected Method>, [Errno 2] No such file or directory: 'C:\\BrAutomation\\AS410\\Help-en\\Data\\automationnet/pviservices/classreference/br.an.pviservices~br.an.pviservices.modulecollection.onconnected.html'
UNABLE TO OPEN FILE: <C:\BrAutomation\AS410\Help-en\Data\automationnet/pviservices/classreference/br.an.pviservices~br.an.pviservices.modulecollection.ondisconnected.html> for TOC doc <Help/Communication/PVI Services/BR.AN Namespace/BR.AN.PviServices Namespace/ModuleCollection Class/ModuleCollectionMethods/ModuleCollection.OnDisconnected Method>, [Errno 2] No such file or directory: 'C:\\BrAutomation\\AS410\\Help-en\\Data\\automationnet/pviservices/classreference/br.an.pviservices~br.an.pviservices.modulecollection.ondisconnected.html'
UNABLE TO OPEN FILE: <C:\BrAutomation\AS410\Help-en\Data\automationnet/pviservices/classreference/br.an.pviservices~br.an.pviservices.modulecollection.ondownloadprogress.html> for TOC doc <Help/Communication/PVI Services/BR.AN Namespace/BR.AN.PviServices Namespace/ModuleCollection Class/ModuleCollectionMethods/ModuleCollection.OnDownloadProgress Method>, [Errno 2] No such file or directory: 'C:\\BrAutomation\\AS410\\Help-en\\Data\\automationnet/pviservices/classreference/br.an.pviservices~br.an.pviservices.modulecollection.ondownloadprogress.html'
UNABLE TO OPEN FILE: <C:\BrAutomation\AS410\Help-en\Data\automationnet/pviservices/classreference/br.an.pviservices~br.an.pviservices.modulecollection.onerror~overloads.html> for TOC doc <Help/Communication/PVI Services/BR.AN Namespace/BR.AN.PviServices Namespace/ModuleCollection Class/ModuleCollectionMethodsModuleCollection.OnError Method>, [Errno 2] No such file or directory: 'C:\\BrAutomation\\AS410\\Help-en\\Data\\automationnet/pviservices/classreference/br.an.pviservices~br.an.pviservices.modulecollection.onerror~overloads.html'
UNABLE TO OPEN FILE: <C:\BrAutomation\AS410\Help-en\Data\automationnet/pviservices/classreference/br.an.pviservices~br.an.pviservices.modulecollection.onerror2.html> for TOC doc <Help/Communication/PVI Services/BR.AN Namespace/BR.AN.PviServices Namespace/ModuleCollection Class/ModuleCollectionMethods/ModuleCollection.OnError Method/ModuleCollection.OnError(Base, PviEventArgs) Method>, [Errno 2] No such file or directory: 'C:\\BrAutomation\\AS410\\Help-en\\Data\\automationnet/pviservices/classreference/br.an.pviservices~br.an.pviservices.modulecollection.onerror2.html'
UNABLE TO OPEN FILE: <C:\BrAutomation\AS410\Help-en\Data\automationnet/pviservices/classreference/br.an.pviservices~br.an.pviservices.modulecollection.onerror1.html> for TOC doc <Help/Communication/PVI Services/BR.AN Namespace/BR.AN.PviServices Namespace/ModuleCollection Class/ModuleCollectionMethods/ModuleCollection.OnError Method/ModuleCollection.OnError(CollectionEventArgs) Method>, [Errno 2] No such file or directory: 'C:\\BrAutomation\\AS410\\Help-en\\Data\\automationnet/pviservices/classreference/br.an.pviservices~br.an.pviservices.modulecollection.onerror1.html'
UNABLE TO OPEN FILE: <C:\BrAutomation\AS410\Help-en\Data\automationnet/pviservices/classreference/br.an.pviservices~br.an.pviservices.modulecollection.onmoduleuploaded.html> for TOC doc <Help/Communication/PVI Services/BR.AN Namespace/BR.AN.PviServices Namespace/ModuleCollection Class/ModuleCollectionMethods/ModuleCollection.OnModuleUploaded Method>, [Errno 2] No such file or directory: 'C:\\BrAutomation\\AS410\\Help-en\\Data\\automationnet/pviservices/classreference/br.an.pviservices~br.an.pviservices.modulecollection.onmoduleuploaded.html'
UNABLE TO OPEN FILE: <C:\BrAutomation\AS410\Help-en\Data\automationnet/pviservices/classreference/br.an.pviservices~br.an.pviservices.modulecollection.onuploadprogress.html> for TOC doc <Help/Communication/PVI Services/BR.AN Namespace/BR.AN.PviServices Namespace/ModuleCollection Class/ModuleCollectionMethods/ModuleCollection.OnUploadProgress Method>, [Errno 2] No such file or directory: 'C:\\BrAutomation\\AS410\\Help-en\\Data\\automationnet/pviservices/classreference/br.an.pviservices~br.an.pviservices.modulecollection.onuploadprogress.html'
UNABLE TO OPEN FILE: <C:\BrAutomation\AS410\Help-en\Data\automationnet/pviservices/classreference/br.an.pviservices~br.an.pviservices.networkadapter.disconnect~overloads.html> for TOC doc <Help/Communication/PVI Services/BR.AN Namespace/BR.AN.PviServices Namespace/NetworkAdapter Class/NetworkAdapterMethodsNetworkAdapter.Disconnect Method>, [Errno 2] No such file or directory: 'C:\\BrAutomation\\AS410\\Help-en\\Data\\automationnet/pviservices/classreference/br.an.pviservices~br.an.pviservices.networkadapter.disconnect~overloads.html'
UNABLE TO OPEN FILE: <C:\BrAutomation\AS410\Help-en\Data\automationnet/pviservices/classreference/br.an.pviservices~br.an.pviservices.pinvokepvicom.~ctor.html> for TOC doc <Help/Communication/PVI Services/BR.AN Namespace/BR.AN.PviServices Namespace/PInvokePvicom Class/PInvokePvicom Constructor>, [Errno 2] No such file or directory: 'C:\\BrAutomation\\AS410\\Help-en\\Data\\automationnet/pviservices/classreference/br.an.pviservices~br.an.pviservices.pinvokepvicom.~ctor.html'
UNABLE TO OPEN FILE: <C:\BrAutomation\AS410\Help-en\Data\automationnet/pviservices/classreference/br.an.pviservices~br.an.pviservices.profiler.ondeinstalled.html> for TOC doc <Help/Communication/PVI Services/BR.AN Namespace/BR.AN.PviServices Namespace/Profiler Class/ProfilerMethods/Profiler.OnDeinstalled Method>, [Errno 2] No such file or directory: 'C:\\BrAutomation\\AS410\\Help-en\\Data\\automationnet/pviservices/classreference/br.an.pviservices~br.an.pviservices.profiler.ondeinstalled.html'
UNABLE TO OPEN FILE: <C:\BrAutomation\AS410\Help-en\Data\automationnet/pviservices/classreference/br.an.pviservices~br.an.pviservices.profiler.onerror.html> for TOC doc <Help/Communication/PVI Services/BR.AN Namespace/BR.AN.PviServices Namespace/Profiler Class/ProfilerMethods/Profiler.OnError Method>, [Errno 2] No such file or directory: 'C:\\BrAutomation\\AS410\\Help-en\\Data\\automationnet/pviservices/classreference/br.an.pviservices~br.an.pviservices.profiler.onerror.html'
UNABLE TO OPEN FILE: <C:\BrAutomation\AS410\Help-en\Data\automationnet/pviservices/classreference/br.an.pviservices~br.an.pviservices.profiler.oninforead.html> for TOC doc <Help/Communication/PVI Services/BR.AN Namespace/BR.AN.PviServices Namespace/Profiler Class/ProfilerMethods/Profiler.OnInfoRead Method>, [Errno 2] No such file or directory: 'C:\\BrAutomation\\AS410\\Help-en\\Data\\automationnet/pviservices/classreference/br.an.pviservices~br.an.pviservices.profiler.oninforead.html'
UNABLE TO OPEN FILE: <C:\BrAutomation\AS410\Help-en\Data\automationnet/pviservices/classreference/br.an.pviservices~br.an.pviservices.profiler.oninstalled.html> for TOC doc <Help/Communication/PVI Services/BR.AN Namespace/BR.AN.PviServices Namespace/Profiler Class/ProfilerMethods/Profiler.OnInstalled Method>, [Errno 2] No such file or directory: 'C:\\BrAutomation\\AS410\\Help-en\\Data\\automationnet/pviservices/classreference/br.an.pviservices~br.an.pviservices.profiler.oninstalled.html'
UNABLE TO OPEN FILE: <C:\BrAutomation\AS410\Help-en\Data\automationnet/pviservices/classreference/br.an.pviservices~br.an.pviservices.profiler.onstackread.html> for TOC doc <Help/Communication/PVI Services/BR.AN Namespace/BR.AN.PviServices Namespace/Profiler Class/ProfilerMethods/Profiler.OnStackRead Method>, [Errno 2] No such file or directory: 'C:\\BrAutomation\\AS410\\Help-en\\Data\\automationnet/pviservices/classreference/br.an.pviservices~br.an.pviservices.profiler.onstackread.html'
UNABLE TO OPEN FILE: <C:\BrAutomation\AS410\Help-en\Data\automationnet/pviservices/classreference/br.an.pviservices~br.an.pviservices.profiler.onstarted.html> for TOC doc <Help/Communication/PVI Services/BR.AN Namespace/BR.AN.PviServices Namespace/Profiler Class/ProfilerMethods/Profiler.OnStarted Method>, [Errno 2] No such file or directory: 'C:\\BrAutomation\\AS410\\Help-en\\Data\\automationnet/pviservices/classreference/br.an.pviservices~br.an.pviservices.profiler.onstarted.html'
UNABLE TO OPEN FILE: <C:\BrAutomation\AS410\Help-en\Data\automationnet/pviservices/classreference/br.an.pviservices~br.an.pviservices.profiler.onstateread.html> for TOC doc <Help/Communication/PVI Services/BR.AN Namespace/BR.AN.PviServices Namespace/Profiler Class/ProfilerMethods/Profiler.OnStateRead Method>, [Errno 2] No such file or directory: 'C:\\BrAutomation\\AS410\\Help-en\\Data\\automationnet/pviservices/classreference/br.an.pviservices~br.an.pviservices.profiler.onstateread.html'
UNABLE TO OPEN FILE: <C:\BrAutomation\AS410\Help-en\Data\automationnet/pviservices/classreference/br.an.pviservices~br.an.pviservices.profiler.onstopped.html> for TOC doc <Help/Communication/PVI Services/BR.AN Namespace/BR.AN.PviServices Namespace/Profiler Class/ProfilerMethods/Profiler.OnStopped Method>, [Errno 2] No such file or directory: 'C:\\BrAutomation\\AS410\\Help-en\\Data\\automationnet/pviservices/classreference/br.an.pviservices~br.an.pviservices.profiler.onstopped.html'
UNABLE TO OPEN FILE: <C:\BrAutomation\AS410\Help-en\Data\automationnet/pviservices/classreference/br.an.pviservices~br.an.pviservices.profiler.tts_read.html> for TOC doc <Help/Communication/PVI Services/BR.AN Namespace/BR.AN.PviServices Namespace/Profiler Class/ProfilerMethods/Profiler.TTS_Read Method>, [Errno 2] No such file or directory: 'C:\\BrAutomation\\AS410\\Help-en\\Data\\automationnet/pviservices/classreference/br.an.pviservices~br.an.pviservices.profiler.tts_read.html'
UNABLE TO OPEN FILE: <C:\BrAutomation\AS410\Help-en\Data\automationnet/pviservices/classreference/br.an.pviservices~br.an.pviservices.profiler.tts_write.html> for TOC doc <Help/Communication/PVI Services/BR.AN Namespace/BR.AN.PviServices Namespace/Profiler Class/ProfilerMethods/Profiler.TTS_Write Method>, [Errno 2] No such file or directory: 'C:\\BrAutomation\\AS410\\Help-en\\Data\\automationnet/pviservices/classreference/br.an.pviservices~br.an.pviservices.profiler.tts_write.html'
UNABLE TO OPEN FILE: <C:\BrAutomation\AS410\Help-en\Data\automationnet/pviservices/classreference/br.an.pviservices~br.an.pviservices.pvicbevents~members.html> for TOC doc <Help/Communication/PVI Services/BR.AN Namespace/BR.AN.PviServices Namespace/PviCBEvents Class/PviCBEvents Members>, [Errno 2] No such file or directory: 'C:\\BrAutomation\\AS410\\Help-en\\Data\\automationnet/pviservices/classreference/br.an.pviservices~br.an.pviservices.pvicbevents~members.html'
UNABLE TO OPEN FILE: <C:\BrAutomation\AS410\Help-en\Data\automationnet/pviservices/classreference/br.an.pviservices~br.an.pviservices.pvicbevents.~ctor.html> for TOC doc <Help/Communication/PVI Services/BR.AN Namespace/BR.AN.PviServices Namespace/PviCBEvents Class/PviCBEvents Constructor>, [Errno 2] No such file or directory: 'C:\\BrAutomation\\AS410\\Help-en\\Data\\automationnet/pviservices/classreference/br.an.pviservices~br.an.pviservices.pvicbevents.~ctor.html'
UNABLE TO OPEN FILE: <C:\BrAutomation\AS410\Help-en\Data\automationnet/pviservices/classreference/br.an.pviservices~br.an.pviservices.serial.updatedeviceparameters.html> for TOC doc <Help/Communication/PVI Services/BR.AN Namespace/BR.AN.PviServices Namespace/Serial Class/SerialMethods/Serial.UpdateDeviceParameters Method>, [Errno 2] No such file or directory: 'C:\\BrAutomation\\AS410\\Help-en\\Data\\automationnet/pviservices/classreference/br.an.pviservices~br.an.pviservices.serial.updatedeviceparameters.html'
UNABLE TO OPEN FILE: <C:\BrAutomation\AS410\Help-en\Data\automationnet/pviservices/classreference/br.an.pviservices~br.an.pviservices.service.callback.html> for TOC doc <Help/Communication/PVI Services/BR.AN Namespace/BR.AN.PviServices Namespace/Service Class/ServiceMethods/Service.Callback Method>, [Errno 2] No such file or directory: 'C:\\BrAutomation\\AS410\\Help-en\\Data\\automationnet/pviservices/classreference/br.an.pviservices~br.an.pviservices.service.callback.html'
UNABLE TO OPEN FILE: <C:\BrAutomation\AS410\Help-en\Data\automationnet/pviservices/classreference/br.an.pviservices~br.an.pviservices.service.loadconfiguration5.html> for TOC doc <Help/Communication/PVI Services/BR.AN Namespace/BR.AN.PviServices Namespace/Service Class/ServiceMethods/Service.LoadConfiguration Method/Service.LoadConfiguration(StreamReader, ConfigurationFlags) Method>, [Errno 2] No such file or directory: 'C:\\BrAutomation\\AS410\\Help-en\\Data\\automationnet/pviservices/classreference/br.an.pviservices~br.an.pviservices.service.loadconfiguration5.html'
UNABLE TO OPEN FILE: <C:\BrAutomation\AS410\Help-en\Data\automationnet/pviservices/classreference/br.an.pviservices~br.an.pviservices.service.loadconfiguration4.html> for TOC doc <Help/Communication/PVI Services/BR.AN Namespace/BR.AN.PviServices Namespace/Service Class/ServiceMethods/Service.LoadConfiguration Method/Service.LoadConfiguration(String, ConfigurationFlags) Method>, [Errno 2] No such file or directory: 'C:\\BrAutomation\\AS410\\Help-en\\Data\\automationnet/pviservices/classreference/br.an.pviservices~br.an.pviservices.service.loadconfiguration4.html'
UNABLE TO OPEN FILE: <C:\BrAutomation\AS410\Help-en\Data\automationnet/pviservices/classreference/br.an.pviservices~br.an.pviservices.service.loadconfiguration3.html> for TOC doc <Help/Communication/PVI Services/BR.AN Namespace/BR.AN.PviServices Namespace/Service Class/ServiceMethods/Service.LoadConfiguration Method/Service.LoadConfiguration(XmlTextReader, ConfigurationFlags) Method>, [Errno 2] No such file or directory: 'C:\\BrAutomation\\AS410\\Help-en\\Data\\automationnet/pviservices/classreference/br.an.pviservices~br.an.pviservices.service.loadconfiguration3.html'
UNABLE TO OPEN FILE: <C:\BrAutomation\AS410\Help-en\Data\automationnet/pviservices/classreference/br.an.pviservices~br.an.pviservices.service.onconnected.html> for TOC doc <Help/Communication/PVI Services/BR.AN Namespace/BR.AN.PviServices Namespace/Service Class/ServiceMethods/Service.OnConnected Method>, [Errno 2] No such file or directory: 'C:\\BrAutomation\\AS410\\Help-en\\Data\\automationnet/pviservices/classreference/br.an.pviservices~br.an.pviservices.service.onconnected.html'
UNABLE TO OPEN FILE: <C:\BrAutomation\AS410\Help-en\Data\automationnet/pviservices/classreference/br.an.pviservices~br.an.pviservices.service.ondisconnected.html> for TOC doc <Help/Communication/PVI Services/BR.AN Namespace/BR.AN.PviServices Namespace/Service Class/ServiceMethods/Service.OnDisconnected Method>, [Errno 2] No such file or directory: 'C:\\BrAutomation\\AS410\\Help-en\\Data\\automationnet/pviservices/classreference/br.an.pviservices~br.an.pviservices.service.ondisconnected.html'
UNABLE TO OPEN FILE: <C:\BrAutomation\AS410\Help-en\Data\automationnet/pviservices/classreference/br.an.pviservices~br.an.pviservices.service.onerror~overloads.html> for TOC doc <Help/Communication/PVI Services/BR.AN Namespace/BR.AN.PviServices Namespace/Service Class/ServiceMethodsService.OnError Method>, [Errno 2] No such file or directory: 'C:\\BrAutomation\\AS410\\Help-en\\Data\\automationnet/pviservices/classreference/br.an.pviservices~br.an.pviservices.service.onerror~overloads.html'
UNABLE TO OPEN FILE: <C:\BrAutomation\AS410\Help-en\Data\automationnet/pviservices/classreference/br.an.pviservices~br.an.pviservices.service.onerror1.html> for TOC doc <Help/Communication/PVI Services/BR.AN Namespace/BR.AN.PviServices Namespace/Service Class/ServiceMethods/Service.OnError Method/Service.OnError(PviEventArgs) Method>, [Errno 2] No such file or directory: 'C:\\BrAutomation\\AS410\\Help-en\\Data\\automationnet/pviservices/classreference/br.an.pviservices~br.an.pviservices.service.onerror1.html'
UNABLE TO OPEN FILE: <C:\BrAutomation\AS410\Help-en\Data\automationnet/pviservices/classreference/br.an.pviservices~br.an.pviservices.service.onerror2.html> for TOC doc <Help/Communication/PVI Services/BR.AN Namespace/BR.AN.PviServices Namespace/Service Class/ServiceMethods/Service.OnError Method/Service.OnError(Object, PviEventArgs) Method>, [Errno 2] No such file or directory: 'C:\\BrAutomation\\AS410\\Help-en\\Data\\automationnet/pviservices/classreference/br.an.pviservices~br.an.pviservices.service.onerror2.html'
UNABLE TO OPEN FILE: <C:\BrAutomation\AS410\Help-en\Data\automationnet/pviservices/classreference/br.an.pviservices~br.an.pviservices.service.onlicencinfoupdated.html> for TOC doc <Help/Communication/PVI Services/BR.AN Namespace/BR.AN.PviServices Namespace/Service Class/ServiceMethods/Service.OnLicencInfoUpdated Method>, [Errno 2] No such file or directory: 'C:\\BrAutomation\\AS410\\Help-en\\Data\\automationnet/pviservices/classreference/br.an.pviservices~br.an.pviservices.service.onlicencinfoupdated.html'
UNABLE TO OPEN FILE: <C:\BrAutomation\AS410\Help-en\Data\automationnet/pviservices/classreference/br.an.pviservices~br.an.pviservices.service.onpviobjectsattached.html> for TOC doc <Help/Communication/PVI Services/BR.AN Namespace/BR.AN.PviServices Namespace/Service Class/ServiceMethods/Service.OnPVIObjectsAttached Method>, [Errno 2] No such file or directory: 'C:\\BrAutomation\\AS410\\Help-en\\Data\\automationnet/pviservices/classreference/br.an.pviservices~br.an.pviservices.service.onpviobjectsattached.html'
UNABLE TO OPEN FILE: <C:\BrAutomation\AS410\Help-en\Data\automationnet/pviservices/classreference/br.an.pviservices~br.an.pviservices.servicecollection.item1.html> for TOC doc <Help/Communication/PVI Services/BR.AN Namespace/BR.AN.PviServices Namespace/ServiceCollection Class/ServiceCollectionProperties/ServiceCollection.Item Property>, [Errno 2] No such file or directory: 'C:\\BrAutomation\\AS410\\Help-en\\Data\\automationnet/pviservices/classreference/br.an.pviservices~br.an.pviservices.servicecollection.item1.html'
UNABLE TO OPEN FILE: <C:\BrAutomation\AS410\Help-en\Data\automationnet/pviservices/classreference/br.an.pviservices~br.an.pviservices.servicecollection.add~overloads.html> for TOC doc <Help/Communication/PVI Services/BR.AN Namespace/BR.AN.PviServices Namespace/ServiceCollection Class/ServiceCollectionMethodsServiceCollection.Add Method>, [Errno 2] No such file or directory: 'C:\\BrAutomation\\AS410\\Help-en\\Data\\automationnet/pviservices/classreference/br.an.pviservices~br.an.pviservices.servicecollection.add~overloads.html'
UNABLE TO OPEN FILE: <C:\BrAutomation\AS410\Help-en\Data\automationnet/pviservices/classreference/br.an.pviservices~br.an.pviservices.servicecollection.connect~overloads.html> for TOC doc <Help/Communication/PVI Services/BR.AN Namespace/BR.AN.PviServices Namespace/ServiceCollection Class/ServiceCollectionMethodsServiceCollection.Connect Method>, [Errno 2] No such file or directory: 'C:\\BrAutomation\\AS410\\Help-en\\Data\\automationnet/pviservices/classreference/br.an.pviservices~br.an.pviservices.servicecollection.connect~overloads.html'
UNABLE TO OPEN FILE: <C:\BrAutomation\AS410\Help-en\Data\automationnet/pviservices/classreference/br.an.pviservices~br.an.pviservices.servicecollection.loadconfiguration3.html> for TOC doc <Help/Communication/PVI Services/BR.AN Namespace/BR.AN.PviServices Namespace/ServiceCollection Class/ServiceCollectionMethods/ServiceCollection.LoadConfiguration Method/ServiceCollection.LoadConfiguration(StreamReader) Method>, [Errno 2] No such file or directory: 'C:\\BrAutomation\\AS410\\Help-en\\Data\\automationnet/pviservices/classreference/br.an.pviservices~br.an.pviservices.servicecollection.loadconfiguration3.html'
UNABLE TO OPEN FILE: <C:\BrAutomation\AS410\Help-en\Data\automationnet/pviservices/classreference/br.an.pviservices~br.an.pviservices.servicecollection.loadconfiguration4.html> for TOC doc <Help/Communication/PVI Services/BR.AN Namespace/BR.AN.PviServices Namespace/ServiceCollection Class/ServiceCollectionMethods/ServiceCollection.LoadConfiguration Method/ServiceCollection.LoadConfiguration(String, ConfigurationFlags) Method>, [Errno 2] No such file or directory: 'C:\\BrAutomation\\AS410\\Help-en\\Data\\automationnet/pviservices/classreference/br.an.pviservices~br.an.pviservices.servicecollection.loadconfiguration4.html'
UNABLE TO OPEN FILE: <C:\BrAutomation\AS410\Help-en\Data\automationnet/pviservices/classreference/br.an.pviservices~br.an.pviservices.shared.updatedeviceparameters.html> for TOC doc <Help/Communication/PVI Services/BR.AN Namespace/BR.AN.PviServices Namespace/Shared Class/SharedMethods/Shared.UpdateDeviceParameters Method>, [Errno 2] No such file or directory: 'C:\\BrAutomation\\AS410\\Help-en\\Data\\automationnet/pviservices/classreference/br.an.pviservices~br.an.pviservices.shared.updatedeviceparameters.html'
UNABLE TO OPEN FILE: <C:\BrAutomation\AS410\Help-en\Data\automationnet/pviservices/classreference/br.an.pviservices~br.an.pviservices.snmpbase~fields.html> for TOC doc <Help/Communication/PVI Services/BR.AN Namespace/BR.AN.PviServices Namespace/SNMPBase ClassSNMPBaseFields>, [Errno 2] No such file or directory: 'C:\\BrAutomation\\AS410\\Help-en\\Data\\automationnet/pviservices/classreference/br.an.pviservices~br.an.pviservices.snmpbase~fields.html'
UNABLE TO OPEN FILE: <C:\BrAutomation\AS410\Help-en\Data\automationnet/pviservices/classreference/br.an.pviservices~br.an.pviservices.snmpbase.propparent.html> for TOC doc <Help/Communication/PVI Services/BR.AN Namespace/BR.AN.PviServices Namespace/SNMPBase Class/SNMPBaseFields/SNMPBase.propParent Field>, [Errno 2] No such file or directory: 'C:\\BrAutomation\\AS410\\Help-en\\Data\\automationnet/pviservices/classreference/br.an.pviservices~br.an.pviservices.snmpbase.propparent.html'
UNABLE TO OPEN FILE: <C:\BrAutomation\AS410\Help-en\Data\automationnet/pviservices/classreference/br.an.pviservices~br.an.pviservices.snmpbase.propservice.html> for TOC doc <Help/Communication/PVI Services/BR.AN Namespace/BR.AN.PviServices Namespace/SNMPBase Class/SNMPBaseFields/SNMPBase.propService Field>, [Errno 2] No such file or directory: 'C:\\BrAutomation\\AS410\\Help-en\\Data\\automationnet/pviservices/classreference/br.an.pviservices~br.an.pviservices.snmpbase.propservice.html'
UNABLE TO OPEN FILE: <C:\BrAutomation\AS410\Help-en\Data\automationnet/pviservices/classreference/br.an.pviservices~br.an.pviservices.snmpbase.propservicearrayindex.html> for TOC doc <Help/Communication/PVI Services/BR.AN Namespace/BR.AN.PviServices Namespace/SNMPBase Class/SNMPBaseFields/propServiceArrayIndex Field>, [Errno 2] No such file or directory: 'C:\\BrAutomation\\AS410\\Help-en\\Data\\automationnet/pviservices/classreference/br.an.pviservices~br.an.pviservices.snmpbase.propservicearrayindex.html'
UNABLE TO OPEN FILE: <C:\BrAutomation\AS410\Help-en\Data\automationnet/pviservices/classreference/br.an.pviservices~br.an.pviservices.snmpbase.getsnmpvariables.html> for TOC doc <Help/Communication/PVI Services/BR.AN Namespace/BR.AN.PviServices Namespace/SNMPBase Class/SNMPBaseMethods/SNMPBase.GetSNMPVariables Method>, [Errno 2] No such file or directory: 'C:\\BrAutomation\\AS410\\Help-en\\Data\\automationnet/pviservices/classreference/br.an.pviservices~br.an.pviservices.snmpbase.getsnmpvariables.html'
UNABLE TO OPEN FILE: <C:\BrAutomation\AS410\Help-en\Data\automationnet/pviservices/classreference/br.an.pviservices~br.an.pviservices.snmpbase.onerror.html> for TOC doc <Help/Communication/PVI Services/BR.AN Namespace/BR.AN.PviServices Namespace/SNMPBase Class/SNMPBaseMethods/SNMPBase.OnError Method>, [Errno 2] No such file or directory: 'C:\\BrAutomation\\AS410\\Help-en\\Data\\automationnet/pviservices/classreference/br.an.pviservices~br.an.pviservices.snmpbase.onerror.html'
UNABLE TO OPEN FILE: <C:\BrAutomation\AS410\Help-en\Data\automationnet/pviservices/classreference/br.an.pviservices~br.an.pviservices.snmpbase.onsearchcompleted.html> for TOC doc <Help/Communication/PVI Services/BR.AN Namespace/BR.AN.PviServices Namespace/SNMPBase Class/SNMPBaseMethods/SNMPBase.OnSearchCompleted Method>, [Errno 2] No such file or directory: 'C:\\BrAutomation\\AS410\\Help-en\\Data\\automationnet/pviservices/classreference/br.an.pviservices~br.an.pviservices.snmpbase.onsearchcompleted.html'
UNABLE TO OPEN FILE: <C:\BrAutomation\AS410\Help-en\Data\automationnet/pviservices/classreference/br.an.pviservices~br.an.pviservices.snmpcollectionbase~fields.html> for TOC doc <Help/Communication/PVI Services/BR.AN Namespace/BR.AN.PviServices Namespace/SNMPCollectionBase ClassSNMPCollectionBaseFields>, [Errno 2] No such file or directory: 'C:\\BrAutomation\\AS410\\Help-en\\Data\\automationnet/pviservices/classreference/br.an.pviservices~br.an.pviservices.snmpcollectionbase~fields.html'
UNABLE TO OPEN FILE: <C:\BrAutomation\AS410\Help-en\Data\automationnet/pviservices/classreference/br.an.pviservices~br.an.pviservices.snmpcollectionbase.proprequestcount.html> for TOC doc <Help/Communication/PVI Services/BR.AN Namespace/BR.AN.PviServices Namespace/SNMPCollectionBase Class/SNMPCollectionBaseFields/SNMPCollectionBase.propRequestCount Field>, [Errno 2] No such file or directory: 'C:\\BrAutomation\\AS410\\Help-en\\Data\\automationnet/pviservices/classreference/br.an.pviservices~br.an.pviservices.snmpcollectionbase.proprequestcount.html'
UNABLE TO OPEN FILE: <C:\BrAutomation\AS410\Help-en\Data\automationnet/pviservices/classreference/br.an.pviservices~br.an.pviservices.snmpcollectionbase.proprequesting.html> for TOC doc <Help/Communication/PVI Services/BR.AN Namespace/BR.AN.PviServices Namespace/SNMPCollectionBase Class/SNMPCollectionBaseFields/SNMPCollectionBase.propRequesting Field>, [Errno 2] No such file or directory: 'C:\\BrAutomation\\AS410\\Help-en\\Data\\automationnet/pviservices/classreference/br.an.pviservices~br.an.pviservices.snmpcollectionbase.proprequesting.html'
UNABLE TO OPEN FILE: <C:\BrAutomation\AS410\Help-en\Data\automationnet/pviservices/classreference/br.an.pviservices~br.an.pviservices.snmpcollectionbase.onchanged.html> for TOC doc <Help/Communication/PVI Services/BR.AN Namespace/BR.AN.PviServices Namespace/SNMPCollectionBase Class/SNMPCollectionBaseMethods/SNMPCollectionBase.OnChanged Method>, [Errno 2] No such file or directory: 'C:\\BrAutomation\\AS410\\Help-en\\Data\\automationnet/pviservices/classreference/br.an.pviservices~br.an.pviservices.snmpcollectionbase.onchanged.html'
UNABLE TO OPEN FILE: <C:\BrAutomation\AS410\Help-en\Data\automationnet/pviservices/classreference/br.an.pviservices~br.an.pviservices.snmpvariablecollection.onvaluesread.html> for TOC doc <Help/Communication/PVI Services/BR.AN Namespace/BR.AN.PviServices Namespace/SNMPVariableCollection Class/SNMPVariableCollectionMethods/SNMPVariableCollection.OnValuesRead Method>, [Errno 2] No such file or directory: 'C:\\BrAutomation\\AS410\\Help-en\\Data\\automationnet/pviservices/classreference/br.an.pviservices~br.an.pviservices.snmpvariablecollection.onvaluesread.html'
UNABLE TO OPEN FILE: <C:\BrAutomation\AS410\Help-en\Data\automationnet/pviservices/classreference/br.an.pviservices~br.an.pviservices.snmpvariablecollection.onvalueswritten.html> for TOC doc <Help/Communication/PVI Services/BR.AN Namespace/BR.AN.PviServices Namespace/SNMPVariableCollection Class/SNMPVariableCollectionMethods/SNMPVariableCollection.OnValuesWritten Method>, [Errno 2] No such file or directory: 'C:\\BrAutomation\\AS410\\Help-en\\Data\\automationnet/pviservices/classreference/br.an.pviservices~br.an.pviservices.snmpvariablecollection.onvalueswritten.html'
UNABLE TO OPEN FILE: <C:\BrAutomation\AS410\Help-en\Data\automationnet/pviservices/classreference/br.an.pviservices~br.an.pviservices.structmembercollection~fields.html> for TOC doc <Help/Communication/PVI Services/BR.AN Namespace/BR.AN.PviServices Namespace/StructMemberCollection ClassStructMemberCollectionFields>, [Errno 2] No such file or directory: 'C:\\BrAutomation\\AS410\\Help-en\\Data\\automationnet/pviservices/classreference/br.an.pviservices~br.an.pviservices.structmembercollection~fields.html'
UNABLE TO OPEN FILE: <C:\BrAutomation\AS410\Help-en\Data\automationnet/pviservices/classreference/br.an.pviservices~br.an.pviservices.structmembercollection.propcount.html> for TOC doc <Help/Communication/PVI Services/BR.AN Namespace/BR.AN.PviServices Namespace/StructMemberCollection Class/StructMemberCollectionFields/StructMemberCollection.propCount Field>, [Errno 2] No such file or directory: 'C:\\BrAutomation\\AS410\\Help-en\\Data\\automationnet/pviservices/classreference/br.an.pviservices~br.an.pviservices.structmembercollection.propcount.html'
UNABLE TO OPEN FILE: <C:\BrAutomation\AS410\Help-en\Data\automationnet/pviservices/classreference/br.an.pviservices~br.an.pviservices.task.disconnect~overloads.html> for TOC doc <Help/Communication/PVI Services/BR.AN Namespace/BR.AN.PviServices Namespace/Task Class/TaskMethodsTask.Disconnect Method>, [Errno 2] No such file or directory: 'C:\\BrAutomation\\AS410\\Help-en\\Data\\automationnet/pviservices/classreference/br.an.pviservices~br.an.pviservices.task.disconnect~overloads.html'
UNABLE TO OPEN FILE: <C:\BrAutomation\AS410\Help-en\Data\automationnet/pviservices/classreference/br.an.pviservices~br.an.pviservices.task.getlinkdescription.html> for TOC doc <Help/Communication/PVI Services/BR.AN Namespace/BR.AN.PviServices Namespace/Task Class/TaskMethods/Task.getLinkDescription Method>, [Errno 2] No such file or directory: 'C:\\BrAutomation\\AS410\\Help-en\\Data\\automationnet/pviservices/classreference/br.an.pviservices~br.an.pviservices.task.getlinkdescription.html'
UNABLE TO OPEN FILE: <C:\BrAutomation\AS410\Help-en\Data\automationnet/pviservices/classreference/br.an.pviservices~br.an.pviservices.task.onconnected.html> for TOC doc <Help/Communication/PVI Services/BR.AN Namespace/BR.AN.PviServices Namespace/Task Class/TaskMethods/Task.OnConnected Method>, [Errno 2] No such file or directory: 'C:\\BrAutomation\\AS410\\Help-en\\Data\\automationnet/pviservices/classreference/br.an.pviservices~br.an.pviservices.task.onconnected.html'
UNABLE TO OPEN FILE: <C:\BrAutomation\AS410\Help-en\Data\automationnet/pviservices/classreference/br.an.pviservices~br.an.pviservices.task.ondisconnected.html> for TOC doc <Help/Communication/PVI Services/BR.AN Namespace/BR.AN.PviServices Namespace/Task Class/TaskMethods/Task.OnDisconnected Method>, [Errno 2] No such file or directory: 'C:\\BrAutomation\\AS410\\Help-en\\Data\\automationnet/pviservices/classreference/br.an.pviservices~br.an.pviservices.task.ondisconnected.html'
UNABLE TO OPEN FILE: <C:\BrAutomation\AS410\Help-en\Data\automationnet/pviservices/classreference/br.an.pviservices~br.an.pviservices.task.onerror~overloads.html> for TOC doc <Help/Communication/PVI Services/BR.AN Namespace/BR.AN.PviServices Namespace/Task Class/TaskMethodsTask.OnError Method>, [Errno 2] No such file or directory: 'C:\\BrAutomation\\AS410\\Help-en\\Data\\automationnet/pviservices/classreference/br.an.pviservices~br.an.pviservices.task.onerror~overloads.html'
UNABLE TO OPEN FILE: <C:\BrAutomation\AS410\Help-en\Data\automationnet/pviservices/classreference/br.an.pviservices~br.an.pviservices.task.onerror1.html> for TOC doc <Help/Communication/PVI Services/BR.AN Namespace/BR.AN.PviServices Namespace/Task Class/TaskMethods/Task.OnError Method/Task.OnError(PviEventArgs) Method>, [Errno 2] No such file or directory: 'C:\\BrAutomation\\AS410\\Help-en\\Data\\automationnet/pviservices/classreference/br.an.pviservices~br.an.pviservices.task.onerror1.html'
UNABLE TO OPEN FILE: <C:\BrAutomation\AS410\Help-en\Data\automationnet/pviservices/classreference/br.an.pviservices~br.an.pviservices.taskclasscollection.item1.html> for TOC doc <Help/Communication/PVI Services/BR.AN Namespace/BR.AN.PviServices Namespace/TaskClassCollection Class/TaskClassCollectionProperties/TaskClassCollection.Item Property>, [Errno 2] No such file or directory: 'C:\\BrAutomation\\AS410\\Help-en\\Data\\automationnet/pviservices/classreference/br.an.pviservices~br.an.pviservices.taskclasscollection.item1.html'
UNABLE TO OPEN FILE: <C:\BrAutomation\AS410\Help-en\Data\automationnet/pviservices/classreference/br.an.pviservices~br.an.pviservices.taskclasscollection.onerror~overloads.html> for TOC doc <Help/Communication/PVI Services/BR.AN Namespace/BR.AN.PviServices Namespace/TaskClassCollection Class/TaskClassCollectionMethodsTaskClassCollection.OnError Method>, [Errno 2] No such file or directory: 'C:\\BrAutomation\\AS410\\Help-en\\Data\\automationnet/pviservices/classreference/br.an.pviservices~br.an.pviservices.taskclasscollection.onerror~overloads.html'
UNABLE TO OPEN FILE: <C:\BrAutomation\AS410\Help-en\Data\automationnet/pviservices/classreference/br.an.pviservices~br.an.pviservices.taskclasscollection.onerror1.html> for TOC doc <Help/Communication/PVI Services/BR.AN Namespace/BR.AN.PviServices Namespace/TaskClassCollection Class/TaskClassCollectionMethods/TaskClassCollection.OnError Method/TaskClassCollection.OnError(CollectionEventArgs) Method>, [Errno 2] No such file or directory: 'C:\\BrAutomation\\AS410\\Help-en\\Data\\automationnet/pviservices/classreference/br.an.pviservices~br.an.pviservices.taskclasscollection.onerror1.html'
UNABLE TO OPEN FILE: <C:\BrAutomation\AS410\Help-en\Data\automationnet/pviservices/classreference/br.an.pviservices~br.an.pviservices.taskcollection.item1.html> for TOC doc <Help/Communication/PVI Services/BR.AN Namespace/BR.AN.PviServices Namespace/TaskCollection Class/TaskCollectionProperties/TaskCollection.Item Property>, [Errno 2] No such file or directory: 'C:\\BrAutomation\\AS410\\Help-en\\Data\\automationnet/pviservices/classreference/br.an.pviservices~br.an.pviservices.taskcollection.item1.html'
UNABLE TO OPEN FILE: <C:\BrAutomation\AS410\Help-en\Data\automationnet/pviservices/classreference/br.an.pviservices~br.an.pviservices.taskcollection.synchronize.html> for TOC doc <Help/Communication/PVI Services/BR.AN Namespace/BR.AN.PviServices Namespace/TaskCollection Class/TaskCollectionProperties/Synchronize Property>, [Errno 2] No such file or directory: 'C:\\BrAutomation\\AS410\\Help-en\\Data\\automationnet/pviservices/classreference/br.an.pviservices~br.an.pviservices.taskcollection.synchronize.html'
UNABLE TO OPEN FILE: <C:\BrAutomation\AS410\Help-en\Data\automationnet/pviservices/classreference/br.an.pviservices~br.an.pviservices.taskcollection.add~overloads.html> for TOC doc <Help/Communication/PVI Services/BR.AN Namespace/BR.AN.PviServices Namespace/TaskCollection Class/TaskCollectionMethodsTaskCollection.Add Method>, [Errno 2] No such file or directory: 'C:\\BrAutomation\\AS410\\Help-en\\Data\\automationnet/pviservices/classreference/br.an.pviservices~br.an.pviservices.taskcollection.add~overloads.html'
UNABLE TO OPEN FILE: <C:\BrAutomation\AS410\Help-en\Data\automationnet/pviservices/classreference/br.an.pviservices~br.an.pviservices.taskcollection.connect~overloads.html> for TOC doc <Help/Communication/PVI Services/BR.AN Namespace/BR.AN.PviServices Namespace/TaskCollection Class/TaskCollectionMethodsTaskCollection.Connect Method>, [Errno 2] No such file or directory: 'C:\\BrAutomation\\AS410\\Help-en\\Data\\automationnet/pviservices/classreference/br.an.pviservices~br.an.pviservices.taskcollection.connect~overloads.html'
UNABLE TO OPEN FILE: <C:\BrAutomation\AS410\Help-en\Data\automationnet/pviservices/classreference/br.an.pviservices~br.an.pviservices.taskcollection.oncollectiondownloaded.html> for TOC doc <Help/Communication/PVI Services/BR.AN Namespace/BR.AN.PviServices Namespace/TaskCollection Class/TaskCollectionMethods/TaskCollection.OnCollectionDownloaded Method>, [Errno 2] No such file or directory: 'C:\\BrAutomation\\AS410\\Help-en\\Data\\automationnet/pviservices/classreference/br.an.pviservices~br.an.pviservices.taskcollection.oncollectiondownloaded.html'
UNABLE TO OPEN FILE: <C:\BrAutomation\AS410\Help-en\Data\automationnet/pviservices/classreference/br.an.pviservices~br.an.pviservices.taskcollection.oncollectiondownloadprogress.html> for TOC doc <Help/Communication/PVI Services/BR.AN Namespace/BR.AN.PviServices Namespace/TaskCollection Class/TaskCollectionMethods/TaskCollection.OnCollectionDownloadProgress Method>, [Errno 2] No such file or directory: 'C:\\BrAutomation\\AS410\\Help-en\\Data\\automationnet/pviservices/classreference/br.an.pviservices~br.an.pviservices.taskcollection.oncollectiondownloadprogress.html'
UNABLE TO OPEN FILE: <C:\BrAutomation\AS410\Help-en\Data\automationnet/pviservices/classreference/br.an.pviservices~br.an.pviservices.taskcollection.oncollectionuploaded.html> for TOC doc <Help/Communication/PVI Services/BR.AN Namespace/BR.AN.PviServices Namespace/TaskCollection Class/TaskCollectionMethods/TaskCollection.OnCollectionUploaded Method>, [Errno 2] No such file or directory: 'C:\\BrAutomation\\AS410\\Help-en\\Data\\automationnet/pviservices/classreference/br.an.pviservices~br.an.pviservices.taskcollection.oncollectionuploaded.html'
UNABLE TO OPEN FILE: <C:\BrAutomation\AS410\Help-en\Data\automationnet/pviservices/classreference/br.an.pviservices~br.an.pviservices.taskcollection.oncollectionuploadprogress.html> for TOC doc <Help/Communication/PVI Services/BR.AN Namespace/BR.AN.PviServices Namespace/TaskCollection Class/TaskCollectionMethods/TaskCollection.OnCollectionUploadProgress Method>, [Errno 2] No such file or directory: 'C:\\BrAutomation\\AS410\\Help-en\\Data\\automationnet/pviservices/classreference/br.an.pviservices~br.an.pviservices.taskcollection.oncollectionuploadprogress.html'
UNABLE TO OPEN FILE: <C:\BrAutomation\AS410\Help-en\Data\automationnet/pviservices/classreference/br.an.pviservices~br.an.pviservices.taskcollection.onconnected.html> for TOC doc <Help/Communication/PVI Services/BR.AN Namespace/BR.AN.PviServices Namespace/TaskCollection Class/TaskCollectionMethods/TaskCollection.OnConnected Method>, [Errno 2] No such file or directory: 'C:\\BrAutomation\\AS410\\Help-en\\Data\\automationnet/pviservices/classreference/br.an.pviservices~br.an.pviservices.taskcollection.onconnected.html'
UNABLE TO OPEN FILE: <C:\BrAutomation\AS410\Help-en\Data\automationnet/pviservices/classreference/br.an.pviservices~br.an.pviservices.taskcollection.ondisconnected~overloads.html> for TOC doc <Help/Communication/PVI Services/BR.AN Namespace/BR.AN.PviServices Namespace/TaskCollection Class/TaskCollectionMethodsTaskCollection.OnDisconnected Method>, [Errno 2] No such file or directory: 'C:\\BrAutomation\\AS410\\Help-en\\Data\\automationnet/pviservices/classreference/br.an.pviservices~br.an.pviservices.taskcollection.ondisconnected~overloads.html'
UNABLE TO OPEN FILE: <C:\BrAutomation\AS410\Help-en\Data\automationnet/pviservices/classreference/br.an.pviservices~br.an.pviservices.taskcollection.ondisconnected1.html> for TOC doc <Help/Communication/PVI Services/BR.AN Namespace/BR.AN.PviServices Namespace/TaskCollection Class/TaskCollectionMethods/TaskCollection.OnDisconnected Method/TaskCollection.OnDisconnected(Task, PviEventArgs) Method>, [Errno 2] No such file or directory: 'C:\\BrAutomation\\AS410\\Help-en\\Data\\automationnet/pviservices/classreference/br.an.pviservices~br.an.pviservices.taskcollection.ondisconnected1.html'
UNABLE TO OPEN FILE: <C:\BrAutomation\AS410\Help-en\Data\automationnet/pviservices/classreference/br.an.pviservices~br.an.pviservices.taskcollection.ondownloadprogress.html> for TOC doc <Help/Communication/PVI Services/BR.AN Namespace/BR.AN.PviServices Namespace/TaskCollection Class/TaskCollectionMethods/TaskCollection.OnDownloadProgress Method>, [Errno 2] No such file or directory: 'C:\\BrAutomation\\AS410\\Help-en\\Data\\automationnet/pviservices/classreference/br.an.pviservices~br.an.pviservices.taskcollection.ondownloadprogress.html'
UNABLE TO OPEN FILE: <C:\BrAutomation\AS410\Help-en\Data\automationnet/pviservices/classreference/br.an.pviservices~br.an.pviservices.taskcollection.onerror~overloads.html> for TOC doc <Help/Communication/PVI Services/BR.AN Namespace/BR.AN.PviServices Namespace/TaskCollection Class/TaskCollectionMethodsTaskCollection.OnError Method>, [Errno 2] No such file or directory: 'C:\\BrAutomation\\AS410\\Help-en\\Data\\automationnet/pviservices/classreference/br.an.pviservices~br.an.pviservices.taskcollection.onerror~overloads.html'
UNABLE TO OPEN FILE: <C:\BrAutomation\AS410\Help-en\Data\automationnet/pviservices/classreference/br.an.pviservices~br.an.pviservices.taskcollection.onerror2.html> for TOC doc <Help/Communication/PVI Services/BR.AN Namespace/BR.AN.PviServices Namespace/TaskCollection Class/TaskCollectionMethods/TaskCollection.OnError Method/TaskCollection.OnError(CollectionEventArgs) Method>, [Errno 2] No such file or directory: 'C:\\BrAutomation\\AS410\\Help-en\\Data\\automationnet/pviservices/classreference/br.an.pviservices~br.an.pviservices.taskcollection.onerror2.html'
UNABLE TO OPEN FILE: <C:\BrAutomation\AS410\Help-en\Data\automationnet/pviservices/classreference/br.an.pviservices~br.an.pviservices.taskcollection.onerror1.html> for TOC doc <Help/Communication/PVI Services/BR.AN Namespace/BR.AN.PviServices Namespace/TaskCollection Class/TaskCollectionMethods/TaskCollection.OnError Method/TaskCollection.OnError(Task, PviEventArgs) Method>, [Errno 2] No such file or directory: 'C:\\BrAutomation\\AS410\\Help-en\\Data\\automationnet/pviservices/classreference/br.an.pviservices~br.an.pviservices.taskcollection.onerror1.html'
UNABLE TO OPEN FILE: <C:\BrAutomation\AS410\Help-en\Data\automationnet/pviservices/classreference/br.an.pviservices~br.an.pviservices.taskcollection.onuploadprogress.html> for TOC doc <Help/Communication/PVI Services/BR.AN Namespace/BR.AN.PviServices Namespace/TaskCollection Class/TaskCollectionMethods/TaskCollection.OnUploadProgress Method>, [Errno 2] No such file or directory: 'C:\\BrAutomation\\AS410\\Help-en\\Data\\automationnet/pviservices/classreference/br.an.pviservices~br.an.pviservices.taskcollection.onuploadprogress.html'
UNABLE TO OPEN FILE: <C:\BrAutomation\AS410\Help-en\Data\automationnet/pviservices/classreference/br.an.pviservices~br.an.pviservices.tcpip.updatecpuparameters.html> for TOC doc <Help/Communication/PVI Services/BR.AN Namespace/BR.AN.PviServices Namespace/TcpIp Class/TcpIpMethods/TcpIp.UpdateCpuParameters Method>, [Errno 2] No such file or directory: 'C:\\BrAutomation\\AS410\\Help-en\\Data\\automationnet/pviservices/classreference/br.an.pviservices~br.an.pviservices.tcpip.updatecpuparameters.html'
UNABLE TO OPEN FILE: <C:\BrAutomation\AS410\Help-en\Data\automationnet/pviservices/classreference/br.an.pviservices~br.an.pviservices.tcpip.updatedeviceparameters.html> for TOC doc <Help/Communication/PVI Services/BR.AN Namespace/BR.AN.PviServices Namespace/TcpIp Class/TcpIpMethods/TcpIp.UpdateDeviceParameters Method>, [Errno 2] No such file or directory: 'C:\\BrAutomation\\AS410\\Help-en\\Data\\automationnet/pviservices/classreference/br.an.pviservices~br.an.pviservices.tcpip.updatedeviceparameters.html'
UNABLE TO OPEN FILE: <C:\BrAutomation\AS410\Help-en\Data\automationnet/pviservices/classreference/br.an.pviservices~br.an.pviservices.tcpipmodbus.updatecpuparameters.html> for TOC doc <Help/Communication/PVI Services/BR.AN Namespace/BR.AN.PviServices Namespace/TcpIpMODBUS Class/TcpIpMODBUSMethods/TcpIpMODBUS.UpdateCpuParameters Method>, [Errno 2] No such file or directory: 'C:\\BrAutomation\\AS410\\Help-en\\Data\\automationnet/pviservices/classreference/br.an.pviservices~br.an.pviservices.tcpipmodbus.updatecpuparameters.html'
UNABLE TO OPEN FILE: <C:\BrAutomation\AS410\Help-en\Data\automationnet/pviservices/classreference/br.an.pviservices~br.an.pviservices.tcpipmodbus.updatedeviceparameters.html> for TOC doc <Help/Communication/PVI Services/BR.AN Namespace/BR.AN.PviServices Namespace/TcpIpMODBUS Class/TcpIpMODBUSMethods/TcpIpMODBUS.UpdateDeviceParameters Method>, [Errno 2] No such file or directory: 'C:\\BrAutomation\\AS410\\Help-en\\Data\\automationnet/pviservices/classreference/br.an.pviservices~br.an.pviservices.tcpipmodbus.updatedeviceparameters.html'
UNABLE TO OPEN FILE: <C:\BrAutomation\AS410\Help-en\Data\automationnet/pviservices/classreference/br.an.pviservices~br.an.pviservices.utilities.geterrortextpcc.html> for TOC doc <Help/Communication/PVI Services/BR.AN Namespace/BR.AN.PviServices Namespace/Utilities Class/UtilitiesMethods/Utilities.GetErrorTextPCC Method>, [Errno 2] No such file or directory: 'C:\\BrAutomation\\AS410\\Help-en\\Data\\automationnet/pviservices/classreference/br.an.pviservices~br.an.pviservices.utilities.geterrortextpcc.html'
UNABLE TO OPEN FILE: <C:\BrAutomation\AS410\Help-en\Data\automationnet/pviservices/classreference/br.an.pviservices~br.an.pviservices.value.equals.html> for TOC doc <Help/Communication/PVI Services/BR.AN Namespace/BR.AN.PviServices Namespace/Value Class/ValueMethods/Equals Method>, [Errno 2] No such file or directory: 'C:\\BrAutomation\\AS410\\Help-en\\Data\\automationnet/pviservices/classreference/br.an.pviservices~br.an.pviservices.value.equals.html'
UNABLE TO OPEN FILE: <C:\BrAutomation\AS410\Help-en\Data\automationnet/pviservices/classreference/br.an.pviservices~br.an.pviservices.value.finalize.html> for TOC doc <Help/Communication/PVI Services/BR.AN Namespace/BR.AN.PviServices Namespace/Value Class/ValueMethods/Value.Finalize Method>, [Errno 2] No such file or directory: 'C:\\BrAutomation\\AS410\\Help-en\\Data\\automationnet/pviservices/classreference/br.an.pviservices~br.an.pviservices.value.finalize.html'
UNABLE TO OPEN FILE: <C:\BrAutomation\AS410\Help-en\Data\automationnet/pviservices/classreference/br.an.pviservices~br.an.pviservices.value.op_equality.html> for TOC doc <Help/Communication/PVI Services/BR.AN Namespace/BR.AN.PviServices Namespace/Value Class/Value         Operators and Type Conversions/Equality Operator>, [Errno 2] No such file or directory: 'C:\\BrAutomation\\AS410\\Help-en\\Data\\automationnet/pviservices/classreference/br.an.pviservices~br.an.pviservices.value.op_equality.html'
UNABLE TO OPEN FILE: <C:\BrAutomation\AS410\Help-en\Data\automationnet/pviservices/classreference/br.an.pviservices~br.an.pviservices.value.op_inequality.html> for TOC doc <Help/Communication/PVI Services/BR.AN Namespace/BR.AN.PviServices Namespace/Value Class/Value         Operators and Type Conversions/Inequality Operator>, [Errno 2] No such file or directory: 'C:\\BrAutomation\\AS410\\Help-en\\Data\\automationnet/pviservices/classreference/br.an.pviservices~br.an.pviservices.value.op_inequality.html'
UNABLE TO OPEN FILE: <C:\BrAutomation\AS410\Help-en\Data\automationnet/pviservices/classreference/br.an.pviservices~br.an.pviservices.variable~fields.html> for TOC doc <Help/Communication/PVI Services/BR.AN Namespace/BR.AN.PviServices Namespace/Variable ClassVariableFields>, [Errno 2] No such file or directory: 'C:\\BrAutomation\\AS410\\Help-en\\Data\\automationnet/pviservices/classreference/br.an.pviservices~br.an.pviservices.variable~fields.html'
UNABLE TO OPEN FILE: <C:\BrAutomation\AS410\Help-en\Data\automationnet/pviservices/classreference/br.an.pviservices~br.an.pviservices.variable.mapnametomember.html> for TOC doc <Help/Communication/PVI Services/BR.AN Namespace/BR.AN.PviServices Namespace/Variable Class/VariableFields/Variable.mapNameToMember Field>, [Errno 2] No such file or directory: 'C:\\BrAutomation\\AS410\\Help-en\\Data\\automationnet/pviservices/classreference/br.an.pviservices~br.an.pviservices.variable.mapnametomember.html'
UNABLE TO OPEN FILE: <C:\BrAutomation\AS410\Help-en\Data\automationnet/pviservices/classreference/br.an.pviservices~br.an.pviservices.variable.checkactiverequests.html> for TOC doc <Help/Communication/PVI Services/BR.AN Namespace/BR.AN.PviServices Namespace/Variable Class/VariableMethods/Variable.CheckActiveRequests Method>, [Errno 2] No such file or directory: 'C:\\BrAutomation\\AS410\\Help-en\\Data\\automationnet/pviservices/classreference/br.an.pviservices~br.an.pviservices.variable.checkactiverequests.html'
UNABLE TO OPEN FILE: <C:\BrAutomation\AS410\Help-en\Data\automationnet/pviservices/classreference/br.an.pviservices~br.an.pviservices.variable.deactivateinternal.html> for TOC doc <Help/Communication/PVI Services/BR.AN Namespace/BR.AN.PviServices Namespace/Variable Class/VariableMethods/Variable.DeactivateInternal Method>, [Errno 2] No such file or directory: 'C:\\BrAutomation\\AS410\\Help-en\\Data\\automationnet/pviservices/classreference/br.an.pviservices~br.an.pviservices.variable.deactivateinternal.html'
UNABLE TO OPEN FILE: <C:\BrAutomation\AS410\Help-en\Data\automationnet/pviservices/classreference/br.an.pviservices~br.an.pviservices.variable.getconnectiondescription.html> for TOC doc <Help/Communication/PVI Services/BR.AN Namespace/BR.AN.PviServices Namespace/Variable Class/VariableMethods/Variable.GetConnectionDescription Method>, [Errno 2] No such file or directory: 'C:\\BrAutomation\\AS410\\Help-en\\Data\\automationnet/pviservices/classreference/br.an.pviservices~br.an.pviservices.variable.getconnectiondescription.html'
UNABLE TO OPEN FILE: <C:\BrAutomation\AS410\Help-en\Data\automationnet/pviservices/classreference/br.an.pviservices~br.an.pviservices.variable.geteventmaskparameters.html> for TOC doc <Help/Communication/PVI Services/BR.AN Namespace/BR.AN.PviServices Namespace/Variable Class/VariableMethods/Variable.GetEventMaskParameters Method>, [Errno 2] No such file or directory: 'C:\\BrAutomation\\AS410\\Help-en\\Data\\automationnet/pviservices/classreference/br.an.pviservices~br.an.pviservices.variable.geteventmaskparameters.html'
UNABLE TO OPEN FILE: <C:\BrAutomation\AS410\Help-en\Data\automationnet/pviservices/classreference/br.an.pviservices~br.an.pviservices.variable.getlinkparameters.html> for TOC doc <Help/Communication/PVI Services/BR.AN Namespace/BR.AN.PviServices Namespace/Variable Class/VariableMethods/Variable.GetLinkParameters Method>, [Errno 2] No such file or directory: 'C:\\BrAutomation\\AS410\\Help-en\\Data\\automationnet/pviservices/classreference/br.an.pviservices~br.an.pviservices.variable.getlinkparameters.html'
UNABLE TO OPEN FILE: <C:\BrAutomation\AS410\Help-en\Data\automationnet/pviservices/classreference/br.an.pviservices~br.an.pviservices.variable.getobjectparameters.html> for TOC doc <Help/Communication/PVI Services/BR.AN Namespace/BR.AN.PviServices Namespace/Variable Class/VariableMethods/Variable.GetObjectParameters Method>, [Errno 2] No such file or directory: 'C:\\BrAutomation\\AS410\\Help-en\\Data\\automationnet/pviservices/classreference/br.an.pviservices~br.an.pviservices.variable.getobjectparameters.html'
UNABLE TO OPEN FILE: <C:\BrAutomation\AS410\Help-en\Data\automationnet/pviservices/classreference/br.an.pviservices~br.an.pviservices.variable.initialize.html> for TOC doc <Help/Communication/PVI Services/BR.AN Namespace/BR.AN.PviServices Namespace/Variable Class/VariableMethods/Variable.Initialize Method>, [Errno 2] No such file or directory: 'C:\\BrAutomation\\AS410\\Help-en\\Data\\automationnet/pviservices/classreference/br.an.pviservices~br.an.pviservices.variable.initialize.html'
UNABLE TO OPEN FILE: <C:\BrAutomation\AS410\Help-en\Data\automationnet/pviservices/classreference/br.an.pviservices~br.an.pviservices.variable.onactivated.html> for TOC doc <Help/Communication/PVI Services/BR.AN Namespace/BR.AN.PviServices Namespace/Variable Class/VariableMethods/Variable.OnActivated Method>, [Errno 2] No such file or directory: 'C:\\BrAutomation\\AS410\\Help-en\\Data\\automationnet/pviservices/classreference/br.an.pviservices~br.an.pviservices.variable.onactivated.html'
UNABLE TO OPEN FILE: <C:\BrAutomation\AS410\Help-en\Data\automationnet/pviservices/classreference/br.an.pviservices~br.an.pviservices.variable.onconnected.html> for TOC doc <Help/Communication/PVI Services/BR.AN Namespace/BR.AN.PviServices Namespace/Variable Class/VariableMethods/Variable.OnConnected Method>, [Errno 2] No such file or directory: 'C:\\BrAutomation\\AS410\\Help-en\\Data\\automationnet/pviservices/classreference/br.an.pviservices~br.an.pviservices.variable.onconnected.html'
UNABLE TO OPEN FILE: <C:\BrAutomation\AS410\Help-en\Data\automationnet/pviservices/classreference/br.an.pviservices~br.an.pviservices.variable.ondatavalidated.html> for TOC doc <Help/Communication/PVI Services/BR.AN Namespace/BR.AN.PviServices Namespace/Variable Class/VariableMethods/Variable.OnDataValidated Method>, [Errno 2] No such file or directory: 'C:\\BrAutomation\\AS410\\Help-en\\Data\\automationnet/pviservices/classreference/br.an.pviservices~br.an.pviservices.variable.ondatavalidated.html'
UNABLE TO OPEN FILE: <C:\BrAutomation\AS410\Help-en\Data\automationnet/pviservices/classreference/br.an.pviservices~br.an.pviservices.variable.ondeactivated.html> for TOC doc <Help/Communication/PVI Services/BR.AN Namespace/BR.AN.PviServices Namespace/Variable Class/VariableMethods/Variable.OnDeactivated Method>, [Errno 2] No such file or directory: 'C:\\BrAutomation\\AS410\\Help-en\\Data\\automationnet/pviservices/classreference/br.an.pviservices~br.an.pviservices.variable.ondeactivated.html'
UNABLE TO OPEN FILE: <C:\BrAutomation\AS410\Help-en\Data\automationnet/pviservices/classreference/br.an.pviservices~br.an.pviservices.variable.ondisconnected.html> for TOC doc <Help/Communication/PVI Services/BR.AN Namespace/BR.AN.PviServices Namespace/Variable Class/VariableMethods/Variable.OnDisconnected Method>, [Errno 2] No such file or directory: 'C:\\BrAutomation\\AS410\\Help-en\\Data\\automationnet/pviservices/classreference/br.an.pviservices~br.an.pviservices.variable.ondisconnected.html'
UNABLE TO OPEN FILE: <C:\BrAutomation\AS410\Help-en\Data\automationnet/pviservices/classreference/br.an.pviservices~br.an.pviservices.variable.onerror~overloads.html> for TOC doc <Help/Communication/PVI Services/BR.AN Namespace/BR.AN.PviServices Namespace/Variable Class/VariableMethodsVariable.OnError Method>, [Errno 2] No such file or directory: 'C:\\BrAutomation\\AS410\\Help-en\\Data\\automationnet/pviservices/classreference/br.an.pviservices~br.an.pviservices.variable.onerror~overloads.html'
UNABLE TO OPEN FILE: <C:\BrAutomation\AS410\Help-en\Data\automationnet/pviservices/classreference/br.an.pviservices~br.an.pviservices.variable.onerror1.html> for TOC doc <Help/Communication/PVI Services/BR.AN Namespace/BR.AN.PviServices Namespace/Variable Class/VariableMethods/Variable.OnError Method/Variable.OnError(PviEventArgs) Method>, [Errno 2] No such file or directory: 'C:\\BrAutomation\\AS410\\Help-en\\Data\\automationnet/pviservices/classreference/br.an.pviservices~br.an.pviservices.variable.onerror1.html'
UNABLE TO OPEN FILE: <C:\BrAutomation\AS410\Help-en\Data\automationnet/pviservices/classreference/br.an.pviservices~br.an.pviservices.variable.onextendedtypeinforead.html> for TOC doc <Help/Communication/PVI Services/BR.AN Namespace/BR.AN.PviServices Namespace/Variable Class/VariableMethods/Variable.OnExtendedTypeInfoRead Method>, [Errno 2] No such file or directory: 'C:\\BrAutomation\\AS410\\Help-en\\Data\\automationnet/pviservices/classreference/br.an.pviservices~br.an.pviservices.variable.onextendedtypeinforead.html'
UNABLE TO OPEN FILE: <C:\BrAutomation\AS410\Help-en\Data\automationnet/pviservices/classreference/br.an.pviservices~br.an.pviservices.variable.onforcedoff.html> for TOC doc <Help/Communication/PVI Services/BR.AN Namespace/BR.AN.PviServices Namespace/Variable Class/VariableMethods/Variable.OnForcedOff Method>, [Errno 2] No such file or directory: 'C:\\BrAutomation\\AS410\\Help-en\\Data\\automationnet/pviservices/classreference/br.an.pviservices~br.an.pviservices.variable.onforcedoff.html'
UNABLE TO OPEN FILE: <C:\BrAutomation\AS410\Help-en\Data\automationnet/pviservices/classreference/br.an.pviservices~br.an.pviservices.variable.onforcedon.html> for TOC doc <Help/Communication/PVI Services/BR.AN Namespace/BR.AN.PviServices Namespace/Variable Class/VariableMethods/Variable.OnForcedOn Method>, [Errno 2] No such file or directory: 'C:\\BrAutomation\\AS410\\Help-en\\Data\\automationnet/pviservices/classreference/br.an.pviservices~br.an.pviservices.variable.onforcedon.html'
UNABLE TO OPEN FILE: <C:\BrAutomation\AS410\Help-en\Data\automationnet/pviservices/classreference/br.an.pviservices~br.an.pviservices.variable.onpropertychanged.html> for TOC doc <Help/Communication/PVI Services/BR.AN Namespace/BR.AN.PviServices Namespace/Variable Class/VariableMethods/Variable.OnPropertyChanged Method>, [Errno 2] No such file or directory: 'C:\\BrAutomation\\AS410\\Help-en\\Data\\automationnet/pviservices/classreference/br.an.pviservices~br.an.pviservices.variable.onpropertychanged.html'
UNABLE TO OPEN FILE: <C:\BrAutomation\AS410\Help-en\Data\automationnet/pviservices/classreference/br.an.pviservices~br.an.pviservices.variable.onuploaded.html> for TOC doc <Help/Communication/PVI Services/BR.AN Namespace/BR.AN.PviServices Namespace/Variable Class/VariableMethods/Variable.OnUploaded Method>, [Errno 2] No such file or directory: 'C:\\BrAutomation\\AS410\\Help-en\\Data\\automationnet/pviservices/classreference/br.an.pviservices~br.an.pviservices.variable.onuploaded.html'
UNABLE TO OPEN FILE: <C:\BrAutomation\AS410\Help-en\Data\automationnet/pviservices/classreference/br.an.pviservices~br.an.pviservices.variable.onvaluechanged.html> for TOC doc <Help/Communication/PVI Services/BR.AN Namespace/BR.AN.PviServices Namespace/Variable Class/VariableMethods/Variable.OnValueChanged Method>, [Errno 2] No such file or directory: 'C:\\BrAutomation\\AS410\\Help-en\\Data\\automationnet/pviservices/classreference/br.an.pviservices~br.an.pviservices.variable.onvaluechanged.html'
UNABLE TO OPEN FILE: <C:\BrAutomation\AS410\Help-en\Data\automationnet/pviservices/classreference/br.an.pviservices~br.an.pviservices.variable.onvalueread.html> for TOC doc <Help/Communication/PVI Services/BR.AN Namespace/BR.AN.PviServices Namespace/Variable Class/VariableMethods/Variable.OnValueRead Method>, [Errno 2] No such file or directory: 'C:\\BrAutomation\\AS410\\Help-en\\Data\\automationnet/pviservices/classreference/br.an.pviservices~br.an.pviservices.variable.onvalueread.html'
UNABLE TO OPEN FILE: <C:\BrAutomation\AS410\Help-en\Data\automationnet/pviservices/classreference/br.an.pviservices~br.an.pviservices.variable.onvaluewritten.html> for TOC doc <Help/Communication/PVI Services/BR.AN Namespace/BR.AN.PviServices Namespace/Variable Class/VariableMethods/Variable.OnValueWritten Method>, [Errno 2] No such file or directory: 'C:\\BrAutomation\\AS410\\Help-en\\Data\\automationnet/pviservices/classreference/br.an.pviservices~br.an.pviservices.variable.onvaluewritten.html'
UNABLE TO OPEN FILE: <C:\BrAutomation\AS410\Help-en\Data\automationnet/pviservices/classreference/br.an.pviservices~br.an.pviservices.variable.updatedstructvalue.html> for TOC doc <Help/Communication/PVI Services/BR.AN Namespace/BR.AN.PviServices Namespace/Variable Class/VariableMethods/Variable.UpdatedStructValue Method>, [Errno 2] No such file or directory: 'C:\\BrAutomation\\AS410\\Help-en\\Data\\automationnet/pviservices/classreference/br.an.pviservices~br.an.pviservices.variable.updatedstructvalue.html'
UNABLE TO OPEN FILE: <C:\BrAutomation\AS410\Help-en\Data\automationnet/pviservices/classreference/br.an.pviservices~br.an.pviservices.variable.updatevaluedata.html> for TOC doc <Help/Communication/PVI Services/BR.AN Namespace/BR.AN.PviServices Namespace/Variable Class/VariableMethods/Variable.UpdateValueData Method>, [Errno 2] No such file or directory: 'C:\\BrAutomation\\AS410\\Help-en\\Data\\automationnet/pviservices/classreference/br.an.pviservices~br.an.pviservices.variable.updatevaluedata.html'
UNABLE TO OPEN FILE: <C:\BrAutomation\AS410\Help-en\Data\automationnet/pviservices/classreference/br.an.pviservices~br.an.pviservices.variable.updatingstructvalue.html> for TOC doc <Help/Communication/PVI Services/BR.AN Namespace/BR.AN.PviServices Namespace/Variable Class/VariableMethods/Variable.UpdatingStructValue Method>, [Errno 2] No such file or directory: 'C:\\BrAutomation\\AS410\\Help-en\\Data\\automationnet/pviservices/classreference/br.an.pviservices~br.an.pviservices.variable.updatingstructvalue.html'
UNABLE TO OPEN FILE: <C:\BrAutomation\AS410\Help-en\Data\automationnet/pviservices/classreference/br.an.pviservices~br.an.pviservices.variablecollection.item1.html> for TOC doc <Help/Communication/PVI Services/BR.AN Namespace/BR.AN.PviServices Namespace/VariableCollection Class/VariableCollectionProperties/VariableCollection.Item Property>, [Errno 2] No such file or directory: 'C:\\BrAutomation\\AS410\\Help-en\\Data\\automationnet/pviservices/classreference/br.an.pviservices~br.an.pviservices.variablecollection.item1.html'
UNABLE TO OPEN FILE: <C:\BrAutomation\AS410\Help-en\Data\automationnet/pviservices/classreference/br.an.pviservices~br.an.pviservices.variablecollection.connect~overloads.html> for TOC doc <Help/Communication/PVI Services/BR.AN Namespace/BR.AN.PviServices Namespace/VariableCollection Class/VariableCollectionMethodsVariableCollection.Connect Method>, [Errno 2] No such file or directory: 'C:\\BrAutomation\\AS410\\Help-en\\Data\\automationnet/pviservices/classreference/br.an.pviservices~br.an.pviservices.variablecollection.connect~overloads.html'
UNABLE TO OPEN FILE: <C:\BrAutomation\AS410\Help-en\Data\automationnet/pviservices/classreference/br.an.pviservices~br.an.pviservices.variablecollection.onactivated.html> for TOC doc <Help/Communication/PVI Services/BR.AN Namespace/BR.AN.PviServices Namespace/VariableCollection Class/VariableCollectionMethods/VariableCollection.OnActivated Method>, [Errno 2] No such file or directory: 'C:\\BrAutomation\\AS410\\Help-en\\Data\\automationnet/pviservices/classreference/br.an.pviservices~br.an.pviservices.variablecollection.onactivated.html'
UNABLE TO OPEN FILE: <C:\BrAutomation\AS410\Help-en\Data\automationnet/pviservices/classreference/br.an.pviservices~br.an.pviservices.variablecollection.oncollectionactivated.html> for TOC doc <Help/Communication/PVI Services/BR.AN Namespace/BR.AN.PviServices Namespace/VariableCollection Class/VariableCollectionMethods/VariableCollection.OnCollectionActivated Method>, [Errno 2] No such file or directory: 'C:\\BrAutomation\\AS410\\Help-en\\Data\\automationnet/pviservices/classreference/br.an.pviservices~br.an.pviservices.variablecollection.oncollectionactivated.html'
UNABLE TO OPEN FILE: <C:\BrAutomation\AS410\Help-en\Data\automationnet/pviservices/classreference/br.an.pviservices~br.an.pviservices.variablecollection.oncollectiondatavalidated.html> for TOC doc <Help/Communication/PVI Services/BR.AN Namespace/BR.AN.PviServices Namespace/VariableCollection Class/VariableCollectionMethods/VariableCollection.OnCollectionDataValidated Method>, [Errno 2] No such file or directory: 'C:\\BrAutomation\\AS410\\Help-en\\Data\\automationnet/pviservices/classreference/br.an.pviservices~br.an.pviservices.variablecollection.oncollectiondatavalidated.html'
UNABLE TO OPEN FILE: <C:\BrAutomation\AS410\Help-en\Data\automationnet/pviservices/classreference/br.an.pviservices~br.an.pviservices.variablecollection.oncollectiondeactivated.html> for TOC doc <Help/Communication/PVI Services/BR.AN Namespace/BR.AN.PviServices Namespace/VariableCollection Class/VariableCollectionMethods/VariableCollection.OnCollectionDeactivated Method>, [Errno 2] No such file or directory: 'C:\\BrAutomation\\AS410\\Help-en\\Data\\automationnet/pviservices/classreference/br.an.pviservices~br.an.pviservices.variablecollection.oncollectiondeactivated.html'
UNABLE TO OPEN FILE: <C:\BrAutomation\AS410\Help-en\Data\automationnet/pviservices/classreference/br.an.pviservices~br.an.pviservices.variablecollection.oncollectionpropertychanged.html> for TOC doc <Help/Communication/PVI Services/BR.AN Namespace/BR.AN.PviServices Namespace/VariableCollection Class/VariableCollectionMethods/VariableCollection.OnCollectionPropertyChanged Method>, [Errno 2] No such file or directory: 'C:\\BrAutomation\\AS410\\Help-en\\Data\\automationnet/pviservices/classreference/br.an.pviservices~br.an.pviservices.variablecollection.oncollectionpropertychanged.html'
UNABLE TO OPEN FILE: <C:\BrAutomation\AS410\Help-en\Data\automationnet/pviservices/classreference/br.an.pviservices~br.an.pviservices.variablecollection.oncollectionvaluesread.html> for TOC doc <Help/Communication/PVI Services/BR.AN Namespace/BR.AN.PviServices Namespace/VariableCollection Class/VariableCollectionMethods/VariableCollection.OnCollectionValuesRead Method>, [Errno 2] No such file or directory: 'C:\\BrAutomation\\AS410\\Help-en\\Data\\automationnet/pviservices/classreference/br.an.pviservices~br.an.pviservices.variablecollection.oncollectionvaluesread.html'
UNABLE TO OPEN FILE: <C:\BrAutomation\AS410\Help-en\Data\automationnet/pviservices/classreference/br.an.pviservices~br.an.pviservices.variablecollection.oncollectionvalueswritten.html> for TOC doc <Help/Communication/PVI Services/BR.AN Namespace/BR.AN.PviServices Namespace/VariableCollection Class/VariableCollectionMethods/VariableCollection.OnCollectionValuesWritten Method>, [Errno 2] No such file or directory: 'C:\\BrAutomation\\AS410\\Help-en\\Data\\automationnet/pviservices/classreference/br.an.pviservices~br.an.pviservices.variablecollection.oncollectionvalueswritten.html'
UNABLE TO OPEN FILE: <C:\BrAutomation\AS410\Help-en\Data\automationnet/pviservices/classreference/br.an.pviservices~br.an.pviservices.variablecollection.onconnected~overloads.html> for TOC doc <Help/Communication/PVI Services/BR.AN Namespace/BR.AN.PviServices Namespace/VariableCollection Class/VariableCollectionMethodsVariableCollection.OnConnected Method>, [Errno 2] No such file or directory: 'C:\\BrAutomation\\AS410\\Help-en\\Data\\automationnet/pviservices/classreference/br.an.pviservices~br.an.pviservices.variablecollection.onconnected~overloads.html'
UNABLE TO OPEN FILE: <C:\BrAutomation\AS410\Help-en\Data\automationnet/pviservices/classreference/br.an.pviservices~br.an.pviservices.variablecollection.onconnected1.html> for TOC doc <Help/Communication/PVI Services/BR.AN Namespace/BR.AN.PviServices Namespace/VariableCollection Class/VariableCollectionMethods/VariableCollection.OnConnected Method/VariableCollection.OnConnected(Variable, PviEventArgs) Method>, [Errno 2] No such file or directory: 'C:\\BrAutomation\\AS410\\Help-en\\Data\\automationnet/pviservices/classreference/br.an.pviservices~br.an.pviservices.variablecollection.onconnected1.html'
UNABLE TO OPEN FILE: <C:\BrAutomation\AS410\Help-en\Data\automationnet/pviservices/classreference/br.an.pviservices~br.an.pviservices.variablecollection.ondatavalidated.html> for TOC doc <Help/Communication/PVI Services/BR.AN Namespace/BR.AN.PviServices Namespace/VariableCollection Class/VariableCollectionMethods/VariableCollection.OnDataValidated Method>, [Errno 2] No such file or directory: 'C:\\BrAutomation\\AS410\\Help-en\\Data\\automationnet/pviservices/classreference/br.an.pviservices~br.an.pviservices.variablecollection.ondatavalidated.html'
UNABLE TO OPEN FILE: <C:\BrAutomation\AS410\Help-en\Data\automationnet/pviservices/classreference/br.an.pviservices~br.an.pviservices.variablecollection.ondeactivated.html> for TOC doc <Help/Communication/PVI Services/BR.AN Namespace/BR.AN.PviServices Namespace/VariableCollection Class/VariableCollectionMethods/VariableCollection.OnDeactivated Method>, [Errno 2] No such file or directory: 'C:\\BrAutomation\\AS410\\Help-en\\Data\\automationnet/pviservices/classreference/br.an.pviservices~br.an.pviservices.variablecollection.ondeactivated.html'
UNABLE TO OPEN FILE: <C:\BrAutomation\AS410\Help-en\Data\automationnet/pviservices/classreference/br.an.pviservices~br.an.pviservices.variablecollection.ondisconnected~overloads.html> for TOC doc <Help/Communication/PVI Services/BR.AN Namespace/BR.AN.PviServices Namespace/VariableCollection Class/VariableCollectionMethodsVariableCollection.OnDisconnected Method>, [Errno 2] No such file or directory: 'C:\\BrAutomation\\AS410\\Help-en\\Data\\automationnet/pviservices/classreference/br.an.pviservices~br.an.pviservices.variablecollection.ondisconnected~overloads.html'
UNABLE TO OPEN FILE: <C:\BrAutomation\AS410\Help-en\Data\automationnet/pviservices/classreference/br.an.pviservices~br.an.pviservices.variablecollection.ondisconnected1.html> for TOC doc <Help/Communication/PVI Services/BR.AN Namespace/BR.AN.PviServices Namespace/VariableCollection Class/VariableCollectionMethods/VariableCollection.OnDisconnected Method/VariableCollection.OnDisconnected(Variable, PviEventArgs) Method>, [Errno 2] No such file or directory: 'C:\\BrAutomation\\AS410\\Help-en\\Data\\automationnet/pviservices/classreference/br.an.pviservices~br.an.pviservices.variablecollection.ondisconnected1.html'
UNABLE TO OPEN FILE: <C:\BrAutomation\AS410\Help-en\Data\automationnet/pviservices/classreference/br.an.pviservices~br.an.pviservices.variablecollection.onerror~overloads.html> for TOC doc <Help/Communication/PVI Services/BR.AN Namespace/BR.AN.PviServices Namespace/VariableCollection Class/VariableCollectionMethodsVariableCollection.OnError Method>, [Errno 2] No such file or directory: 'C:\\BrAutomation\\AS410\\Help-en\\Data\\automationnet/pviservices/classreference/br.an.pviservices~br.an.pviservices.variablecollection.onerror~overloads.html'
UNABLE TO OPEN FILE: <C:\BrAutomation\AS410\Help-en\Data\automationnet/pviservices/classreference/br.an.pviservices~br.an.pviservices.variablecollection.onerror1.html> for TOC doc <Help/Communication/PVI Services/BR.AN Namespace/BR.AN.PviServices Namespace/VariableCollection Class/VariableCollectionMethods/VariableCollection.OnError Method/VariableCollection.OnError(Variable, PviEventArgs) Method>, [Errno 2] No such file or directory: 'C:\\BrAutomation\\AS410\\Help-en\\Data\\automationnet/pviservices/classreference/br.an.pviservices~br.an.pviservices.variablecollection.onerror1.html'
UNABLE TO OPEN FILE: <C:\BrAutomation\AS410\Help-en\Data\automationnet/pviservices/classreference/br.an.pviservices~br.an.pviservices.variablecollection.onpropertychanged.html> for TOC doc <Help/Communication/PVI Services/BR.AN Namespace/BR.AN.PviServices Namespace/VariableCollection Class/VariableCollectionMethods/VariableCollection.OnPropertyChanged Method>, [Errno 2] No such file or directory: 'C:\\BrAutomation\\AS410\\Help-en\\Data\\automationnet/pviservices/classreference/br.an.pviservices~br.an.pviservices.variablecollection.onpropertychanged.html'
UNABLE TO OPEN FILE: <C:\BrAutomation\AS410\Help-en\Data\automationnet/pviservices/classreference/br.an.pviservices~br.an.pviservices.variablecollection.onvaluechanged.html> for TOC doc <Help/Communication/PVI Services/BR.AN Namespace/BR.AN.PviServices Namespace/VariableCollection Class/VariableCollectionMethods/VariableCollection.OnValueChanged Method>, [Errno 2] No such file or directory: 'C:\\BrAutomation\\AS410\\Help-en\\Data\\automationnet/pviservices/classreference/br.an.pviservices~br.an.pviservices.variablecollection.onvaluechanged.html'
UNABLE TO OPEN FILE: <C:\BrAutomation\AS410\Help-en\Data\automationnet/pviservices/classreference/br.an.pviservices~br.an.pviservices.variablecollection.onvalueread.html> for TOC doc <Help/Communication/PVI Services/BR.AN Namespace/BR.AN.PviServices Namespace/VariableCollection Class/VariableCollectionMethods/VariableCollection.OnValueRead Method>, [Errno 2] No such file or directory: 'C:\\BrAutomation\\AS410\\Help-en\\Data\\automationnet/pviservices/classreference/br.an.pviservices~br.an.pviservices.variablecollection.onvalueread.html'
UNABLE TO OPEN FILE: <C:\BrAutomation\AS410\Help-en\Data\automationnet/pviservices/classreference/br.an.pviservices~br.an.pviservices.variablecollection.onvaluewritten.html> for TOC doc <Help/Communication/PVI Services/BR.AN Namespace/BR.AN.PviServices Namespace/VariableCollection Class/VariableCollectionMethods/VariableCollection.OnValueWritten Method>, [Errno 2] No such file or directory: 'C:\\BrAutomation\\AS410\\Help-en\\Data\\automationnet/pviservices/classreference/br.an.pviservices~br.an.pviservices.variablecollection.onvaluewritten.html'
UNABLE TO OPEN FILE: <C:\BrAutomation\AS410\Help-en\Data\automationruntime/operationmethode/moduledatasec/moduledatasec.html> for TOC doc <Help/Real-time operating system/Method of operationModule/Data security>, [Errno 2] No such file or directory: 'C:\\BrAutomation\\AS410\\Help-en\\Data\\automationruntime/operationmethode/moduledatasec/moduledatasec.html'
